ets Jun  8 2016 00:22:57

rst:0x1 (POWERON_RESET),boot:0x13 (SPI_FAST_FLASH_BOOT)
configsip: 0, SPIWP:0xee
clk_drv:0x00,q_drv:0x00,d_drv:0x00,cs0_drv:0x00,hd_drv:0x00,wp_drv:0x00
mode:DIO, clock div:2
load:0x3fff0030,len:7172
load:0x40078000,len:15532
load:0x40080400,len:4
load:0x40080404,len:3904
entry 0x40080640
[0;32mI (29) boot: ESP-IDF v5.2 2nd stage bootloader[0m
[0;32mI (29) boot: compile time Apr  8 2024 18:18:03[0m
[0;32mI (29) boot: Multicore bootloader[0m
[0;32mI (33) boot: chip revision: v1.0[0m
[0;32mI (37) boot.esp32: SPI Speed      : 40MHz[0m
[0;32mI (42) boot.esp32: SPI Mode       : DIO[0m
[0;32mI (46) boot.esp32: SPI Flash Size : 2MB[0m
[0;32mI (51) boot: Enabling RNG early entropy source...[0m
[0;32mI (56) boot: Partition Table:[0m
[0;32mI (60) boot: ## Label            Usage          Type ST Offset   Length[0m
[0;32mI (67) boot:  0 nvs              WiFi data        01 02 00009000 00006000[0m
[0;32mI (75) boot:  1 phy_init         RF data          01 01 0000f000 00001000[0m
[0;32mI (82) boot:  2 factory          factory app      00 00 00010000 00100000[0m
[0;32mI (90) boot: End of partition table[0m
[0;32mI (94) esp_image: segment 0: paddr=00010020 vaddr=3f400020 size=25c6ch (154732) map[0m
[0;32mI (155) esp_image: segment 1: paddr=00035c94 vaddr=3ffbdb60 size=04a54h ( 19028) load[0m
[0;32mI (162) esp_image: segment 2: paddr=0003a6f0 vaddr=40080000 size=05928h ( 22824) load[0m
[0;32mI (172) esp_image: segment 3: paddr=00040020 vaddr=400d0020 size=8cef0h (577264) map[0m
[0;32mI (370) esp_image: segment 4: paddr=000ccf18 vaddr=40085928 size=1378ch ( 79756) load[0m
[0;32mI (414) boot: Loaded app from partition at offset 0x10000[0m
[0;32mI (414) boot: Disabling RNG early entropy source...[0m
[0;32mI (425) cpu_start: Multicore app[0m
[0;32mI (434) cpu_start: Pro cpu start user code[0m
[0;32mI (434) cpu_start: cpu freq: 160000000 Hz[0m
[0;32mI (434) cpu_start: Application information:[0m
[0;32mI (437) cpu_start: Project name:     ils3000-arduino[0m
[0;32mI (443) cpu_start: App version:      7108813-dirty[0m
[0;32mI (448) cpu_start: Compile time:     Apr  8 2024 18:18:01[0m
[0;32mI (455) cpu_start: ELF file SHA256:  9be85c7fd...[0m
[0;32mI (460) cpu_start: ESP-IDF:          v5.2[0m
[0;32mI (465) cpu_start: Min chip rev:     v0.0[0m
[0;32mI (469) cpu_start: Max chip rev:     v3.99 [0m
[0;32mI (474) cpu_start: Chip rev:         v1.0[0m
[0;32mI (479) heap_init: Initializing. RAM available for dynamic allocation:[0m
[0;32mI (486) heap_init: At 3FFAFF10 len 000000F0 (0 KiB): DRAM[0m
[0;32mI (492) heap_init: At 3FFB6388 len 00001C78 (7 KiB): DRAM[0m
[0;32mI (498) heap_init: At 3FFB9A20 len 00004108 (16 KiB): DRAM[0m
[0;32mI (504) heap_init: At 3FFC3F90 len 0001C070 (112 KiB): DRAM[0m
[0;32mI (511) heap_init: At 3FFE0440 len 00003AE0 (14 KiB): D/IRAM[0m
[0;32mI (517) heap_init: At 3FFE4350 len 0001BCB0 (111 KiB): D/IRAM[0m
[0;32mI (523) heap_init: At 400990B4 len 00006F4C (27 KiB): IRAM[0m
[0;32mI (531) spi_flash: detected chip: generic[0m
[0;32mI (534) spi_flash: flash io: dio[0m
[0;33mW (538) spi_flash: Detected size(4096k) larger than the size in the binary image header(2048k). Using the size in the binary image header.[0m
[0;32mI (552) coexist: coex firmware version: 77cd7f8[0m
[0;32mI (557) main_task: Started on CPU0[0m
[0;32mI (567) main_task: Calling app_main()[0m
[0;32mI (567) ils3000-arduino.main: **** ILS3000 ARDUINO CONTROLLER (0.1-beta)****[0m
[0;32mI (567) ils3000-arduino.main: Following GPIO ports will be used:[0m
[0;32mI (577) ils3000-arduino.main: GPIO_PORT_CHARGE_RELAY: 5[0m
[0;32mI (577) ils3000-arduino.main: GPIO_PORT_VENTILATOR_RELAY: 6[0m
[0;32mI (587) ils3000-arduino.main: GPIO_PORT_THERMOSTAT: 7[0m
[0;32mI (637) BTDM_INIT: BT controller compile version [a38dc5c][0m
[0;32mI (637) BTDM_INIT: Bluetooth MAC: b4:e6:2d:fa:bd:0f[0m
[0;32mI (637) phy_init: phy_version 4791,2c4672b,Dec 20 2023,16:06:06[0m
[0;32mI (1087) ils3000-arduino.main: reg.app_id=0[0m
[0;32mI (1087) ils3000-arduino.main: REGISTER_APP_EVT, status 0, app_id 0[0m
Guru Meditation Error: Core  0 panic'ed (LoadStoreError). Exception was unhandled.

Core  0 register dump:
PC      : 0x4000c2af  PS      : 0x00060130  A0      : 0x800d7404  A1      : 0x3ffc8320  
A2      : 0x3ffbde3a  A3      : 0x400d73b8  A4      : 0x00000010  A5      : 0x3ffbde3a  
A6      : 0x3f40316c  A7      : 0x00000000  A8      : 0x80097010  A9      : 0x3ffc82b0  
A10     : 0x00000003  A11     : 0x3f40316c  A12     : 0x3f403374  A13     : 0x3ffc8310  
A14     : 0x3ffc82f0  A15     : 0x0000000c  SAR     : 0x00000004  EXCCAUSE: 0x00000003  
EXCVADDR: 0x400d73b8  LBEG    : 0x400014fd  LEND    : 0x4000150d  LCOUNT  : 0xfffffffa  


Backtrace: 0x4000c2ac:0x3ffc8320 0x400d7401:0x3ffc8330 0x400d729a:0x3ffc8370 0x400db132:0x3ffc83a0 0x400dbb1e:0x3ffc83c0 0x40105915:0x3ffc8410 0x401096eb:0x3ffc8430 0x40092071:0x3ffc8460




ELF file SHA256: 9be85c7fd

Rebooting...
ets Jun  8 2016 00:22:57

rst:0xc (SW_CPU_RESET),boot:0x13 (SPI_FAST_FLASH_BOOT)
configsip: 0, SPIWP:0xee
clk_drv:0x00,q_drv:0x00,d_drv:0x00,cs0_drv:0x00,hd_drv:0x00,wp_drv:0x00
mode:DIO, clock div:2
load:0x3fff0030,len:7172
load:0x40078000,len:15532
load:0x40080400,len:4
load:0x40080404,len:3904
entry 0x40080640
[0;32mI (29) boot: ESP-IDF v5.2 2nd stage bootloader[0m
[0;32mI (29) boot: compile time Apr  8 2024 18:18:03[0m
[0;32mI (29) boot: Multicore bootloader[0m
[0;32mI (33) boot: chip revision: v1.0[0m
[0;32mI (37) boot.esp32: SPI Speed      : 40MHz[0m
[0;32mI (42) boot.esp32: SPI Mode       : DIO[0m
[0;32mI (46) boot.esp32: SPI Flash Size : 2MB[0m
[0;32mI (51) boot: Enabling RNG early entropy source...[0m
[0;32mI (56) boot: Partition Table:[0m
[0;32mI (60) boot: ## Label            Usage          Type ST Offset   Length[0m
[0;32mI (67) boot:  0 nvs              WiFi data        01 02 00009000 00006000[0m
[0;32mI (74) boot:  1 phy_init         RF data          01 01 0000f000 00001000[0m
[0;32mI (82) boot:  2 factory          factory app      00 00 00010000 00100000[0m
[0;32mI (89) boot: End of partition table[0m
[0;32mI (94) esp_image: segment 0: paddr=00010020 vaddr=3f400020 size=25c6ch (154732) map[0m
[0;32mI (155) esp_image: segment 1: paddr=00035c94 vaddr=3ffbdb60 size=04a54h ( 19028) load[0m
[0;32mI (162) esp_image: segment 2: paddr=0003a6f0 vaddr=40080000 size=05928h ( 22824) load[0m
[0;32mI (172) esp_image: segment 3: paddr=00040020 vaddr=400d0020 size=8cef0h (577264) map[0m
[0;32mI (370) esp_image: segment 4: paddr=000ccf18 vaddr=40085928 size=1378ch ( 79756) load[0m
[0;32mI (414) boot: Loaded app from partition at offset 0x10000[0m
[0;32mI (414) boot: Disabling RNG early entropy source...[0m
[0;32mI (425) cpu_start: Multicore app[0m
[0;32mI (434) cpu_start: Pro cpu start user code[0m
[0;32mI (434) cpu_start: cpu freq: 160000000 Hz[0m
[0;32mI (434) cpu_start: Application information:[0m
[0;32mI (437) cpu_start: Project name:     ils3000-arduino[0m
[0;32mI (443) cpu_start: App version:      7108813-dirty[0m
[0;32mI (448) cpu_start: Compile time:     Apr  8 2024 18:18:01[0m
[0;32mI (454) cpu_start: ELF file SHA256:  9be85c7fd...[0m
[0;32mI (460) cpu_start: ESP-IDF:          v5.2[0m
[0;32mI (464) cpu_start: Min chip rev:     v0.0[0m
[0;32mI (469) cpu_start: Max chip rev:     v3.99 [0m
[0;32mI (474) cpu_start: Chip rev:         v1.0[0m
[0;32mI (479) heap_init: Initializing. RAM available for dynamic allocation:[0m
[0;32mI (486) heap_init: At 3FFAFF10 len 000000F0 (0 KiB): DRAM[0m
[0;32mI (492) heap_init: At 3FFB6388 len 00001C78 (7 KiB): DRAM[0m
[0;32mI (498) heap_init: At 3FFB9A20 len 00004108 (16 KiB): DRAM[0m
[0;32mI (504) heap_init: At 3FFC3F90 len 0001C070 (112 KiB): DRAM[0m
[0;32mI (511) heap_init: At 3FFE0440 len 00003AE0 (14 KiB): D/IRAM[0m
[0;32mI (517) heap_init: At 3FFE4350 len 0001BCB0 (111 KiB): D/IRAM[0m
[0;32mI (523) heap_init: At 400990B4 len 00006F4C (27 KiB): IRAM[0m
[0;32mI (531) spi_flash: detected chip: generic[0m
[0;32mI (534) spi_flash: flash io: dio[0m
[0;33mW (538) spi_flash: Detected size(4096k) larger than the size in the binary image header(2048k). Using the size in the binary image header.[0m
[0;32mI (552) coexist: coex firmware version: 77cd7f8[0m
[0;32mI (557) main_task: Started on CPU0[0m
[0;32mI (567) main_task: Calling app_main()[0m
[0;32mI (567) ils3000-arduino.main: **** ILS3000 ARDUINO CONTROLLER (0.1-beta)****[0m
[0;32mI (567) ils3000-arduino.main: Following GPIO ports will be used:[0m
[0;32mI (577) ils3000-arduino.main: GPIO_PORT_CHARGE_RELAY: 5[0m
[0;32mI (577) ils3000-arduino.main: GPIO_PORT_VENTILATOR_RELAY: 6[0m
[0;32mI (587) ils3000-arduino.main: GPIO_PORT_THERMOSTAT: 7[0m
[0;32mI (637) BTDM_INIT: BT controller compile version [a38dc5c][0m
[0;32mI (637) BTDM_INIT: Bluetooth MAC: b4:e6:2d:fa:bd:0f[0m
[0;32mI (637) phy_init: phy_version 4791,2c4672b,Dec 20 2023,16:06:06[0m
[0;32mI (1087) ils3000-arduino.main: reg.app_id=0[0m
[0;32mI (1087) ils3000-arduino.main: REGISTER_APP_EVT, status 0, app_id 0[0m
Guru Meditation Error: Core  0 panic'ed (LoadStoreError). Exception was unhandled.

Core  0 register dump:
PC      : 0x4000c2af  PS      : 0x00060130  A0      : 0x800d7404  A1      : 0x3ffc8320  
A2      : 0x3ffbde3a  A3      : 0x400d73b8  A4      : 0x00000010  A5      : 0x3ffbde3a  
A6      : 0x3f40316c  A7      : 0x00000000  A8      : 0x80097010  A9      : 0x3ffc82b0  
A10     : 0x00000003  A11     : 0x3f40316c  A12     : 0x3f403374  A13     : 0x3ffc8310  
A14     : 0x3ffc82f0  A15     : 0x0000000c  SAR     : 0x00000004  EXCCAUSE: 0x00000003  
EXCVADDR: 0x400d73b8  LBEG    : 0x400014fd  LEND    : 0x4000150d  LCOUNT  : 0xfffffffa  


Backtrace: 0x4000c2ac:0x3ffc8320 0x400d7401:0x3ffc8330 0x400d729a:0x3ffc8370 0x400db132:0x3ffc83a0 0x400dbb1e:0x3ffc83c0 0x40105915:0x3ffc8410 0x401096eb:0x3ffc8430 0x40092071:0x3ffc8460




ELF file SHA256: 9be85c7fd

Rebooting...
ets Jun  8 2016 00:22:57

rst:0xc (SW_CPU_RESET),boot:0x13 (SPI_FAST_FLASH_BOOT)
configsip: 0, SPIWP:0xee
clk_drv:0x00,q_drv:0x00,d_drv:0x00,cs0_drv:0x00,hd_drv:0x00,wp_drv:0x00
mode:DIO, clock div:2
load:0x3fff0030,len:7172
load:0x40078000,len:15532
load:0x40080400,len:4
load:0x40080404,len:3904
entry 0x40080640
[0;32mI (29) boot: ESP-IDF v5.2 2nd stage bootloader[0m
[0;32mI (29) boot: compile time Apr  8 2024 18:18:03[0m
[0;32mI (29) boot: Multicore bootloader[0m
[0;32mI (33) boot: chip revision: v1.0[0m
[0;32mI (37) boot.esp32: SPI Speed      : 40MHz[0m
[0;32mI (42) boot.esp32: SPI Mode       : DIO[0m
[0;32mI (46) boot.esp32: SPI Flash Size : 2MB[0m
[0;32mI (51) boot: Enabling RNG early entropy source...[0m
[0;32mI (56) boot: Partition Table:[0m
[0;32mI (60) boot: ## Label            Usage          Type ST Offset   Length[0m
[0;32mI (67) boot:  0 nvs              WiFi data        01 02 00009000 00006000[0m
[0;32mI (74) boot:  1 phy_init         RF data          01 01 0000f000 00001000[0m
[0;32mI (82) boot:  2 factory          factory app      00 00 00010000 00100000[0m
[0;32mI (89) boot: End of partition table[0m
[0;32mI (94) esp_image: segment 0: paddr=00010020 vaddr=3f400020 size=25c6ch (154732) map[0m
[0;32mI (155) esp_image: segment 1: paddr=00035c94 vaddr=3ffbdb60 size=04a54h ( 19028) load[0m
[0;32mI (162) esp_image: segment 2: paddr=0003a6f0 vaddr=40080000 size=05928h ( 22824) load[0m
[0;32mI (172) esp_image: segment 3: paddr=00040020 vaddr=400d0020 size=8cef0h (577264) map[0m
[0;32mI (370) esp_image: segment 4: paddr=000ccf18 vaddr=40085928 size=1378ch ( 79756) load[0m
[0;32mI (414) boot: Loaded app from partition at offset 0x10000[0m
[0;32mI (414) boot: Disabling RNG early entropy source...[0m
[0;32mI (425) cpu_start: Multicore app[0m
[0;32mI (434) cpu_start: Pro cpu start user code[0m
[0;32mI (434) cpu_start: cpu freq: 160000000 Hz[0m
[0;32mI (434) cpu_start: Application information:[0m
[0;32mI (437) cpu_start: Project name:     ils3000-arduino[0m
[0;32mI (443) cpu_start: App version:      7108813-dirty[0m
[0;32mI (448) cpu_start: Compile time:     Apr  8 2024 18:18:01[0m
[0;32mI (454) cpu_start: ELF file SHA256:  9be85c7fd...[0m
[0;32mI (460) cpu_start: ESP-IDF:          v5.2[0m
[0;32mI (465) cpu_start: Min chip rev:     v0.0[0m
[0;32mI (469) cpu_start: Max chip rev:     v3.99 [0m
[0;32mI (474) cpu_start: Chip rev:         v1.0[0m
[0;32mI (479) heap_init: Initializing. RAM available for dynamic allocation:[0m
[0;32mI (486) heap_init: At 3FFAFF10 len 000000F0 (0 KiB): DRAM[0m
[0;32mI (492) heap_init: At 3FFB6388 len 00001C78 (7 KiB): DRAM[0m
[0;32mI (498) heap_init: At 3FFB9A20 len 00004108 (16 KiB): DRAM[0m
[0;32mI (504) heap_init: At 3FFC3F90 len 0001C070 (112 KiB): DRAM[0m
[0;32mI (511) heap_init: At 3FFE0440 len 00003AE0 (14 KiB): D/IRAM[0m
[0;32mI (517) heap_init: At 3FFE4350 len 0001BCB0 (111 KiB): D/IRAM[0m
[0;32mI (523) heap_init: At 400990B4 len 00006F4C (27 KiB): IRAM[0m
[0;32mI (531) spi_flash: detected chip: generic[0m
[0;32mI (534) spi_flash: flash io: dio[0m
[0;33mW (538) spi_flash: Detected size(4096k) larger than the size in the binary image header(2048k). Using the size in the binary image header.[0m
[0;32mI (552) coexist: coex firmware version: 77cd7f8[0m
[0;32mI (557) main_task: Started on CPU0[0m
[0;32mI (567) main_task: Calling app_main()[0m
[0;32mI (567) ils3000-arduino.main: **** ILS3000 ARDUINO CONTROLLER (0.1-beta)****[0m
[0;32mI (567) ils3000-arduino.main: Following GPIO ports will be used:[0m
[0;32mI (577) ils3000-arduino.main: GPIO_PORT_CHARGE_RELAY: 5[0m
[0;32mI (577) ils3000-arduino.main: GPIO_PORT_VENTILATOR_RELAY: 6[0m
[0;32mI (587) ils3000-arduino.main: GPIO_PORT_THERMOSTAT: 7[0m
[0;32mI (637) BTDM_INIT: BT controller compile version [a38dc5c][0m
[0;32mI (637) BTDM_INIT: Bluetooth MAC: b4:e6:2d:fa:bd:0f[0m
[0;32mI (637) phy_init: phy_version 4791,2c4672b,Dec 20 2023,16:06:06[0m
[0;32mI (1077) ils3000-arduino.main: reg.app_id=0[0m
[0;32mI (1087) ils3000-arduino.main: REGISTER_APP_EVT, status 0, app_id 0[0m
Guru Meditation Error: Core  0 panic'ed (LoadStoreError). Exception was unhandled.

Core  0 register dump:
PC      : 0x4000c2af  PS      : 0x00060130  A0      : 0x800d7404  A1      : 0x3ffc8320  
A2      : 0x3ffbde3a  A3      : 0x400d73b8  A4      : 0x00000010  A5      : 0x3ffbde3a  
A6      : 0x3f40316c  A7      : 0x00000000  A8      : 0x80097010  A9      : 0x3ffc82b0  
A10     : 0x00000003  A11     : 0x3f40316c  A12     : 0x3f403374  A13     : 0x3ffc8310  
A14     : 0x3ffc82f0  A15     : 0x0000000c  SAR     : 0x00000004  EXCCAUSE: 0x00000003  
EXCVADDR: 0x400d73b8  LBEG    : 0x400014fd  LEND    : 0x4000150d  LCOUNT  : 0xfffffffa  


Backtrace: 0x4000c2ac:0x3ffc8320 0x400d7401:0x3ffc8330 0x400d729a:0x3ffc8370 0x400db132:0x3ffc83a0 0x400dbb1e:0x3ffc83c0 0x40105915:0x3ffc8410 0x401096eb:0x3ffc8430 0x40092071:0x3ffc8460




ELF file SHA256: 9be85c7fd

Rebooting...
ets Jun  8 2016 00:22:57

rst:0xc (SW_CPU_RESET),boot:0x13 (SPI_FAST_FLASH_BOOT)
configsip: 0, SPIWP:0xee
clk_drv:0x00,q_drv:0x00,d_drv:0x00,cs0_drv:0x00,hd_drv:0x00,wp_drv:0x00
mode:DIO, clock div:2
load:0x3fff0030,len:7172
load:0x40078000,len:15532
load:0x40080400,len:4
load:0x40080404,len:3904
entry 0x40080640
[0;32mI (29) boot: ESP-IDF v5.2 2nd stage bootloader[0m
[0;32mI (29) boot: compile time Apr  8 2024 18:18:03[0m
[0;32mI (29) boot: Multicore bootloader[0m
[0;32mI (33) boot: chip revision: v1.0[0m
[0;32mI (37) boot.esp32: SPI Speed      : 40MHz[0m
[0;32mI (42) boot.esp32: SPI Mode       : DIO[0m
[0;32mI (46) boot.esp32: SPI Flash Size : 2MB[0m
[0;32mI (51) boot: Enabling RNG early entropy source...[0m
[0;32mI (56) boot: Partition Table:[0m
[0;32mI (60) boot: ## Label            Usage          Type ST Offset   Length[0m
[0;32mI (67) boot:  0 nvs              WiFi data        01 02 00009000 00006000[0m
[0;32mI (74) boot:  1 phy_init         RF data          01 01 0000f000 00001000[0m
[0;32mI (82) boot:  2 factory          factory app      00 00 00010000 00100000[0m
[0;32mI (89) boot: End of partition table[0m
[0;32mI (94) esp_image: segment 0: paddr=00010020 vaddr=3f400020 size=25c6ch (154732) map[0m
[0;32mI (155) esp_image: segment 1: paddr=00035c94 vaddr=3ffbdb60 size=04a54h ( 19028) load[0m
[0;32mI (162) esp_image: segment 2: paddr=0003a6f0 vaddr=40080000 size=05928h ( 22824) load[0m
[0;32mI (172) esp_image: segment 3: paddr=00040020 vaddr=400d0020 size=8cef0h (577264) map[0m
[0;32mI (370) esp_image: segment 4: paddr=000ccf18 vaddr=40085928 size=1378ch ( 79756) load[0m
[0;32mI (414) boot: Loaded app from partition at offset 0x10000[0m
[0;32mI (414) boot: Disabling RNG early entropy source...[0m
[0;32mI (425) cpu_start: Multicore app[0m
[0;32mI (434) cpu_start: Pro cpu start user code[0m
[0;32mI (434) cpu_start: cpu freq: 160000000 Hz[0m
[0;32mI (434) cpu_start: Application information:[0m
[0;32mI (437) cpu_start: Project name:     ils3000-arduino[0m
[0;32mI (443) cpu_start: App version:      7108813-dirty[0m
[0;32mI (448) cpu_start: Compile time:     Apr  8 2024 18:18:01[0m
[0;32mI (454) cpu_start: ELF file SHA256:  9be85c7fd...[0m
[0;32mI (460) cpu_start: ESP-IDF:          v5.2[0m
[0;32mI (464) cpu_start: Min chip rev:     v0.0[0m
[0;32mI (469) cpu_start: Max chip rev:     v3.99 [0m
[0;32mI (474) cpu_start: Chip rev:         v1.0[0m
[0;32mI (479) heap_init: Initializing. RAM available for dynamic allocation:[0m
[0;32mI (486) heap_init: At 3FFAFF10 len 000000F0 (0 KiB): DRAM[0m
[0;32mI (492) heap_init: At 3FFB6388 len 00001C78 (7 KiB): DRAM[0m
[0;32mI (498) heap_init: At 3FFB9A20 len 00004108 (16 KiB): DRAM[0m
[0;32mI (504) heap_init: At 3FFC3F90 len 0001C070 (112 KiB): DRAM[0m
[0;32mI (511) heap_init: At 3FFE0440 len 00003AE0 (14 KiB): D/IRAM[0m
[0;32mI (517) heap_init: At 3FFE4350 len 0001BCB0 (111 KiB): D/IRAM[0m
[0;32mI (523) heap_init: At 400990B4 len 00006F4C (27 KiB): IRAM[0m
[0;32mI (531) spi_flash: detected chip: generic[0m
[0;32mI (534) spi_flash: flash io: dio[0m
[0;33mW (538) spi_flash: Detected size(4096k) larger than the size in the binary image header(2048k). Using the size in the binary image header.[0m
[0;32mI (552) coexist: coex firmware version: 77cd7f8[0m
[0;32mI (557) main_task: Started on CPU0[0m
[0;32mI (567) main_task: Calling app_main()[0m
[0;32mI (567) ils3000-arduino.main: **** ILS3000 ARDUINO CONTROLLER (0.1-beta)****[0m
[0;32mI (567) ils3000-arduino.main: Following GPIO ports will be used:[0m
[0;32mI (577) ils3000-arduino.main: GPIO_PORT_CHARGE_RELAY: 5[0m
[0;32mI (577) ils3000-arduino.main: GPIO_PORT_VENTILATOR_RELAY: 6[0m
[0;32mI (587) ils3000-arduino.main: GPIO_PORT_THERMOSTAT: 7[0m
[0;32mI (637) BTDM_INIT: BT controller compile version [a38dc5c][0m
[0;32mI (637) BTDM_INIT: Bluetooth MAC: b4:e6:2d:fa:bd:0f[0m
[0;32mI (637) phy_init: phy_version 4791,2c4672b,Dec 20 2023,16:06:06[0m
[0;32mI (1077) ils3000-arduino.main: reg.app_id=0[0m
[0;32mI (1087) ils3000-arduino.main: REGISTER_APP_EVT, status 0, app_id 0[0m
Guru Meditation Error: Core  0 panic'ed (LoadStoreError). Exception was unhandled.

Core  0 register dump:
PC      : 0x4000c2af  PS      : 0x00060130  A0      : 0x800d7404  A1      : 0x3ffc8320  
A2      : 0x3ffbde3a  A3      : 0x400d73b8  A4      : 0x00000010  A5      : 0x3ffbde3a  
A6      : 0x3f40316c  A7      : 0x00000000  A8      : 0x80097010  A9      : 0x3ffc82b0  
A10     : 0x00000003  A11     : 0x3f40316c  A12     : 0x3f403374  A13     : 0x3ffc8310  
A14     : 0x3ffc82f0  A15     : 0x0000000c  SAR     : 0x00000004  EXCCAUSE: 0x00000003  
EXCVADDR: 0x400d73b8  LBEG    : 0x400014fd  LEND    : 0x4000150d  LCOUNT  : 0xfffffffa  


Backtrace: 0x4000c2ac:0x3ffc8320 0x400d7401:0x3ffc8330 0x400d729a:0x3ffc8370 0x400db132:0x3ffc83a0 0x400dbb1e:0x3ffc83c0 0x40105915:0x3ffc8410 0x401096eb:0x3ffc8430 0x40092071:0x3ffc8460




ELF file SHA256: 9be85c7fd

Rebooting...
ets Jun  8 2016 00:22:57

rst:0xc (SW_CPU_RESET),boot:0x13 (SPI_FAST_FLASH_BOOT)
configsip: 0, SPIWP:0xee
clk_drv:0x00,q_drv:0x00,d_drv:0x00,cs0_drv:0x00,hd_drv:0x00,wp_drv:0x00
mode:DIO, clock div:2
load:0x3fff0030,len:7172
load:0x40078000,len:15532
load:0x40080400,len:4
load:0x40080404,len:3904
entry 0x40080640
[0;32mI (29) boot: ESP-IDF v5.2 2nd stage bootloader[0m
[0;32mI (29) boot: compile time Apr  8 2024 18:18:03[0m
[0;32mI (29) boot: Multicore bootloader[0m
[0;32mI (33) boot: chip revision: v1.0[0m
[0;32mI (37) boot.esp32: SPI Speed      : 40MHz[0m
[0;32mI (42) boot.esp32: SPI Mode       : DIO[0m
[0;32mI (46) boot.esp32: SPI Flash Size : 2MB[0m
[0;32mI (51) boot: Enabling RNG early entropy source...[0m
[0;32mI (56) boot: Partition Table:[0m
[0;32mI (60) boot: ## Label            Usage          Type ST Offset   Length[0m
[0;32mI (67) boot:  0 nvs              WiFi data        01 02 00009000 00006000[0m
[0;32mI (74) boot:  1 phy_init         RF data          01 01 0000f000 00001000[0m
[0;32mI (82) boot:  2 factory          factory app      00 00 00010000 00100000[0m
[0;32mI (89) boot: End of partition table[0m
[0;32mI (94) esp_image: segment 0: paddr=00010020 vaddr=3f400020 size=25c6ch (154732) map[0m
[0;32mI (155) esp_image: segment 1: paddr=00035c94 vaddr=3ffbdb60 size=04a54h ( 19028) load[0m
[0;32mI (162) esp_image: segment 2: paddr=0003a6f0 vaddr=40080000 size=05928h ( 22824) load[0m
[0;32mI (172) esp_image: segment 3: paddr=00040020 vaddr=400d0020 size=8cef0h (577264) map[0m
[0;32mI (370) esp_image: segment 4: paddr=000ccf18 vaddr=40085928 size=1378ch ( 79756) load[0m
[0;32mI (414) boot: Loaded app from partition at offset 0x10000[0m
[0;32mI (414) boot: Disabling RNG early entropy source...[0m
[0;32mI (425) cpu_start: Multicore app[0m
[0;32mI (434) cpu_start: Pro cpu start user code[0m
[0;32mI (434) cpu_start: cpu freq: 160000000 Hz[0m
[0;32mI (434) cpu_start: Application information:[0m
[0;32mI (437) cpu_start: Project name:     ils3000-arduino[0m
[0;32mI (443) cpu_start: App version:      7108813-dirty[0m
[0;32mI (448) cpu_start: Compile time:     Apr  8 2024 18:18:01[0m
[0;32mI (454) cpu_start: ELF file SHA256:  9be85c7fd...[0m
[0;32mI (460) cpu_start: ESP-IDF:          v5.2[0m
[0;32mI (465) cpu_start: Min chip rev:     v0.0[0m
[0;32mI (469) cpu_start: Max chip rev:     v3.99 [0m
[0;32mI (474) cpu_start: Chip rev:         v1.0[0m
[0;32mI (479) heap_init: Initializing. RAM available for dynamic allocation:[0m
[0;32mI (486) heap_init: At 3FFAFF10 len 000000F0 (0 KiB): DRAM[0m
[0;32mI (492) heap_init: At 3FFB6388 len 00001C78 (7 KiB): DRAM[0m
[0;32mI (498) heap_init: At 3FFB9A20 len 00004108 (16 KiB): DRAM[0m
[0;32mI (504) heap_init: At 3FFC3F90 len 0001C070 (112 KiB): DRAM[0m
[0;32mI (511) heap_init: At 3FFE0440 len 00003AE0 (14 KiB): D/IRAM[0m
[0;32mI (517) heap_init: At 3FFE4350 len 0001BCB0 (111 KiB): D/IRAM[0m
[0;32mI (523) heap_init: At 400990B4 len 00006F4C (27 KiB): IRAM[0m
[0;32mI (531) spi_flash: detected chip: generic[0m
[0;32mI (534) spi_flash: flash io: dio[0m
[0;33mW (538) spi_flash: Detected size(4096k) larger than the size in the binary image header(2048k). Using the size in the binary image header.[0m
[0;32mI (552) coexist: coex firmware version: 77cd7f8[0m
[0;32mI (557) main_task: Started on CPU0[0m
[0;32mI (567) main_task: Calling app_main()[0m
[0;32mI (567) ils3000-arduino.main: **** ILS3000 ARDUINO CONTROLLER (0.1-beta)****[0m
[0;32mI (567) ils3000-arduino.main: Following GPIO ports will be used:[0m
[0;32mI (577) ils3000-arduino.main: GPIO_PORT_CHARGE_RELAY: 5[0m
[0;32mI (577) ils3000-arduino.main: GPIO_PORT_VENTILATOR_RELAY: 6[0m
[0;32mI (587) ils3000-arduino.main: GPIO_PORT_THERMOSTAT: 7[0m
[0;32mI (637) BTDM_INIT: BT controller compile version [a38dc5c][0m
[0;32mI (637) BTDM_INIT: Bluetooth MAC: b4:e6:2d:fa:bd:0f[0m
[0;32mI (637) phy_init: phy_version 4791,2c4672b,Dec 20 2023,16:06:06[0m
[0;32mI (1087) ils3000-arduino.main: reg.app_id=0[0m
[0;32mI (1087) ils3000-arduino.main: REGISTER_APP_EVT, status 0, app_id 0[0m
Guru Meditation Error: Core  0 panic'ed (LoadStoreError). Exception was unhandled.

Core  0 register dump:
PC      : 0x4000c2af  PS      : 0x00060130  A0      : 0x800d7404  A1      : 0x3ffc8320  
A2      : 0x3ffbde3a  A3      : 0x400d73b8  A4      : 0x00000010  A5      : 0x3ffbde3a  
A6      : 0x3f40316c  A7      : 0x00000000  A8      : 0x80097010  A9      : 0x3ffc82b0  
A10     : 0x00000003  A11     : 0x3f40316c  A12     : 0x3f403374  A13     : 0x3ffc8310  
A14     : 0x3ffc82f0  A15     : 0x0000000c  SAR     : 0x00000004  EXCCAUSE: 0x00000003  
EXCVADDR: 0x400d73b8  LBEG    : 0x400014fd  LEND    : 0x4000150d  LCOUNT  : 0xfffffffa  


Backtrace: 0x4000c2ac:0x3ffc8320 0x400d7401:0x3ffc8330 0x400d729a:0x3ffc8370 0x400db132:0x3ffc83a0 0x400dbb1e:0x3ffc83c0 0x40105915:0x3ffc8410 0x401096eb:0x3ffc8430 0x40092071:0x3ffc8460




ELF file SHA256: 9be85c7fd

Rebooting...
ets Jun  8 2016 00:22:57

rst:0xc (SW_CPU_RESET),boot:0x13 (SPI_FAST_FLASH_BOOT)
configsip: 0, SPIWP:0xee
clk_drv:0x00,q_drv:0x00,d_drv:0x00,cs0_drv:0x00,hd_drv:0x00,wp_drv:0x00
mode:DIO, clock div:2
load:0x3fff0030,len:7172
load:0x40078000,len:15532
load:0x40080400,len:4
load:0x40080404,len:3904
entry 0x40080640
[0;32mI (29) boot: ESP-IDF v5.2 2nd stage bootloader[0m
[0;32mI (29) boot: compile time Apr  8 2024 18:18:03[0m
[0;32mI (29) boot: Multicore bootloader[0m
[0;32mI (33) boot: chip revision: v1.0[0m
[0;32mI (37) boot.esp32: SPI Speed      : 40MHz[0m
[0;32mI (42) boot.esp32: SPI Mode       : DIO[0m
[0;32mI (46) boot.esp32: SPI Flash Size : 2MB[0m
[0;32mI (51) boot: Enabling RNG early entropy source...[0m
[0;32mI (56) boot: Partition Table:[0m
[0;32mI (60) boot: ## Label            Usage          Type ST Offset   Length[0m
[0;32mI (67) boot:  0 nvs              WiFi data        01 02 00009000 00006000[0m
[0;32mI (74) boot:  1 phy_init         RF data          01 01 0000f000 00001000[0m
[0;32mI (82) boot:  2 factory          factory app      00 00 00010000 00100000[0m
[0;32mI (89) boot: End of partition table[0m
[0;32mI (94) esp_image: segment 0: paddr=00010020 vaddr=3f400020 size=25c6ch (154732) map[0m
[0;32mI (155) esp_image: segment 1: paddr=00035c94 vaddr=3ffbdb60 size=04a54h ( 19028) load[0m
[0;32mI (162) esp_image: segment 2: paddr=0003a6f0 vaddr=40080000 size=05928h ( 22824) load[0m
[0;32mI (172) esp_image: segment 3: paddr=00040020 vaddr=400d0020 size=8cef0h (577264) map[0m
[0;32mI (370) esp_image: segment 4: paddr=000ccf18 vaddr=40085928 size=1378ch ( 79756) load[0m
[0;32mI (414) boot: Loaded app from partition at offset 0x10000[0m
[0;32mI (414) boot: Disabling RNG early entropy source...[0m
[0;32mI (425) cpu_start: Multicore app[0m
[0;32mI (434) cpu_start: Pro cpu start user code[0m
[0;32mI (434) cpu_start: cpu freq: 160000000 Hz[0m
[0;32mI (434) cpu_start: Application information:[0m
[0;32mI (437) cpu_start: Project name:     ils3000-arduino[0m
[0;32mI (443) cpu_start: App version:      7108813-dirty[0m
[0;32mI (448) cpu_start: Compile time:     Apr  8 2024 18:18:01[0m
[0;32mI (454) cpu_start: ELF file SHA256:  9be85c7fd...[0m
[0;32mI (460) cpu_start: ESP-IDF:          v5.2[0m
[0;32mI (465) cpu_start: Min chip rev:     v0.0[0m
[0;32mI (469) cpu_start: Max chip rev:     v3.99 [0m
[0;32mI (474) cpu_start: Chip rev:         v1.0[0m
[0;32mI (479) heap_init: Initializing. RAM available for dynamic allocation:[0m
[0;32mI (486) heap_init: At 3FFAFF10 len 000000F0 (0 KiB): DRAM[0m
[0;32mI (492) heap_init: At 3FFB6388 len 00001C78 (7 KiB): DRAM[0m
[0;32mI (498) heap_init: At 3FFB9A20 len 00004108 (16 KiB): DRAM[0m
[0;32mI (504) heap_init: At 3FFC3F90 len 0001C070 (112 KiB): DRAM[0m
[0;32mI (511) heap_init: At 3FFE0440 len 00003AE0 (14 KiB): D/IRAM[0m
[0;32mI (517) heap_init: At 3FFE4350 len 0001BCB0 (111 KiB): D/IRAM[0m
[0;32mI (523) heap_init: At 400990B4 len 00006F4C (27 KiB): IRAM[0m
[0;32mI (531) spi_flash: detected chip: generic[0m
[0;32mI (534) spi_flash: flash io: dio[0m
[0;33mW (538) spi_flash: Detected size(4096k) larger than the size in the binary image header(2048k). Using the size in the binary image header.[0m
[0;32mI (552) coexist: coex firmware version: 77cd7f8[0m
[0;32mI (557) main_task: Started on CPU0[0m
[0;32mI (567) main_task: Calling app_main()[0m
[0;32mI (567) ils3000-arduino.main: **** ILS3000 ARDUINO CONTROLLER (0.1-beta)****[0m
[0;32mI (567) ils3000-arduino.main: Following GPIO ports will be used:[0m
[0;32mI (577) ils3000-arduino.main: GPIO_PORT_CHARGE_RELAY: 5[0m
[0;32mI (577) ils3000-arduino.main: GPIO_PORT_VENTILATOR_RELAY: 6[0m
[0;32mI (587) ils3000-arduino.main: GPIO_PORT_THERMOSTAT: 7[0m
[0;32mI (637) BTDM_INIT: BT controller compile version [a38dc5c][0m
[0;32mI (637) BTDM_INIT: Bluetooth MAC: b4:e6:2d:fa:bd:0f[0m
[0;32mI (637) phy_init: phy_version 4791,2c4672b,Dec 20 2023,16:06:06[0m
[0;32mI (1097) ils3000-arduino.main: reg.app_id=0[0m
[0;32mI (1097) ils3000-arduino.main: REGISTER_APP_EVT, status 0, app_id 0[0m
Guru Meditation Error: Core  0 panic'ed (LoadStoreError). Exception was unhandled.

Core  0 register dump:
PC      : 0x4000c2af  PS      : 0x00060130  A0      : 0x800d7404  A1      : 0x3ffc8320  
A2      : 0x3ffbde3a  A3      : 0x400d73b8  A4      : 0x00000010  A5      : 0x3ffbde3a  
A6      : 0x3f40316c  A7      : 0x00000000  A8      : 0x80097010  A9      : 0x3ffc82b0  
A10     : 0x00000003  A11     : 0x3f40316c  A12     : 0x3f403374  A13     : 0x3ffc8310  
A14     : 0x3ffc82f0  A15     : 0x0000000c  SAR     : 0x00000004  EXCCAUSE: 0x00000003  
EXCVADDR: 0x400d73b8  LBEG    : 0x400014fd  LEND    : 0x4000150d  LCOUNT  : 0xfffffffa  


Backtrace: 0x4000c2ac:0x3ffc8320 0x400d7401:0x3ffc8330 0x400d729a:0x3ffc8370 0x400db132:0x3ffc83a0 0x400dbb1e:0x3ffc83c0 0x40105915:0x3ffc8410 0x401096eb:0x3ffc8430 0x40092071:0x3ffc8460




ELF file SHA256: 9be85c7fd

Rebooting...
ets Jun  8 2016 00:22:57

rst:0xc (SW_CPU_RESET),boot:0x13 (SPI_FAST_FLASH_BOOT)
configsip: 0, SPIWP:0xee
clk_drv:0x00,q_drv:0x00,d_drv:0x00,cs0_drv:0x00,hd_drv:0x00,wp_drv:0x00
mode:DIO, clock div:2
load:0x3fff0030,len:7172
load:0x40078000,len:15532
load:0x40080400,len:4
load:0x40080404,len:3904
entry 0x40080640
[0;32mI (29) boot: ESP-IDF v5.2 2nd stage bootloader[0m
[0;32mI (29) boot: compile time Apr  8 2024 18:18:03[0m
[0;32mI (29) boot: Multicore bootloader[0m
[0;32mI (33) boot: chip revision: v1.0[0m
[0;32mI (37) boot.esp32: SPI Speed      : 40MHz[0m
[0;32mI (42) boot.esp32: SPI Mode       : DIO[0m
[0;32mI (46) boot.esp32: SPI Flash Size : 2MB[0m
[0;32mI (51) boot: Enabling RNG early entropy source...[0m
[0;32mI (56) boot: Partition Table:[0m
[0;32mI (60) boot: ## Label            Usage          Type ST Offset   Length[0m
[0;32mI (67) boot:  0 nvs              WiFi data        01 02 00009000 00006000[0m
[0;32mI (74) boot:  1 phy_init         RF data          01 01 0000f000 00001000[0m
[0;32mI (82) boot:  2 factory          factory app      00 00 00010000 00100000[0m
[0;32mI (89) boot: End of partition table[0m
[0;32mI (94) esp_image: segment 0: paddr=00010020 vaddr=3f400020 size=25c6ch (154732) map[0m
[0;32mI (155) esp_image: segment 1: paddr=00035c94 vaddr=3ffbdb60 size=04a54h ( 19028) load[0m
[0;32mI (162) esp_image: segment 2: paddr=0003a6f0 vaddr=40080000 size=05928h ( 22824) load[0m
[0;32mI (172) esp_image: segment 3: paddr=00040020 vaddr=400d0020 size=8cef0h (577264) map[0m
[0;32mI (370) esp_image: segment 4: paddr=000ccf18 vaddr=40085928 size=1378ch ( 79756) load[0m
[0;32mI (414) boot: Loaded app from partition at offset 0x10000[0m
[0;32mI (414) boot: Disabling RNG early entropy source...[0m
[0;32mI (425) cpu_start: Multicore app[0m
[0;32mI (434) cpu_start: Pro cpu start user code[0m
[0;32mI (434) cpu_start: cpu freq: 160000000 Hz[0m
[0;32mI (434) cpu_start: Application information:[0m
[0;32mI (437) cpu_start: Project name:     ils3000-arduino[0m
[0;32mI (443) cpu_start: App version:      7108813-dirty[0m
[0;32mI (448) cpu_start: Compile time:     Apr  8 2024 18:18:01[0m
[0;32mI (454) cpu_start: ELF file SHA256:  9be85c7fd...[0m
[0;32mI (460) cpu_start: ESP-IDF:          v5.2[0m
[0;32mI (464) cpu_start: Min chip rev:     v0.0[0m
[0;32mI (469) cpu_start: Max chip rev:     v3.99 [0m
[0;32mI (474) cpu_start: Chip rev:         v1.0[0m
[0;32mI (479) heap_init: Initializing. RAM available for dynamic allocation:[0m
[0;32mI (486) heap_init: At 3FFAFF10 len 000000F0 (0 KiB): DRAM[0m
[0;32mI (492) heap_init: At 3FFB6388 len 00001C78 (7 KiB): DRAM[0m
[0;32mI (498) heap_init: At 3FFB9A20 len 00004108 (16 KiB): DRAM[0m
[0;32mI (504) heap_init: At 3FFC3F90 len 0001C070 (112 KiB): DRAM[0m
[0;32mI (511) heap_init: At 3FFE0440 len 00003AE0 (14 KiB): D/IRAM[0m
[0;32mI (517) heap_init: At 3FFE4350 len 0001BCB0 (111 KiB): D/IRAM[0m
[0;32mI (523) heap_init: At 400990B4 len 00006F4C (27 KiB): IRAM[0m
[0;32mI (531) spi_flash: detected chip: generic[0m
[0;32mI (534) spi_flash: flash io: dio[0m
[0;33mW (538) spi_flash: Detected size(4096k) larger than the size in the binary image header(2048k). Using the size in the binary image header.[0m
[0;32mI (552) coexist: coex firmware version: 77cd7f8[0m
[0;32mI (557) main_task: Started on CPU0[0m
[0;32mI (567) main_task: Calling app_main()[0m
[0;32mI (567) ils3000-arduino.main: **** ILS3000 ARDUINO CONTROLLER (0.1-beta)****[0m
[0;32mI (567) ils3000-arduino.main: Following GPIO ports will be used:[0m
[0;32mI (577) ils3000-arduino.main: GPIO_PORT_CHARGE_RELAY: 5[0m
[0;32mI (577) ils3000-arduino.main: GPIO_PORT_VENTILATOR_RELAY: 6[0m
[0;32mI (587) ils3000-arduino.main: GPIO_PORT_THERMOSTAT: 7[0m
[0;32mI (637) BTDM_INIT: BT controller compile version [a38dc5c][0m
[0;32mI (637) BTDM_INIT: Bluetooth MAC: b4:e6:2d:fa:bd:0f[0m
[0;32mI (637) phy_init: phy_version 4791,2c4672b,Dec 20 2023,16:06:06[0m
[0;32mI (1087) ils3000-arduino.main: reg.app_id=0[0m
[0;32mI (1087) ils3000-arduino.main: REGISTER_APP_EVT, status 0, app_id 0[0m
Guru Meditation Error: Core  0 panic'ed (LoadStoreError). Exception was unhandled.

Core  0 register dump:
PC      : 0x4000c2af  PS      : 0x00060130  A0      : 0x800d7404  A1      : 0x3ffc8320  
A2      : 0x3ffbde3a  A3      : 0x400d73b8  A4      : 0x00000010  A5      : 0x3ffbde3a  
A6      : 0x3f40316c  A7      : 0x00000000  A8      : 0x80097010  A9      : 0x3ffc82b0  
A10     : 0x00000003  A11     : 0x3f40316c  A12     : 0x3f403374  A13     : 0x3ffc8310  
A14     : 0x3ffc82f0  A15     : 0x0000000c  SAR     : 0x00000004  EXCCAUSE: 0x00000003  
EXCVADDR: 0x400d73b8  LBEG    : 0x400014fd  LEND    : 0x4000150d  LCOUNT  : 0xfffffffa  


Backtrace: 0x4000c2ac:0x3ffc8320 0x400d7401:0x3ffc8330 0x400d729a:0x3ffc8370 0x400db132:0x3ffc83a0 0x400dbb1e:0x3ffc83c0 0x40105915:0x3ffc8410 0x401096eb:0x3ffc8430 0x40092071:0x3ffc8460




ELF file SHA256: 9be85c7fd

Rebooting...
ets Jun  8 2016 00:22:57

rst:0xc (SW_CPU_RESET),boot:0x13 (SPI_FAST_FLASH_BOOT)
configsip: 0, SPIWP:0xee
clk_drv:0x00,q_drv:0x00,d_drv:0x00,cs0_drv:0x00,hd_drv:0x00,wp_drv:0x00
mode:DIO, clock div:2
load:0x3fff0030,len:7172
load:0x40078000,len:15532
load:0x40080400,len:4
load:0x40080404,len:3904
entry 0x40080640
[0;32mI (29) boot: ESP-IDF v5.2 2nd stage bootloader[0m
[0;32mI (29) boot: compile time Apr  8 2024 18:18:03[0m
[0;32mI (29) boot: Multicore bootloader[0m
[0;32mI (33) boot: chip revision: v1.0[0m
[0;32mI (37) boot.esp32: SPI Speed      : 40MHz[0m
[0;32mI (42) boot.esp32: SPI Mode       : DIO[0m
[0;32mI (46) boot.esp32: SPI Flash Size : 2MB[0m
[0;32mI (51) boot: Enabling RNG early entropy source...[0m
[0;32mI (56) boot: Partition Table:[0m
[0;32mI (60) boot: ## Label            Usage          Type ST Offset   Length[0m
[0;32mI (67) boot:  0 nvs              WiFi data        01 02 00009000 00006000[0m
[0;32mI (74) boot:  1 phy_init         RF data          01 01 0000f000 00001000[0m
[0;32mI (82) boot:  2 factory          factory app      00 00 00010000 00100000[0m
[0;32mI (89) boot: End of partition table[0m
[0;32mI (94) esp_image: segment 0: paddr=00010020 vaddr=3f400020 size=25c6ch (154732) map[0m
[0;32mI (155) esp_image: segment 1: paddr=00035c94 vaddr=3ffbdb60 size=04a54h ( 19028) load[0m
[0;32mI (162) esp_image: segment 2: paddr=0003a6f0 vaddr=40080000 size=05928h ( 22824) load[0m
[0;32mI (172) esp_image: segment 3: paddr=00040020 vaddr=400d0020 size=8cef0h (577264) map[0m
[0;32mI (370) esp_image: segment 4: paddr=000ccf18 vaddr=40085928 size=1378ch ( 79756) load[0m
[0;32mI (414) boot: Loaded app from partition at offset 0x10000[0m
[0;32mI (414) boot: Disabling RNG early entropy source...[0m
[0;32mI (425) cpu_start: Multicore app[0m
[0;32mI (434) cpu_start: Pro cpu start user code[0m
[0;32mI (434) cpu_start: cpu freq: 160000000 Hz[0m
[0;32mI (434) cpu_start: Application information:[0m
[0;32mI (437) cpu_start: Project name:     ils3000-arduino[0m
[0;32mI (443) cpu_start: App version:      7108813-dirty[0m
[0;32mI (448) cpu_start: Compile time:     Apr  8 2024 18:18:01[0m
[0;32mI (454) cpu_start: ELF file SHA256:  9be85c7fd...[0m
[0;32mI (460) cpu_start: ESP-IDF:          v5.2[0m
[0;32mI (464) cpu_start: Min chip rev:     v0.0[0m
[0;32mI (469) cpu_start: Max chip rev:     v3.99 [0m
[0;32mI (474) cpu_start: Chip rev:         v1.0[0m
[0;32mI (479) heap_init: Initializing. RAM available for dynamic allocation:[0m
[0;32mI (486) heap_init: At 3FFAFF10 len 000000F0 (0 KiB): DRAM[0m
[0;32mI (492) heap_init: At 3FFB6388 len 00001C78 (7 KiB): DRAM[0m
[0;32mI (498) heap_init: At 3FFB9A20 len 00004108 (16 KiB): DRAM[0m
[0;32mI (504) heap_init: At 3FFC3F90 len 0001C070 (112 KiB): DRAM[0m
[0;32mI (511) heap_init: At 3FFE0440 len 00003AE0 (14 KiB): D/IRAM[0m
[0;32mI (517) heap_init: At 3FFE4350 len 0001BCB0 (111 KiB): D/IRAM[0m
[0;32mI (523) heap_init: At 400990B4 len 00006F4C (27 KiB): IRAM[0m
[0;32mI (531) spi_flash: detected chip: generic[0m
[0;32mI (534) spi_flash: flash io: dio[0m
[0;33mW (538) spi_flash: Detected size(4096k) larger than the size in the binary image header(2048k). Using the size in the binary image header.[0m
[0;32mI (552) coexist: coex firmware version: 77cd7f8[0m
[0;32mI (557) main_task: Started on CPU0[0m
[0;32mI (567) main_task: Calling app_main()[0m
[0;32mI (567) ils3000-arduino.main: **** ILS3000 ARDUINO CONTROLLER (0.1-beta)****[0m
[0;32mI (567) ils3000-arduino.main: Following GPIO ports will be used:[0m
[0;32mI (577) ils3000-arduino.main: GPIO_PORT_CHARGE_RELAY: 5[0m
[0;32mI (577) ils3000-arduino.main: GPIO_PORT_VENTILATOR_RELAY: 6[0m
[0;32mI (587) ils3000-arduino.main: GPIO_PORT_THERMOSTAT: 7[0m
[0;32mI (637) BTDM_INIT: BT controller compile version [a38dc5c][0m
[0;32mI (637) BTDM_INIT: Bluetooth MAC: b4:e6:2d:fa:bd:0f[0m
[0;32mI (637) phy_init: phy_version 4791,2c4672b,Dec 20 2023,16:06:06[0m
[0;32mI (1097) ils3000-arduino.main: reg.app_id=0[0m
[0;32mI (1097) ils3000-arduino.main: REGISTER_APP_EVT, status 0, app_id 0[0m
Guru Meditation Error: Core  0 panic'ed (LoadStoreError). Exception was unhandled.

Core  0 register dump:
PC      : 0x4000c2af  PS      : 0x00060130  A0      : 0x800d7404  A1      : 0x3ffc8320  
A2      : 0x3ffbde3a  A3      : 0x400d73b8  A4      : 0x00000010  A5      : 0x3ffbde3a  
A6      : 0x3f40316c  A7      : 0x00000000  A8      : 0x80097010  A9      : 0x3ffc82b0  
A10     : 0x00000003  A11     : 0x3f40316c  A12     : 0x3f403374  A13     : 0x3ffc8310  
A14     : 0x3ffc82f0  A15     : 0x0000000c  SAR     : 0x00000004  EXCCAUSE: 0x00000003  
EXCVADDR: 0x400d73b8  LBEG    : 0x400014fd  LEND    : 0x4000150d  LCOUNT  : 0xfffffffa  


Backtrace: 0x4000c2ac:0x3ffc8320 0x400d7401:0x3ffc8330 0x400d729a:0x3ffc8370 0x400db132:0x3ffc83a0 0x400dbb1e:0x3ffc83c0 0x40105915:0x3ffc8410 0x401096eb:0x3ffc8430 0x40092071:0x3ffc8460




ELF file SHA256: 9be85c7fd

Rebooting...
ets Jun  8 2016 00:22:57

rst:0xc (SW_CPU_RESET),boot:0x13 (SPI_FAST_FLASH_BOOT)
configsip: 0, SPIWP:0xee
clk_drv:0x00,q_drv:0x00,d_drv:0x00,cs0_drv:0x00,hd_drv:0x00,wp_drv:0x00
mode:DIO, clock div:2
load:0x3fff0030,len:7172
load:0x40078000,len:15532
load:0x40080400,len:4
load:0x40080404,len:3904
entry 0x40080640
[0;32mI (29) boot: ESP-IDF v5.2 2nd stage bootloader[0m
[0;32mI (29) boot: compile time Apr  8 2024 18:18:03[0m
[0;32mI (29) boot: Multicore bootloader[0m
[0;32mI (33) boot: chip revision: v1.0[0m
[0;32mI (37) boot.esp32: SPI Speed      : 40MHz[0m
[0;32mI (42) boot.esp32: SPI Mode       : DIO[0m
[0;32mI (46) boot.esp32: SPI Flash Size : 2MB[0m
[0;32mI (51) boot: Enabling RNG early entropy source...[0m
[0;32mI (56) boot: Partition Table:[0m
[0;32mI (60) boot: ## Label            Usage          Type ST Offset   Length[0m
[0;32mI (67) boot:  0 nvs              WiFi data        01 02 00009000 00006000[0m
[0;32mI (74) boot:  1 phy_init         RF data          01 01 0000f000 00001000[0m
[0;32mI (82) boot:  2 factory          factory app      00 00 00010000 00100000[0m
[0;32mI (89) boot: End of partition table[0m
[0;32mI (94) esp_image: segment 0: paddr=00010020 vaddr=3f400020 size=25c6ch (154732) map[0m
[0;32mI (155) esp_image: segment 1: paddr=00035c94 vaddr=3ffbdb60 size=04a54h ( 19028) load[0m
[0;32mI (162) esp_image: segment 2: paddr=0003a6f0 vaddr=40080000 size=05928h ( 22824) load[0m
[0;32mI (172) esp_image: segment 3: paddr=00040020 vaddr=400d0020 size=8cef0h (577264) map[0m
[0;32mI (370) esp_image: segment 4: paddr=000ccf18 vaddr=40085928 size=1378ch ( 79756) load[0m
[0;32mI (414) boot: Loaded app from partition at offset 0x10000[0m
[0;32mI (414) boot: Disabling RNG early entropy source...[0m
[0;32mI (425) cpu_start: Multicore app[0m
[0;32mI (434) cpu_start: Pro cpu start user code[0m
[0;32mI (434) cpu_start: cpu freq: 160000000 Hz[0m
[0;32mI (434) cpu_start: Application information:[0m
[0;32mI (437) cpu_start: Project name:     ils3000-arduino[0m
[0;32mI (443) cpu_start: App version:      7108813-dirty[0m
[0;32mI (448) cpu_start: Compile time:     Apr  8 2024 18:18:01[0m
[0;32mI (454) cpu_start: ELF file SHA256:  9be85c7fd...[0m
[0;32mI (460) cpu_start: ESP-IDF:          v5.2[0m
[0;32mI (464) cpu_start: Min chip rev:     v0.0[0m
[0;32mI (469) cpu_start: Max chip rev:     v3.99 [0m
[0;32mI (474) cpu_start: Chip rev:         v1.0[0m
[0;32mI (479) heap_init: Initializing. RAM available for dynamic allocation:[0m
[0;32mI (486) heap_init: At 3FFAFF10 len 000000F0 (0 KiB): DRAM[0m
[0;32mI (492) heap_init: At 3FFB6388 len 00001C78 (7 KiB): DRAM[0m
[0;32mI (498) heap_init: At 3FFB9A20 len 00004108 (16 KiB): DRAM[0m
[0;32mI (504) heap_init: At 3FFC3F90 len 0001C070 (112 KiB): DRAM[0m
[0;32mI (511) heap_init: At 3FFE0440 len 00003AE0 (14 KiB): D/IRAM[0m
[0;32mI (517) heap_init: At 3FFE4350 len 0001BCB0 (111 KiB): D/IRAM[0m
[0;32mI (523) heap_init: At 400990B4 len 00006F4C (27 KiB): IRAM[0m
[0;32mI (531) spi_flash: detected chip: generic[0m
[0;32mI (534) spi_flash: flash io: dio[0m
[0;33mW (538) spi_flash: Detected size(4096k) larger than the size in the binary image header(2048k). Using the size in the binary image header.[0m
[0;32mI (552) coexist: coex firmware version: 77cd7f8[0m
[0;32mI (557) main_task: Started on CPU0[0m
[0;32mI (567) main_task: Calling app_main()[0m
[0;32mI (567) ils3000-arduino.main: **** ILS3000 ARDUINO CONTROLLER (0.1-beta)****[0m
[0;32mI (567) ils3000-arduino.main: Following GPIO ports will be used:[0m
[0;32mI (577) ils3000-arduino.main: GPIO_PORT_CHARGE_RELAY: 5[0m
[0;32mI (577) ils3000-arduino.main: GPIO_PORT_VENTILATOR_RELAY: 6[0m
[0;32mI (587) ils3000-arduino.main: GPIO_PORT_THERMOSTAT: 7[0m
[0;32mI (637) BTDM_INIT: BT controller compile version [a38dc5c][0m
[0;32mI (637) BTDM_INIT: Bluetooth MAC: b4:e6:2d:fa:bd:0f[0m
[0;32mI (637) phy_init: phy_version 4791,2c4672b,Dec 20 2023,16:06:06[0m
[0;32mI (1087) ils3000-arduino.main: reg.app_id=0[0m
[0;32mI (1087) ils3000-arduino.main: REGISTER_APP_EVT, status 0, app_id 0[0m
Guru Meditation Error: Core  0 panic'ed (LoadStoreError). Exception was unhandled.

Core  0 register dump:
PC      : 0x4000c2af  PS      : 0x00060130  A0      : 0x800d7404  A1      : 0x3ffc8320  
A2      : 0x3ffbde3a  A3      : 0x400d73b8  A4      : 0x00000010  A5      : 0x3ffbde3a  
A6      : 0x3f40316c  A7      : 0x00000000  A8      : 0x80097010  A9      : 0x3ffc82b0  
A10     : 0x00000003  A11     : 0x3f40316c  A12     : 0x3f403374  A13     : 0x3ffc8310  
A14     : 0x3ffc82f0  A15     : 0x0000000c  SAR     : 0x00000004  EXCCAUSE: 0x00000003  
EXCVADDR: 0x400d73b8  LBEG    : 0x400014fd  LEND    : 0x4000150d  LCOUNT  : 0xfffffffa  


Backtrace: 0x4000c2ac:0x3ffc8320 0x400d7401:0x3ffc8330 0x400d729a:0x3ffc8370 0x400db132:0x3ffc83a0 0x400dbb1e:0x3ffc83c0 0x40105915:0x3ffc8410 0x401096eb:0x3ffc8430 0x40092071:0x3ffc8460




ELF file SHA256: 9be85c7fd

Rebooting...
ets Jun  8 2016 00:22:57

rst:0xc (SW_CPU_RESET),boot:0x13 (SPI_FAST_FLASH_BOOT)
configsip: 0, SPIWP:0xee
clk_drv:0x00,q_drv:0x00,d_drv:0x00,cs0_drv:0x00,hd_drv:0x00,wp_drv:0x00
mode:DIO, clock div:2
load:0x3fff0030,len:7172
load:0x40078000,len:15532
load:0x40080400,len:4
load:0x40080404,len:3904
entry 0x40080640
[0;32mI (29) boot: ESP-IDF v5.2 2nd stage bootloader[0m
[0;32mI (29) boot: compile time Apr  8 2024 18:18:03[0m
[0;32mI (29) boot: Multicore bootloader[0m
[0;32mI (33) boot: chip revision: v1.0[0m
[0;32mI (37) boot.esp32: SPI Speed      : 40MHz[0m
[0;32mI (42) boot.esp32: SPI Mode       : DIO[0m
[0;32mI (46) boot.esp32: SPI Flash Size : 2MB[0m
[0;32mI (51) boot: Enabling RNG early entropy source...[0m
[0;32mI (56) boot: Partition Table:[0m
[0;32mI (60) boot: ## Label            Usage          Type ST Offset   Length[0m
[0;32mI (67) boot:  0 nvs              WiFi data        01 02 00009000 00006000[0m
[0;32mI (74) boot:  1 phy_init         RF data          01 01 0000f000 00001000[0m
[0;32mI (82) boot:  2 factory          factory app      00 00 00010000 00100000[0m
[0;32mI (89) boot: End of partition table[0m
[0;32mI (94) esp_image: segment 0: paddr=00010020 vaddr=3f400020 size=25c6ch (154732) map[0m
[0;32mI (155) esp_image: segment 1: paddr=00035c94 vaddr=3ffbdb60 size=04a54h ( 19028) load[0m
[0;32mI (162) esp_image: segment 2: paddr=0003a6f0 vaddr=40080000 size=05928h ( 22824) load[0m
[0;32mI (172) esp_image: segment 3: paddr=00040020 vaddr=400d0020 size=8cef0h (577264) map[0m
[0;32mI (370) esp_image: segment 4: paddr=000ccf18 vaddr=40085928 size=1378ch ( 79756) load[0m
[0;32mI (414) boot: Loaded app from partition at offset 0x10000[0m
[0;32mI (414) boot: Disabling RNG early entropy source...[0m
[0;32mI (425) cpu_start: Multicore app[0m
[0;32mI (434) cpu_start: Pro cpu start user code[0m
[0;32mI (434) cpu_start: cpu freq: 160000000 Hz[0m
[0;32mI (434) cpu_start: Application information:[0m
[0;32mI (437) cpu_start: Project name:     ils3000-arduino[0m
[0;32mI (443) cpu_start: App version:      7108813-dirty[0m
[0;32mI (448) cpu_start: Compile time:     Apr  8 2024 18:18:01[0m
[0;32mI (454) cpu_start: ELF file SHA256:  9be85c7fd...[0m
[0;32mI (460) cpu_start: ESP-IDF:          v5.2[0m
[0;32mI (465) cpu_start: Min chip rev:     v0.0[0m
[0;32mI (469) cpu_start: Max chip rev:     v3.99 [0m
[0;32mI (474) cpu_start: Chip rev:         v1.0[0m
[0;32mI (479) heap_init: Initializing. RAM available for dynamic allocation:[0m
[0;32mI (486) heap_init: At 3FFAFF10 len 000000F0 (0 KiB): DRAM[0m
[0;32mI (492) heap_init: At 3FFB6388 len 00001C78 (7 KiB): DRAM[0m
[0;32mI (498) heap_init: At 3FFB9A20 len 00004108 (16 KiB): DRAM[0m
[0;32mI (504) heap_init: At 3FFC3F90 len 0001C070 (112 KiB): DRAM[0m
[0;32mI (511) heap_init: At 3FFE0440 len 00003AE0 (14 KiB): D/IRAM[0m
[0;32mI (517) heap_init: At 3FFE4350 len 0001BCB0 (111 KiB): D/IRAM[0m
[0;32mI (523) heap_init: At 400990B4 len 00006F4C (27 KiB): IRAM[0m
[0;32mI (531) spi_flash: detected chip: generic[0m
[0;32mI (534) spi_flash: flash io: dio[0m
[0;33mW (538) spi_flash: Detected size(4096k) larger than the size in the binary image header(2048k). Using the size in the binary image header.[0m
[0;32mI (552) coexist: coex firmware version: 77cd7f8[0m
[0;32mI (557) main_task: Started on CPU0[0m
[0;32mI (567) main_task: Calling app_main()[0m
[0;32mI (567) ils3000-arduino.main: **** ILS3000 ARDUINO CONTROLLER (0.1-beta)****[0m
[0;32mI (567) ils3000-arduino.main: Following GPIO ports will be used:[0m
[0;32mI (577) ils3000-arduino.main: GPIO_PORT_CHARGE_RELAY: 5[0m
[0;32mI (577) ils3000-arduino.main: GPIO_PORT_VENTILATOR_RELAY: 6[0m
[0;32mI (587) ils3000-arduino.main: GPIO_PORT_THERMOSTAT: 7[0m
[0;32mI (637) BTDM_INIT: BT controller compile version [a38dc5c][0m
[0;32mI (637) BTDM_INIT: Bluetooth MAC: b4:e6:2d:fa:bd:0f[0m
[0;32mI (637) phy_init: phy_version 4791,2c4672b,Dec 20 2023,16:06:06[0m
[0;32mI (1087) ils3000-arduino.main: reg.app_id=0[0m
[0;32mI (1087) ils3000-arduino.main: REGISTER_APP_EVT, status 0, app_id 0[0m
Guru Meditation Error: Core  0 panic'ed (LoadStoreError). Exception was unhandled.

Core  0 register dump:
PC      : 0x4000c2af  PS      : 0x00060130  A0      : 0x800d7404  A1      : 0x3ffc8320  
A2      : 0x3ffbde3a  A3      : 0x400d73b8  A4      : 0x00000010  A5      : 0x3ffbde3a  
A6      : 0x3f40316c  A7      : 0x00000000  A8      : 0x80097010  A9      : 0x3ffc82b0  
A10     : 0x00000003  A11     : 0x3f40316c  A12     : 0x3f403374  A13     : 0x3ffc8310  
A14     : 0x3ffc82f0  A15     : 0x0000000c  SAR     : 0x00000004  EXCCAUSE: 0x00000003  
EXCVADDR: 0x400d73b8  LBEG    : 0x400014fd  LEND    : 0x4000150d  LCOUNT  : 0xfffffffa  


Backtrace: 0x4000c2ac:0x3ffc8320 0x400d7401:0x3ffc8330 0x400d729a:0x3ffc8370 0x400db132:0x3ffc83a0 0x400dbb1e:0x3ffc83c0 0x40105915:0x3ffc8410 0x401096eb:0x3ffc8430 0x40092071:0x3ffc8460




ELF file SHA256: 9be85c7fd

Rebooting...
ets Jun  8 2016 00:22:57

rst:0xc (SW_CPU_RESET),boot:0x13 (SPI_FAST_FLASH_BOOT)
configsip: 0, SPIWP:0xee
clk_drv:0x00,q_drv:0x00,d_drv:0x00,cs0_drv:0x00,hd_drv:0x00,wp_drv:0x00
mode:DIO, clock div:2
load:0x3fff0030,len:7172
load:0x40078000,len:15532
load:0x40080400,len:4
load:0x40080404,len:3904
entry 0x40080640
[0;32mI (29) boot: ESP-IDF v5.2 2nd stage bootloader[0m
[0;32mI (29) boot: compile time Apr  8 2024 18:18:03[0m
[0;32mI (29) boot: Multicore bootloader[0m
[0;32mI (33) boot: chip revision: v1.0[0m
[0;32mI (37) boot.esp32: SPI Speed      : 40MHz[0m
[0;32mI (42) boot.esp32: SPI Mode       : DIO[0m
[0;32mI (46) boot.esp32: SPI Flash Size : 2MB[0m
[0;32mI (51) boot: Enabling RNG early entropy source...[0m
[0;32mI (56) boot: Partition Table:[0m
[0;32mI (60) boot: ## Label            Usage          Type ST Offset   Length[0m
[0;32mI (67) boot:  0 nvs              WiFi data        01 02 00009000 00006000[0m
[0;32mI (74) boot:  1 phy_init         RF data          01 01 0000f000 00001000[0m
[0;32mI (82) boot:  2 factory          factory app      00 00 00010000 00100000[0m
[0;32mI (89) boot: End of partition table[0m
[0;32mI (94) esp_image: segment 0: paddr=00010020 vaddr=3f400020 size=25c6ch (154732) map[0m
[0;32mI (155) esp_image: segment 1: paddr=00035c94 vaddr=3ffbdb60 size=04a54h ( 19028) load[0m
[0;32mI (162) esp_image: segment 2: paddr=0003a6f0 vaddr=40080000 size=05928h ( 22824) load[0m
[0;32mI (172) esp_image: segment 3: paddr=00040020 vaddr=400d0020 size=8cef0h (577264) map[0m
[0;32mI (370) esp_image: segment 4: paddr=000ccf18 vaddr=40085928 size=1378ch ( 79756) load[0m
[0;32mI (414) boot: Loaded app from partition at offset 0x10000[0m
[0;32mI (414) boot: Disabling RNG early entropy source...[0m
[0;32mI (425) cpu_start: Multicore app[0m
[0;32mI (434) cpu_start: Pro cpu start user code[0m
[0;32mI (434) cpu_start: cpu freq: 160000000 Hz[0m
[0;32mI (434) cpu_start: Application information:[0m
[0;32mI (437) cpu_start: Project name:     ils3000-arduino[0m
[0;32mI (443) cpu_start: App version:      7108813-dirty[0m
[0;32mI (448) cpu_start: Compile time:     Apr  8 2024 18:18:01[0m
[0;32mI (454) cpu_start: ELF file SHA256:  9be85c7fd...[0m
[0;32mI (460) cpu_start: ESP-IDF:          v5.2[0m
[0;32mI (464) cpu_start: Min chip rev:     v0.0[0m
[0;32mI (469) cpu_start: Max chip rev:     v3.99 [0m
[0;32mI (474) cpu_start: Chip rev:         v1.0[0m
[0;32mI (479) heap_init: Initializing. RAM available for dynamic allocation:[0m
[0;32mI (486) heap_init: At 3FFAFF10 len 000000F0 (0 KiB): DRAM[0m
[0;32mI (492) heap_init: At 3FFB6388 len 00001C78 (7 KiB): DRAM[0m
[0;32mI (498) heap_init: At 3FFB9A20 len 00004108 (16 KiB): DRAM[0m
[0;32mI (504) heap_init: At 3FFC3F90 len 0001C070 (112 KiB): DRAM[0m
[0;32mI (511) heap_init: At 3FFE0440 len 00003AE0 (14 KiB): D/IRAM[0m
[0;32mI (517) heap_init: At 3FFE4350 len 0001BCB0 (111 KiB): D/IRAM[0m
[0;32mI (523) heap_init: At 400990B4 len 00006F4C (27 KiB): IRAM[0m
[0;32mI (531) spi_flash: detected chip: generic[0m
[0;32mI (534) spi_flash: flash io: dio[0m
[0;33mW (538) spi_flash: Detected size(4096k) larger than the size in the binary image header(2048k). Using the size in the binary image header.[0m
[0;32mI (552) coexist: coex firmware version: 77cd7f8[0m
[0;32mI (557) main_task: Started on CPU0[0m
[0;32mI (567) main_task: Calling app_main()[0m
[0;32mI (567) ils3000-arduino.main: **** ILS3000 ARDUINO CONTROLLER (0.1-beta)****[0m
[0;32mI (567) ils3000-arduino.main: Following GPIO ports will be used:[0m
[0;32mI (577) ils3000-arduino.main: GPIO_PORT_CHARGE_RELAY: 5[0m
[0;32mI (577) ils3000-arduino.main: GPIO_PORT_VENTILATOR_RELAY: 6[0m
[0;32mI (587) ils3000-arduino.main: GPIO_PORT_THERMOSTAT: 7[0m
[0;32mI (637) BTDM_INIT: BT controller compile version [a38dc5c][0m
[0;32mI (637) BTDM_INIT: Bluetooth MAC: b4:e6:2d:fa:bd:0f[0m
[0;32mI (637) phy_init: phy_version 4791,2c4672b,Dec 20 2023,16:06:06[0m
[0;32mI (1087) ils3000-arduino.main: reg.app_id=0[0m
[0;32mI (1087) ils3000-arduino.main: REGISTER_APP_EVT, status 0, app_id 0[0m
Guru Meditation Error: Core  0 panic'ed (LoadStoreError). Exception was unhandled.

Core  0 register dump:
PC      : 0x4000c2af  PS      : 0x00060130  A0      : 0x800d7404  A1      : 0x3ffc8320  
A2      : 0x3ffbde3a  A3      : 0x400d73b8  A4      : 0x00000010  A5      : 0x3ffbde3a  
A6      : 0x3f40316c  A7      : 0x00000000  A8      : 0x80097010  A9      : 0x3ffc82b0  
A10     : 0x00000003  A11     : 0x3f40316c  A12     : 0x3f403374  A13     : 0x3ffc8310  
A14     : 0x3ffc82f0  A15     : 0x0000000c  SAR     : 0x00000004  EXCCAUSE: 0x00000003  
EXCVADDR: 0x400d73b8  LBEG    : 0x400014fd  LEND    : 0x4000150d  LCOUNT  : 0xfffffffa  


Backtrace: 0x4000c2ac:0x3ffc8320 0x400d7401:0x3ffc8330 0x400d729a:0x3ffc8370 0x400db132:0x3ffc83a0 0x400dbb1e:0x3ffc83c0 0x40105915:0x3ffc8410 0x401096eb:0x3ffc8430 0x40092071:0x3ffc8460




ELF file SHA256: 9be85c7fd

Rebooting...
ets Jun  8 2016 00:22:57

rst:0xc (SW_CPU_RESET),boot:0x13 (SPI_FAST_FLASH_BOOT)
configsip: 0, SPIWP:0xee
clk_drv:0x00,q_drv:0x00,d_drv:0x00,cs0_drv:0x00,hd_drv:0x00,wp_drv:0x00
mode:DIO, clock div:2
load:0x3fff0030,len:7172
load:0x40078000,len:15532
load:0x40080400,len:4
load:0x40080404,len:3904
entry 0x40080640
[0;32mI (29) boot: ESP-IDF v5.2 2nd stage bootloader[0m
[0;32mI (29) boot: compile time Apr  8 2024 18:18:03[0m
[0;32mI (29) boot: Multicore bootloader[0m
[0;32mI (33) boot: chip revision: v1.0[0m
[0;32mI (37) boot.esp32: SPI Speed      : 40MHz[0m
[0;32mI (42) boot.esp32: SPI Mode       : DIO[0m
[0;32mI (46) boot.esp32: SPI Flash Size : 2MB[0m
[0;32mI (51) boot: Enabling RNG early entropy source...[0m
[0;32mI (56) boot: Partition Table:[0m
[0;32mI (60) boot: ## Label            Usage          Type ST Offset   Length[0m
[0;32mI (67) boot:  0 nvs              WiFi data        01 02 00009000 00006000[0m
[0;32mI (74) boot:  1 phy_init         RF data          01 01 0000f000 00001000[0m
[0;32mI (82) boot:  2 factory          factory app      00 00 00010000 00100000[0m
[0;32mI (89) boot: End of partition table[0m
[0;32mI (94) esp_image: segment 0: paddr=00010020 vaddr=3f400020 size=25c6ch (154732) map[0m
[0;32mI (155) esp_image: segment 1: paddr=00035c94 vaddr=3ffbdb60 size=04a54h ( 19028) load[0m
[0;32mI (162) esp_image: segment 2: paddr=0003a6f0 vaddr=40080000 size=05928h ( 22824) load[0m
[0;32mI (172) esp_image: segment 3: paddr=00040020 vaddr=400d0020 size=8cef0h (577264) map[0m
[0;32mI (370) esp_image: segment 4: paddr=000ccf18 vaddr=40085928 size=1378ch ( 79756) load[0m
[0;32mI (414) boot: Loaded app from partition at offset 0x10000[0m
[0;32mI (414) boot: Disabling RNG early entropy source...[0m
[0;32mI (425) cpu_start: Multicore app[0m
[0;32mI (434) cpu_start: Pro cpu start user code[0m
[0;32mI (434) cpu_start: cpu freq: 160000000 Hz[0m
[0;32mI (434) cpu_start: Application information:[0m
[0;32mI (437) cpu_start: Project name:     ils3000-arduino[0m
[0;32mI (443) cpu_start: App version:      7108813-dirty[0m
[0;32mI (448) cpu_start: Compile time:     Apr  8 2024 18:18:01[0m
[0;32mI (454) cpu_start: ELF file SHA256:  9be85c7fd...[0m
[0;32mI (460) cpu_start: ESP-IDF:          v5.2[0m
[0;32mI (464) cpu_start: Min chip rev:     v0.0[0m
[0;32mI (469) cpu_start: Max chip rev:     v3.99 [0m
[0;32mI (474) cpu_start: Chip rev:         v1.0[0m
[0;32mI (479) heap_init: Initializing. RAM available for dynamic allocation:[0m
[0;32mI (486) heap_init: At 3FFAFF10 len 000000F0 (0 KiB): DRAM[0m
[0;32mI (492) heap_init: At 3FFB6388 len 00001C78 (7 KiB): DRAM[0m
[0;32mI (498) heap_init: At 3FFB9A20 len 00004108 (16 KiB): DRAM[0m
[0;32mI (504) heap_init: At 3FFC3F90 len 0001C070 (112 KiB): DRAM[0m
[0;32mI (510) heap_init: At 3FFE0440 len 00003AE0 (14 KiB): D/IRAM[0m
[0;32mI (517) heap_init: At 3FFE4350 len 0001BCB0 (111 KiB): D/IRAM[0m
[0;32mI (523) heap_init: At 400990B4 len 00006F4C (27 KiB): IRAM[0m
[0;32mI (531) spi_flash: detected chip: generic[0m
[0;32mI (534) spi_flash: flash io: dio[0m
[0;33mW (538) spi_flash: Detected size(4096k) larger than the size in the binary image header(2048k). Using the size in the binary image header.[0m
[0;32mI (552) coexist: coex firmware version: 77cd7f8[0m
[0;32mI (557) main_task: Started on CPU0[0m
[0;32mI (567) main_task: Calling app_main()[0m
[0;32mI (567) ils3000-arduino.main: **** ILS3000 ARDUINO CONTROLLER (0.1-beta)****[0m
[0;32mI (567) ils3000-arduino.main: Following GPIO ports will be used:[0m
[0;32mI (577) ils3000-arduino.main: GPIO_PORT_CHARGE_RELAY: 5[0m
[0;32mI (577) ils3000-arduino.main: GPIO_PORT_VENTILATOR_RELAY: 6[0m
[0;32mI (587) ils3000-arduino.main: GPIO_PORT_THERMOSTAT: 7[0m
[0;32mI (637) BTDM_INIT: BT controller compile version [a38dc5c][0m
[0;32mI (637) BTDM_INIT: Bluetooth MAC: b4:e6:2d:fa:bd:0f[0m
[0;32mI (637) phy_init: phy_version 4791,2c4672b,Dec 20 2023,16:06:06[0m
[0;32mI (1077) ils3000-arduino.main: reg.app_id=0[0m
[0;32mI (1087) ils3000-arduino.main: REGISTER_APP_EVT, status 0, app_id 0[0m
Guru Meditation Error: Core  0 panic'ed (LoadStoreError). Exception was unhandled.

Core  0 register dump:
PC      : 0x4000c2af  PS      : 0x00060130  A0      : 0x800d7404  A1      : 0x3ffc8320  
A2      : 0x3ffbde3a  A3      : 0x400d73b8  A4      : 0x00000010  A5      : 0x3ffbde3a  
A6      : 0x3f40316c  A7      : 0x00000000  A8      : 0x80097010  A9      : 0x3ffc82b0  
A10     : 0x00000003  A11     : 0x3f40316c  A12     : 0x3f403374  A13     : 0x3ffc8310  
A14     : 0x3ffc82f0  A15     : 0x0000000c  SAR     : 0x00000004  EXCCAUSE: 0x00000003  
EXCVADDR: 0x400d73b8  LBEG    : 0x400014fd  LEND    : 0x4000150d  LCOUNT  : 0xfffffffa  


Backtrace: 0x4000c2ac:0x3ffc8320 0x400d7401:0x3ffc8330 0x400d729a:0x3ffc8370 0x400db132:0x3ffc83a0 0x400dbb1e:0x3ffc83c0 0x40105915:0x3ffc8410 0x401096eb:0x3ffc8430 0x40092071:0x3ffc8460




ELF file SHA256: 9be85c7fd

Rebooting...
ets Jun  8 2016 00:22:57

rst:0xc (SW_CPU_RESET),boot:0x13 (SPI_FAST_FLASH_BOOT)
configsip: 0, SPIWP:0xee
clk_drv:0x00,q_drv:0x00,d_drv:0x00,cs0_drv:0x00,hd_drv:0x00,wp_drv:0x00
mode:DIO, clock div:2
load:0x3fff0030,len:7172
load:0x40078000,len:15532
load:0x40080400,len:4
load:0x40080404,len:3904
entry 0x40080640
[0;32mI (29) boot: ESP-IDF v5.2 2nd stage bootloader[0m
[0;32mI (29) boot: compile time Apr  8 2024 18:18:03[0m
[0;32mI (29) boot: Multicore bootloader[0m
[0;32mI (33) boot: chip revision: v1.0[0m
[0;32mI (37) boot.esp32: SPI Speed      : 40MHz[0m
[0;32mI (42) boot.esp32: SPI Mode       : DIO[0m
[0;32mI (46) boot.esp32: SPI Flash Size : 2MB[0m
[0;32mI (51) boot: Enabling RNG early entropy source...[0m
[0;32mI (56) boot: Partition Table:[0m
[0;32mI (60) boot: ## Label            Usage          Type ST Offset   Length[0m
[0;32mI (67) boot:  0 nvs              WiFi data        01 02 00009000 00006000[0m
[0;32mI (74) boot:  1 phy_init         RF data          01 01 0000f000 00001000[0m
[0;32mI (82) boot:  2 factory          factory app      00 00 00010000 00100000[0m
[0;32mI (89) boot: End of partition table[0m
[0;32mI (94) esp_image: segment 0: paddr=00010020 vaddr=3f400020 size=25c6ch (154732) map[0m
[0;32mI (155) esp_image: segment 1: paddr=00035c94 vaddr=3ffbdb60 size=04a54h ( 19028) load[0m
[0;32mI (162) esp_image: segment 2: paddr=0003a6f0 vaddr=40080000 size=05928h ( 22824) load[0m
[0;32mI (172) esp_image: segment 3: paddr=00040020 vaddr=400d0020 size=8cef0h (577264) map[0m
[0;32mI (370) esp_image: segment 4: paddr=000ccf18 vaddr=40085928 size=1378ch ( 79756) load[0m
[0;32mI (414) boot: Loaded app from partition at offset 0x10000[0m
[0;32mI (414) boot: Disabling RNG early entropy source...[0m
[0;32mI (425) cpu_start: Multicore app[0m
[0;32mI (434) cpu_start: Pro cpu start user code[0m
[0;32mI (434) cpu_start: cpu freq: 160000000 Hz[0m
[0;32mI (434) cpu_start: Application information:[0m
[0;32mI (437) cpu_start: Project name:     ils3000-arduino[0m
[0;32mI (443) cpu_start: App version:      7108813-dirty[0m
[0;32mI (448) cpu_start: Compile time:     Apr  8 2024 18:18:01[0m
[0;32mI (454) cpu_start: ELF file SHA256:  9be85c7fd...[0m
[0;32mI (460) cpu_start: ESP-IDF:          v5.2[0m
[0;32mI (464) cpu_start: Min chip rev:     v0.0[0m
[0;32mI (469) cpu_start: Max chip rev:     v3.99 [0m
[0;32mI (474) cpu_start: Chip rev:         v1.0[0m
[0;32mI (479) heap_init: Initializing. RAM available for dynamic allocation:[0m
[0;32mI (486) heap_init: At 3FFAFF10 len 000000F0 (0 KiB): DRAM[0m
[0;32mI (492) heap_init: At 3FFB6388 len 00001C78 (7 KiB): DRAM[0m
[0;32mI (498) heap_init: At 3FFB9A20 len 00004108 (16 KiB): DRAM[0m
[0;32mI (504) heap_init: At 3FFC3F90 len 0001C070 (112 KiB): DRAM[0m
[0;32mI (510) heap_init: At 3FFE0440 len 00003AE0 (14 KiB): D/IRAM[0m
[0;32mI (517) heap_init: At 3FFE4350 len 0001BCB0 (111 KiB): D/IRAM[0m
[0;32mI (523) heap_init: At 400990B4 len 00006F4C (27 KiB): IRAM[0m
[0;32mI (531) spi_flash: detected chip: generic[0m
[0;32mI (534) spi_flash: flash io: dio[0m
[0;33mW (538) spi_flash: Detected size(4096k) larger than the size in the binary image header(2048k). Using the size in the binary image header.[0m
[0;32mI (552) coexist: coex firmware version: 77cd7f8[0m
[0;32mI (557) main_task: Started on CPU0[0m
[0;32mI (567) main_task: Calling app_main()[0m
[0;32mI (567) ils3000-arduino.main: **** ILS3000 ARDUINO CONTROLLER (0.1-beta)****[0m
[0;32mI (567) ils3000-arduino.main: Following GPIO ports will be used:[0m
[0;32mI (577) ils3000-arduino.main: GPIO_PORT_CHARGE_RELAY: 5[0m
[0;32mI (577) ils3000-arduino.main: GPIO_PORT_VENTILATOR_RELAY: 6[0m
[0;32mI (587) ils3000-arduino.main: GPIO_PORT_THERMOSTAT: 7[0m
[0;32mI (637) BTDM_INIT: BT controller compile version [a38dc5c][0m
[0;32mI (637) BTDM_INIT: Bluetooth MAC: b4:e6:2d:fa:bd:0f[0m
[0;32mI (637) phy_init: phy_version 4791,2c4672b,Dec 20 2023,16:06:06[0m
[0;32mI (1077) ils3000-arduino.main: reg.app_id=0[0m
[0;32mI (1087) ils3000-arduino.main: REGISTER_APP_EVT, status 0, app_id 0[0m
Guru Meditation Error: Core  0 panic'ed (LoadStoreError). Exception was unhandled.

Core  0 register dump:
PC      : 0x4000c2af  PS      : 0x00060130  A0      : 0x800d7404  A1      : 0x3ffc8320  
A2      : 0x3ffbde3a  A3      : 0x400d73b8  A4      : 0x00000010  A5      : 0x3ffbde3a  
A6      : 0x3f40316c  A7      : 0x00000000  A8      : 0x80097010  A9      : 0x3ffc82b0  
A10     : 0x00000003  A11     : 0x3f40316c  A12     : 0x3f403374  A13     : 0x3ffc8310  
A14     : 0x3ffc82f0  A15     : 0x0000000c  SAR     : 0x00000004  EXCCAUSE: 0x00000003  
EXCVADDR: 0x400d73b8  LBEG    : 0x400014fd  LEND    : 0x4000150d  LCOUNT  : 0xfffffffa  


Backtrace: 0x4000c2ac:0x3ffc8320 0x400d7401:0x3ffc8330 0x400d729a:0x3ffc8370 0x400db132:0x3ffc83a0 0x400dbb1e:0x3ffc83c0 0x40105915:0x3ffc8410 0x401096eb:0x3ffc8430 0x40092071:0x3ffc8460




ELF file SHA256: 9be85c7fd

Rebooting...
ets Jun  8 2016 00:22:57

rst:0xc (SW_CPU_RESET),boot:0x13 (SPI_FAST_FLASH_BOOT)
configsip: 0, SPIWP:0xee
clk_drv:0x00,q_drv:0x00,d_drv:0x00,cs0_drv:0x00,hd_drv:0x00,wp_drv:0x00
mode:DIO, clock div:2
load:0x3fff0030,len:7172
load:0x40078000,len:15532
load:0x40080400,len:4
load:0x40080404,len:3904
entry 0x40080640
[0;32mI (29) boot: ESP-IDF v5.2 2nd stage bootloader[0m
[0;32mI (29) boot: compile time Apr  8 2024 18:18:03[0m
[0;32mI (29) boot: Multicore bootloader[0m
[0;32mI (33) boot: chip revision: v1.0[0m
[0;32mI (37) boot.esp32: SPI Speed      : 40MHz[0m
[0;32mI (42) boot.esp32: SPI Mode       : DIO[0m
[0;32mI (46) boot.esp32: SPI Flash Size : 2MB[0m
[0;32mI (51) boot: Enabling RNG early entropy source...[0m
[0;32mI (56) boot: Partition Table:[0m
[0;32mI (60) boot: ## Label            Usage          Type ST Offset   Length[0m
[0;32mI (67) boot:  0 nvs              WiFi data        01 02 00009000 00006000[0m
[0;32mI (74) boot:  1 phy_init         RF data          01 01 0000f000 00001000[0m
[0;32mI (82) boot:  2 factory          factory app      00 00 00010000 00100000[0m
[0;32mI (89) boot: End of partition table[0m
[0;32mI (94) esp_image: segment 0: paddr=00010020 vaddr=3f400020 size=25c6ch (154732) map[0m
[0;32mI (155) esp_image: segment 1: paddr=00035c94 vaddr=3ffbdb60 size=04a54h ( 19028) load[0m
[0;32mI (162) esp_image: segment 2: paddr=0003a6f0 vaddr=40080000 size=05928h ( 22824) load[0m
[0;32mI (172) esp_image: segment 3: paddr=00040020 vaddr=400d0020 size=8cef0h (577264) map[0m
[0;32mI (370) esp_image: segment 4: paddr=000ccf18 vaddr=40085928 size=1378ch ( 79756) load[0m
[0;32mI (414) boot: Loaded app from partition at offset 0x10000[0m
[0;32mI (414) boot: Disabling RNG early entropy source...[0m
[0;32mI (425) cpu_start: Multicore app[0m
[0;32mI (434) cpu_start: Pro cpu start user code[0m
[0;32mI (434) cpu_start: cpu freq: 160000000 Hz[0m
[0;32mI (434) cpu_start: Application information:[0m
[0;32mI (437) cpu_start: Project name:     ils3000-arduino[0m
[0;32mI (443) cpu_start: App version:      7108813-dirty[0m
[0;32mI (448) cpu_start: Compile time:     Apr  8 2024 18:18:01[0m
[0;32mI (454) cpu_start: ELF file SHA256:  9be85c7fd...[0m
[0;32mI (460) cpu_start: ESP-IDF:          v5.2[0m
[0;32mI (465) cpu_start: Min chip rev:     v0.0[0m
[0;32mI (469) cpu_start: Max chip rev:     v3.99 [0m
[0;32mI (474) cpu_start: Chip rev:         v1.0[0m
[0;32mI (479) heap_init: Initializing. RAM available for dynamic allocation:[0m
[0;32mI (486) heap_init: At 3FFAFF10 len 000000F0 (0 KiB): DRAM[0m
[0;32mI (492) heap_init: At 3FFB6388 len 00001C78 (7 KiB): DRAM[0m
[0;32mI (498) heap_init: At 3FFB9A20 len 00004108 (16 KiB): DRAM[0m
[0;32mI (504) heap_init: At 3FFC3F90 len 0001C070 (112 KiB): DRAM[0m
[0;32mI (511) heap_init: At 3FFE0440 len 00003AE0 (14 KiB): D/IRAM[0m
[0;32mI (517) heap_init: At 3FFE4350 len 0001BCB0 (111 KiB): D/IRAM[0m
[0;32mI (523) heap_init: At 400990B4 len 00006F4C (27 KiB): IRAM[0m
[0;32mI (531) spi_flash: detected chip: generic[0m
[0;32mI (534) spi_flash: flash io: dio[0m
[0;33mW (538) spi_flash: Detected size(4096k) larger than the size in the binary image header(2048k). Using the size in the binary image header.[0m
[0;32mI (552) coexist: coex firmware version: 77cd7f8[0m
[0;32mI (557) main_task: Started on CPU0[0m
[0;32mI (567) main_task: Calling app_main()[0m
[0;32mI (567) ils3000-arduino.main: **** ILS3000 ARDUINO CONTROLLER (0.1-beta)****[0m
[0;32mI (567) ils3000-arduino.main: Following GPIO ports will be used:[0m
[0;32mI (577) ils3000-arduino.main: GPIO_PORT_CHARGE_RELAY: 5[0m
[0;32mI (577) ils3000-arduino.main: GPIO_PORT_VENTILATOR_RELAY: 6[0m
[0;32mI (587) ils3000-arduino.main: GPIO_PORT_THERMOSTAT: 7[0m
[0;32mI (637) BTDM_INIT: BT controller compile version [a38dc5c][0m
[0;32mI (637) BTDM_INIT: Bluetooth MAC: b4:e6:2d:fa:bd:0f[0m
[0;32mI (637) phy_init: phy_version 4791,2c4672b,Dec 20 2023,16:06:06[0m
[0;32mI (1087) ils3000-arduino.main: reg.app_id=0[0m
[0;32mI (1087) ils3000-arduino.main: REGISTER_APP_EVT, status 0, app_id 0[0m
Guru Meditation Error: Core  0 panic'ed (LoadStoreError). Exception was unhandled.

Core  0 register dump:
PC      : 0x4000c2af  PS      : 0x00060130  A0      : 0x800d7404  A1      : 0x3ffc8320  
A2      : 0x3ffbde3a  A3      : 0x400d73b8  A4      : 0x00000010  A5      : 0x3ffbde3a  
A6      : 0x3f40316c  A7      : 0x00000000  A8      : 0x80097010  A9      : 0x3ffc82b0  
A10     : 0x00000003  A11     : 0x3f40316c  A12     : 0x3f403374  A13     : 0x3ffc8310  
A14     : 0x3ffc82f0  A15     : 0x0000000c  SAR     : 0x00000004  EXCCAUSE: 0x00000003  
EXCVADDR: 0x400d73b8  LBEG    : 0x400014fd  LEND    : 0x4000150d  LCOUNT  : 0xfffffffa  


Backtrace: 0x4000c2ac:0x3ffc8320 0x400d7401:0x3ffc8330 0x400d729a:0x3ffc8370 0x400db132:0x3ffc83a0 0x400dbb1e:0x3ffc83c0 0x40105915:0x3ffc8410 0x401096eb:0x3ffc8430 0x40092071:0x3ffc8460




ELF file SHA256: 9be85c7fd

Rebooting...
ets Jun  8 2016 00:22:57

rst:0xc (SW_CPU_RESET),boot:0x13 (SPI_FAST_FLASH_BOOT)
configsip: 0, SPIWP:0xee
clk_drv:0x00,q_drv:0x00,d_drv:0x00,cs0_drv:0x00,hd_drv:0x00,wp_drv:0x00
mode:DIO, clock div:2
load:0x3fff0030,len:7172
load:0x40078000,len:15532
load:0x40080400,len:4
load:0x40080404,len:3904
entry 0x40080640
[0;32mI (29) boot: ESP-IDF v5.2 2nd stage bootloader[0m
[0;32mI (29) boot: compile time Apr  8 2024 18:18:03[0m
[0;32mI (29) boot: Multicore bootloader[0m
[0;32mI (33) boot: chip revision: v1.0[0m
[0;32mI (37) boot.esp32: SPI Speed      : 40MHz[0m
[0;32mI (42) boot.esp32: SPI Mode       : DIO[0m
[0;32mI (46) boot.esp32: SPI Flash Size : 2MB[0m
[0;32mI (51) boot: Enabling RNG early entropy source...[0m
[0;32mI (56) boot: Partition Table:[0m
[0;32mI (60) boot: ## Label            Usage          Type ST Offset   Length[0m
[0;32mI (67) boot:  0 nvs              WiFi data        01 02 00009000 00006000[0m
[0;32mI (74) boot:  1 phy_init         RF data          01 01 0000f000 00001000[0m
[0;32mI (82) boot:  2 factory          factory app      00 00 00010000 00100000[0m
[0;32mI (89) boot: End of partition table[0m
[0;32mI (94) esp_image: segment 0: paddr=00010020 vaddr=3f400020 size=25c6ch (154732) map[0m
[0;32mI (155) esp_image: segment 1: paddr=00035c94 vaddr=3ffbdb60 size=04a54h ( 19028) load[0m
[0;32mI (162) esp_image: segment 2: paddr=0003a6f0 vaddr=40080000 size=05928h ( 22824) load[0m
[0;32mI (172) esp_image: segment 3: paddr=00040020 vaddr=400d0020 size=8cef0h (577264) map[0m
[0;32mI (370) esp_image: segment 4: paddr=000ccf18 vaddr=40085928 size=1378ch ( 79756) load[0m
[0;32mI (414) boot: Loaded app from partition at offset 0x10000[0m
[0;32mI (414) boot: Disabling RNG early entropy source...[0m
[0;32mI (425) cpu_start: Multicore app[0m
[0;32mI (434) cpu_start: Pro cpu start user code[0m
[0;32mI (434) cpu_start: cpu freq: 160000000 Hz[0m
[0;32mI (434) cpu_start: Application information:[0m
[0;32mI (437) cpu_start: Project name:     ils3000-arduino[0m
[0;32mI (443) cpu_start: App version:      7108813-dirty[0m
[0;32mI (448) cpu_start: Compile time:     Apr  8 2024 18:18:01[0m
[0;32mI (454) cpu_start: ELF file SHA256:  9be85c7fd...[0m
[0;32mI (460) cpu_start: ESP-IDF:          v5.2[0m
[0;32mI (464) cpu_start: Min chip rev:     v0.0[0m
[0;32mI (469) cpu_start: Max chip rev:     v3.99 [0m
[0;32mI (474) cpu_start: Chip rev:         v1.0[0m
[0;32mI (479) heap_init: Initializing. RAM available for dynamic allocation:[0m
[0;32mI (486) heap_init: At 3FFAFF10 len 000000F0 (0 KiB): DRAM[0m
[0;32mI (492) heap_init: At 3FFB6388 len 00001C78 (7 KiB): DRAM[0m
[0;32mI (498) heap_init: At 3FFB9A20 len 00004108 (16 KiB): DRAM[0m
[0;32mI (504) heap_init: At 3FFC3F90 len 0001C070 (112 KiB): DRAM[0m
[0;32mI (511) heap_init: At 3FFE0440 len 00003AE0 (14 KiB): D/IRAM[0m
[0;32mI (517) heap_init: At 3FFE4350 len 0001BCB0 (111 KiB): D/IRAM[0m
[0;32mI (523) heap_init: At 400990B4 len 00006F4C (27 KiB): IRAM[0m
[0;32mI (531) spi_flash: detected chip: generic[0m
[0;32mI (534) spi_flash: flash io: dio[0m
[0;33mW (538) spi_flash: Detected size(4096k) larger than the size in the binary image header(2048k). Using the size in the binary image header.[0m
[0;32mI (552) coexist: coex firmware version: 77cd7f8[0m
[0;32mI (557) main_task: Started on CPU0[0m
[0;32mI (567) main_task: Calling app_main()[0m
[0;32mI (567) ils3000-arduino.main: **** ILS3000 ARDUINO CONTROLLER (0.1-beta)****[0m
[0;32mI (567) ils3000-arduino.main: Following GPIO ports will be used:[0m
[0;32mI (577) ils3000-arduino.main: GPIO_PORT_CHARGE_RELAY: 5[0m
[0;32mI (577) ils3000-arduino.main: GPIO_PORT_VENTILATOR_RELAY: 6[0m
[0;32mI (587) ils3000-arduino.main: GPIO_PORT_THERMOSTAT: 7[0m
[0;32mI (637) BTDM_INIT: BT controller compile version [a38dc5c][0m
[0;32mI (637) BTDM_INIT: Bluetooth MAC: b4:e6:2d:fa:bd:0f[0m
[0;32mI (637) phy_init: phy_version 4791,2c4672b,Dec 20 2023,16:06:06[0m
[0;32mI (1087) ils3000-arduino.main: reg.app_id=0[0m
[0;32mI (1087) ils3000-arduino.main: REGISTER_APP_EVT, status 0, app_id 0[0m
Guru Meditation Error: Core  0 panic'ed (LoadStoreError). Exception was unhandled.

Core  0 register dump:
PC      : 0x4000c2af  PS      : 0x00060130  A0      : 0x800d7404  A1      : 0x3ffc8320  
A2      : 0x3ffbde3a  A3      : 0x400d73b8  A4      : 0x00000010  A5      : 0x3ffbde3a  
A6      : 0x3f40316c  A7      : 0x00000000  A8      : 0x80097010  A9      : 0x3ffc82b0  
A10     : 0x00000003  A11     : 0x3f40316c  A12     : 0x3f403374  A13     : 0x3ffc8310  
A14     : 0x3ffc82f0  A15     : 0x0000000c  SAR     : 0x00000004  EXCCAUSE: 0x00000003  
EXCVADDR: 0x400d73b8  LBEG    : 0x400014fd  LEND    : 0x4000150d  LCOUNT  : 0xfffffffa  


Backtrace: 0x4000c2ac:0x3ffc8320 0x400d7401:0x3ffc8330 0x400d729a:0x3ffc8370 0x400db132:0x3ffc83a0 0x400dbb1e:0x3ffc83c0 0x40105915:0x3ffc8410 0x401096eb:0x3ffc8430 0x40092071:0x3ffc8460




ELF file SHA256: 9be85c7fd

Rebooting...
ets Jun  8 2016 00:22:57

rst:0xc (SW_CPU_RESET),boot:0x13 (SPI_FAST_FLASH_BOOT)
configsip: 0, SPIWP:0xee
clk_drv:0x00,q_drv:0x00,d_drv:0x00,cs0_drv:0x00,hd_drv:0x00,wp_drv:0x00
mode:DIO, clock div:2
load:0x3fff0030,len:7172
load:0x40078000,len:15532
load:0x40080400,len:4
load:0x40080404,len:3904
entry 0x40080640
[0;32mI (29) boot: ESP-IDF v5.2 2nd stage bootloader[0m
[0;32mI (29) boot: compile time Apr  8 2024 18:18:03[0m
[0;32mI (29) boot: Multicore bootloader[0m
[0;32mI (33) boot: chip revision: v1.0[0m
[0;32mI (37) boot.esp32: SPI Speed      : 40MHz[0m
[0;32mI (42) boot.esp32: SPI Mode       : DIO[0m
[0;32mI (46) boot.esp32: SPI Flash Size : 2MB[0m
[0;32mI (51) boot: Enabling RNG early entropy source...[0m
[0;32mI (56) boot: Partition Table:[0m
[0;32mI (60) boot: ## Label            Usage          Type ST Offset   Length[0m
[0;32mI (67) boot:  0 nvs              WiFi data        01 02 00009000 00006000[0m
[0;32mI (74) boot:  1 phy_init         RF data          01 01 0000f000 00001000[0m
[0;32mI (82) boot:  2 factory          factory app      00 00 00010000 00100000[0m
[0;32mI (89) boot: End of partition table[0m
[0;32mI (94) esp_image: segment 0: paddr=00010020 vaddr=3f400020 size=25c6ch (154732) map[0m
[0;32mI (155) esp_image: segment 1: paddr=00035c94 vaddr=3ffbdb60 size=04a54h ( 19028) load[0m
[0;32mI (162) esp_image: segment 2: paddr=0003a6f0 vaddr=40080000 size=05928h ( 22824) load[0m
[0;32mI (172) esp_image: segment 3: paddr=00040020 vaddr=400d0020 size=8cef0h (577264) map[0m
[0;32mI (370) esp_image: segment 4: paddr=000ccf18 vaddr=40085928 size=1378ch ( 79756) load[0m
[0;32mI (414) boot: Loaded app from partition at offset 0x10000[0m
[0;32mI (414) boot: Disabling RNG early entropy source...[0m
[0;32mI (425) cpu_start: Multicore app[0m
[0;32mI (434) cpu_start: Pro cpu start user code[0m
[0;32mI (434) cpu_start: cpu freq: 160000000 Hz[0m
[0;32mI (434) cpu_start: Application information:[0m
[0;32mI (437) cpu_start: Project name:     ils3000-arduino[0m
[0;32mI (443) cpu_start: App version:      7108813-dirty[0m
[0;32mI (448) cpu_start: Compile time:     Apr  8 2024 18:18:01[0m
[0;32mI (454) cpu_start: ELF file SHA256:  9be85c7fd...[0m
[0;32mI (460) cpu_start: ESP-IDF:          v5.2[0m
[0;32mI (465) cpu_start: Min chip rev:     v0.0[0m
[0;32mI (469) cpu_start: Max chip rev:     v3.99 [0m
[0;32mI (474) cpu_start: Chip rev:         v1.0[0m
[0;32mI (479) heap_init: Initializing. RAM available for dynamic allocation:[0m
[0;32mI (486) heap_init: At 3FFAFF10 len 000000F0 (0 KiB): DRAM[0m
[0;32mI (492) heap_init: At 3FFB6388 len 00001C78 (7 KiB): DRAM[0m
[0;32mI (498) heap_init: At 3FFB9A20 len 00004108 (16 KiB): DRAM[0m
[0;32mI (504) heap_init: At 3FFC3F90 len 0001C070 (112 KiB): DRAM[0m
[0;32mI (511) heap_init: At 3FFE0440 len 00003AE0 (14 KiB): D/IRAM[0m
[0;32mI (517) heap_init: At 3FFE4350 len 0001BCB0 (111 KiB): D/IRAM[0m
[0;32mI (523) heap_init: At 400990B4 len 00006F4C (27 KiB): IRAM[0m
[0;32mI (531) spi_flash: detected chip: generic[0m
[0;32mI (534) spi_flash: flash io: dio[0m
[0;33mW (538) spi_flash: Detected size(4096k) larger than the size in the binary image header(2048k). Using the size in the binary image header.[0m
[0;32mI (552) coexist: coex firmware version: 77cd7f8[0m
[0;32mI (557) main_task: Started on CPU0[0m
[0;32mI (567) main_task: Calling app_main()[0m
[0;32mI (567) ils3000-arduino.main: **** ILS3000 ARDUINO CONTROLLER (0.1-beta)****[0m
[0;32mI (567) ils3000-arduino.main: Following GPIO ports will be used:[0m
[0;32mI (577) ils3000-arduino.main: GPIO_PORT_CHARGE_RELAY: 5[0m
[0;32mI (577) ils3000-arduino.main: GPIO_PORT_VENTILATOR_RELAY: 6[0m
[0;32mI (587) ils3000-arduino.main: GPIO_PORT_THERMOSTAT: 7[0m
[0;32mI (637) BTDM_INIT: BT controller compile version [a38dc5c][0m
[0;32mI (637) BTDM_INIT: Bluetooth MAC: b4:e6:2d:fa:bd:0f[0m
[0;32mI (637) phy_init: phy_version 4791,2c4672b,Dec 20 2023,16:06:06[0m
[0;32mI (1087) ils3000-arduino.main: reg.app_id=0[0m
[0;32mI (1087) ils3000-arduino.main: REGISTER_APP_EVT, status 0, app_id 0[0m
Guru Meditation Error: Core  0 panic'ed (LoadStoreError). Exception was unhandled.

Core  0 register dump:
PC      : 0x4000c2af  PS      : 0x00060130  A0      : 0x800d7404  A1      : 0x3ffc8320  
A2      : 0x3ffbde3a  A3      : 0x400d73b8  A4      : 0x00000010  A5      : 0x3ffbde3a  
A6      : 0x3f40316c  A7      : 0x00000000  A8      : 0x80097010  A9      : 0x3ffc82b0  
A10     : 0x00000003  A11     : 0x3f40316c  A12     : 0x3f403374  A13     : 0x3ffc8310  
A14     : 0x3ffc82f0  A15     : 0x0000000c  SAR     : 0x00000004  EXCCAUSE: 0x00000003  
EXCVADDR: 0x400d73b8  LBEG    : 0x400014fd  LEND    : 0x4000150d  LCOUNT  : 0xfffffffa  


Backtrace: 0x4000c2ac:0x3ffc8320 0x400d7401:0x3ffc8330 0x400d729a:0x3ffc8370 0x400db132:0x3ffc83a0 0x400dbb1e:0x3ffc83c0 0x40105915:0x3ffc8410 0x401096eb:0x3ffc8430 0x40092071:0x3ffc8460




ELF file SHA256: 9be85c7fd

Rebooting...
ets Jun  8 2016 00:22:57

rst:0xc (SW_CPU_RESET),boot:0x13 (SPI_FAST_FLASH_BOOT)
configsip: 0, SPIWP:0xee
clk_drv:0x00,q_drv:0x00,d_drv:0x00,cs0_drv:0x00,hd_drv:0x00,wp_drv:0x00
mode:DIO, clock div:2
load:0x3fff0030,len:7172
load:0x40078000,len:15532
load:0x40080400,len:4
load:0x40080404,len:3904
entry 0x40080640
[0;32mI (29) boot: ESP-IDF v5.2 2nd stage bootloader[0m
[0;32mI (29) boot: compile time Apr  8 2024 18:18:03[0m
[0;32mI (29) boot: Multicore bootloader[0m
[0;32mI (33) boot: chip revision: v1.0[0m
[0;32mI (37) boot.esp32: SPI Speed      : 40MHz[0m
[0;32mI (42) boot.esp32: SPI Mode       : DIO[0m
[0;32mI (46) boot.esp32: SPI Flash Size : 2MB[0m
[0;32mI (51) boot: Enabling RNG early entropy source...[0m
[0;32mI (56) boot: Partition Table:[0m
[0;32mI (60) boot: ## Label            Usage          Type ST Offset   Length[0m
[0;32mI (67) boot:  0 nvs              WiFi data        01 02 00009000 00006000[0m
[0;32mI (74) boot:  1 phy_init         RF data          01 01 0000f000 00001000[0m
[0;32mI (82) boot:  2 factory          factory app      00 00 00010000 00100000[0m
[0;32mI (89) boot: End of partition table[0m
[0;32mI (94) esp_image: segment 0: paddr=00010020 vaddr=3f400020 size=25c6ch (154732) map[0m
[0;32mI (155) esp_image: segment 1: paddr=00035c94 vaddr=3ffbdb60 size=04a54h ( 19028) load[0m
[0;32mI (162) esp_image: segment 2: paddr=0003a6f0 vaddr=40080000 size=05928h ( 22824) load[0m
[0;32mI (172) esp_image: segment 3: paddr=00040020 vaddr=400d0020 size=8cef0h (577264) map[0m
[0;32mI (370) esp_image: segment 4: paddr=000ccf18 vaddr=40085928 size=1378ch ( 79756) load[0m
[0;32mI (414) boot: Loaded app from partition at offset 0x10000[0m
[0;32mI (414) boot: Disabling RNG early entropy source...[0m
[0;32mI (425) cpu_start: Multicore app[0m
[0;32mI (434) cpu_start: Pro cpu start user code[0m
[0;32mI (434) cpu_start: cpu freq: 160000000 Hz[0m
[0;32mI (434) cpu_start: Application information:[0m
[0;32mI (437) cpu_start: Project name:     ils3000-arduino[0m
[0;32mI (443) cpu_start: App version:      7108813-dirty[0m
[0;32mI (448) cpu_start: Compile time:     Apr  8 2024 18:18:01[0m
[0;32mI (454) cpu_start: ELF file SHA256:  9be85c7fd...[0m
[0;32mI (460) cpu_start: ESP-IDF:          v5.2[0m
[0;32mI (464) cpu_start: Min chip rev:     v0.0[0m
[0;32mI (469) cpu_start: Max chip rev:     v3.99 [0m
[0;32mI (474) cpu_start: Chip rev:         v1.0[0m
[0;32mI (479) heap_init: Initializing. RAM available for dynamic allocation:[0m
[0;32mI (486) heap_init: At 3FFAFF10 len 000000F0 (0 KiB): DRAM[0m
[0;32mI (492) heap_init: At 3FFB6388 len 00001C78 (7 KiB): DRAM[0m
[0;32mI (498) heap_init: At 3FFB9A20 len 00004108 (16 KiB): DRAM[0m
[0;32mI (504) heap_init: At 3FFC3F90 len 0001C070 (112 KiB): DRAM[0m
[0;32mI (511) heap_init: At 3FFE0440 len 00003AE0 (14 KiB): D/IRAM[0m
[0;32mI (517) heap_init: At 3FFE4350 len 0001BCB0 (111 KiB): D/IRAM[0m
[0;32mI (523) heap_init: At 400990B4 len 00006F4C (27 KiB): IRAM[0m
[0;32mI (531) spi_flash: detected chip: generic[0m
[0;32mI (534) spi_flash: flash io: dio[0m
[0;33mW (538) spi_flash: Detected size(4096k) larger than the size in the binary image header(2048k). Using the size in the binary image header.[0m
[0;32mI (552) coexist: coex firmware version: 77cd7f8[0m
[0;32mI (557) main_task: Started on CPU0[0m
[0;32mI (567) main_task: Calling app_main()[0m
[0;32mI (567) ils3000-arduino.main: **** ILS3000 ARDUINO CONTROLLER (0.1-beta)****[0m
[0;32mI (567) ils3000-arduino.main: Following GPIO ports will be used:[0m
[0;32mI (577) ils3000-arduino.main: GPIO_PORT_CHARGE_RELAY: 5[0m
[0;32mI (577) ils3000-arduino.main: GPIO_PORT_VENTILATOR_RELAY: 6[0m
[0;32mI (587) ils3000-arduino.main: GPIO_PORT_THERMOSTAT: 7[0m
[0;32mI (637) BTDM_INIT: BT controller compile version [a38dc5c][0m
[0;32mI (637) BTDM_INIT: Bluetooth MAC: b4:e6:2d:fa:bd:0f[0m
[0;32mI (637) phy_init: phy_version 4791,2c4672b,Dec 20 2023,16:06:06[0m
[0;32mI (1087) ils3000-arduino.main: reg.app_id=0[0m
[0;32mI (1097) ils3000-arduino.main: REGISTER_APP_EVT, status 0, app_id 0[0m
Guru Meditation Error: Core  0 panic'ed (LoadStoreError). Exception was unhandled.

Core  0 register dump:
PC      : 0x4000c2af  PS      : 0x00060130  A0      : 0x800d7404  A1      : 0x3ffc8320  
A2      : 0x3ffbde3a  A3      : 0x400d73b8  A4      : 0x00000010  A5      : 0x3ffbde3a  
A6      : 0x3f40316c  A7      : 0x00000000  A8      : 0x80097010  A9      : 0x3ffc82b0  
A10     : 0x00000003  A11     : 0x3f40316c  A12     : 0x3f403374  A13     : 0x3ffc8310  
A14     : 0x3ffc82f0  A15     : 0x0000000c  SAR     : 0x00000004  EXCCAUSE: 0x00000003  
EXCVADDR: 0x400d73b8  LBEG    : 0x400014fd  LEND    : 0x4000150d  LCOUNT  : 0xfffffffa  


Backtrace: 0x4000c2ac:0x3ffc8320 0x400d7401:0x3ffc8330 0x400d729a:0x3ffc8370 0x400db132:0x3ffc83a0 0x400dbb1e:0x3ffc83c0 0x40105915:0x3ffc8410 0x401096eb:0x3ffc8430 0x40092071:0x3ffc8460




ELF file SHA256: 9be85c7fd

Rebooting...
ets Jun  8 2016 00:22:57

rst:0xc (SW_CPU_RESET),boot:0x13 (SPI_FAST_FLASH_BOOT)
configsip: 0, SPIWP:0xee
clk_drv:0x00,q_drv:0x00,d_drv:0x00,cs0_drv:0x00,hd_drv:0x00,wp_drv:0x00
mode:DIO, clock div:2
load:0x3fff0030,len:7172
load:0x40078000,len:15532
load:0x40080400,len:4
load:0x40080404,len:3904
entry 0x40080640
[0;32mI (29) boot: ESP-IDF v5.2 2nd stage bootloader[0m
[0;32mI (29) boot: compile time Apr  8 2024 18:18:03[0m
[0;32mI (29) boot: Multicore bootloader[0m
[0;32mI (33) boot: chip revision: v1.0[0m
[0;32mI (37) boot.esp32: SPI Speed      : 40MHz[0m
[0;32mI (42) boot.esp32: SPI Mode       : DIO[0m
[0;32mI (46) boot.esp32: SPI Flash Size : 2MB[0m
[0;32mI (51) boot: Enabling RNG early entropy source...[0m
[0;32mI (56) boot: Partition Table:[0m
[0;32mI (60) boot: ## Label            Usage          Type ST Offset   Length[0m
[0;32mI (67) boot:  0 nvs              WiFi data        01 02 00009000 00006000[0m
[0;32mI (74) boot:  1 phy_init         RF data          01 01 0000f000 00001000[0m
[0;32mI (82) boot:  2 factory          factory app      00 00 00010000 00100000[0m
[0;32mI (89) boot: End of partition table[0m
[0;32mI (94) esp_image: segment 0: paddr=00010020 vaddr=3f400020 size=25c6ch (154732) map[0m
[0;32mI (155) esp_image: segment 1: paddr=00035c94 vaddr=3ffbdb60 size=04a54h ( 19028) load[0m
[0;32mI (162) esp_image: segment 2: paddr=0003a6f0 vaddr=40080000 size=05928h ( 22824) load[0m
[0;32mI (172) esp_image: segment 3: paddr=00040020 vaddr=400d0020 size=8cef0h (577264) map[0m
[0;32mI (370) esp_image: segment 4: paddr=000ccf18 vaddr=40085928 size=1378ch ( 79756) load[0m
[0;32mI (414) boot: Loaded app from partition at offset 0x10000[0m
[0;32mI (414) boot: Disabling RNG early entropy source...[0m
[0;32mI (425) cpu_start: Multicore app[0m
[0;32mI (434) cpu_start: Pro cpu start user code[0m
[0;32mI (434) cpu_start: cpu freq: 160000000 Hz[0m
[0;32mI (434) cpu_start: Application information:[0m
[0;32mI (437) cpu_start: Project name:     ils3000-arduino[0m
[0;32mI (443) cpu_start: App version:      7108813-dirty[0m
[0;32mI (448) cpu_start: Compile time:     Apr  8 2024 18:18:01[0m
[0;32mI (454) cpu_start: ELF file SHA256:  9be85c7fd...[0m
[0;32mI (460) cpu_start: ESP-IDF:          v5.2[0m
[0;32mI (465) cpu_start: Min chip rev:     v0.0[0m
[0;32mI (469) cpu_start: Max chip rev:     v3.99 [0m
[0;32mI (474) cpu_start: Chip rev:         v1.0[0m
[0;32mI (479) heap_init: Initializing. RAM available for dynamic allocation:[0m
[0;32mI (486) heap_init: At 3FFAFF10 len 000000F0 (0 KiB): DRAM[0m
[0;32mI (492) heap_init: At 3FFB6388 len 00001C78 (7 KiB): DRAM[0m
[0;32mI (498) heap_init: At 3FFB9A20 len 00004108 (16 KiB): DRAM[0m
[0;32mI (504) heap_init: At 3FFC3F90 len 0001C070 (112 KiB): DRAM[0m
[0;32mI (511) heap_init: At 3FFE0440 len 00003AE0 (14 KiB): D/IRAM[0m
[0;32mI (517) heap_init: At 3FFE4350 len 0001BCB0 (111 KiB): D/IRAM[0m
[0;32mI (523) heap_init: At 400990B4 len 00006F4C (27 KiB): IRAM[0m
[0;32mI (531) spi_flash: detected chip: generic[0m
[0;32mI (534) spi_flash: flash io: dio[0m
[0;33mW (538) spi_flash: Detected size(4096k) larger than the size in the binary image header(2048k). Using the size in the binary image header.[0m
[0;32mI (552) coexist: coex firmware version: 77cd7f8[0m
[0;32mI (557) main_task: Started on CPU0[0m
[0;32mI (567) main_task: Calling app_main()[0m
[0;32mI (567) ils3000-arduino.main: **** ILS3000 ARDUINO CONTROLLER (0.1-beta)****[0m
[0;32mI (567) ils3000-arduino.main: Following GPIO ports will be used:[0m
[0;32mI (577) ils3000-arduino.main: GPIO_PORT_CHARGE_RELAY: 5[0m
[0;32mI (577) ils3000-arduino.main: GPIO_PORT_VENTILATOR_RELAY: 6[0m
[0;32mI (587) ils3000-arduino.main: GPIO_PORT_THERMOSTAT: 7[0m
[0;32mI (637) BTDM_INIT: BT controller compile version [a38dc5c][0m
[0;32mI (637) BTDM_INIT: Bluetooth MAC: b4:e6:2d:fa:bd:0f[0m
[0;32mI (637) phy_init: phy_version 4791,2c4672b,Dec 20 2023,16:06:06[0m
[0;32mI (1087) ils3000-arduino.main: reg.app_id=0[0m
[0;32mI (1087) ils3000-arduino.main: REGISTER_APP_EVT, status 0, app_id 0[0m
Guru Meditation Error: Core  0 panic'ed (LoadStoreError). Exception was unhandled.

Core  0 register dump:
PC      : 0x4000c2af  PS      : 0x00060130  A0      : 0x800d7404  A1      : 0x3ffc8320  
A2      : 0x3ffbde3a  A3      : 0x400d73b8  A4      : 0x00000010  A5      : 0x3ffbde3a  
A6      : 0x3f40316c  A7      : 0x00000000  A8      : 0x80097010  A9      : 0x3ffc82b0  
A10     : 0x00000003  A11     : 0x3f40316c  A12     : 0x3f403374  A13     : 0x3ffc8310  
A14     : 0x3ffc82f0  A15     : 0x0000000c  SAR     : 0x00000004  EXCCAUSE: 0x00000003  
EXCVADDR: 0x400d73b8  LBEG    : 0x400014fd  LEND    : 0x4000150d  LCOUNT  : 0xfffffffa  


Backtrace: 0x4000c2ac:0x3ffc8320 0x400d7401:0x3ffc8330 0x400d729a:0x3ffc8370 0x400db132:0x3ffc83a0 0x400dbb1e:0x3ffc83c0 0x40105915:0x3ffc8410 0x401096eb:0x3ffc8430 0x40092071:0x3ffc8460




ELF file SHA256: 9be85c7fd

Rebooting...
ets Jun  8 2016 00:22:57

rst:0xc (SW_CPU_RESET),boot:0x13 (SPI_FAST_FLASH_BOOT)
configsip: 0, SPIWP:0xee
clk_drv:0x00,q_drv:0x00,d_drv:0x00,cs0_drv:0x00,hd_drv:0x00,wp_drv:0x00
mode:DIO, clock div:2
load:0x3fff0030,len:7172
load:0x40078000,len:15532
load:0x40080400,len:4
load:0x40080404,len:3904
entry 0x40080640
[0;32mI (29) boot: ESP-IDF v5.2 2nd stage bootloader[0m
[0;32mI (29) boot: compile time Apr  8 2024 18:18:03[0m
[0;32mI (29) boot: Multicore bootloader[0m
[0;32mI (33) boot: chip revision: v1.0[0m
[0;32mI (37) boot.esp32: SPI Speed      : 40MHz[0m
[0;32mI (42) boot.esp32: SPI Mode       : DIO[0m
[0;32mI (46) boot.esp32: SPI Flash Size : 2MB[0m
[0;32mI (51) boot: Enabling RNG early entropy source...[0m
[0;32mI (56) boot: Partition Table:[0m
[0;32mI (60) boot: ## Label            Usage          Type ST Offset   Length[0m
[0;32mI (67) boot:  0 nvs              WiFi data        01 02 00009000 00006000[0m
[0;32mI (74) boot:  1 phy_init         RF data          01 01 0000f000 00001000[0m
[0;32mI (82) boot:  2 factory          factory app      00 00 00010000 00100000[0m
[0;32mI (89) boot: End of partition table[0m
[0;32mI (94) esp_image: segment 0: paddr=00010020 vaddr=3f400020 size=25c6ch (154732) map[0m
[0;32mI (155) esp_image: segment 1: paddr=00035c94 vaddr=3ffbdb60 size=04a54h ( 19028) load[0m
[0;32mI (162) esp_image: segment 2: paddr=0003a6f0 vaddr=40080000 size=05928h ( 22824) load[0m
[0;32mI (172) esp_image: segment 3: paddr=00040020 vaddr=400d0020 size=8cef0h (577264) map[0m
[0;32mI (370) esp_image: segment 4: paddr=000ccf18 vaddr=40085928 size=1378ch ( 79756) load[0m
[0;32mI (414) boot: Loaded app from partition at offset 0x10000[0m
[0;32mI (414) boot: Disabling RNG early entropy source...[0m
[0;32mI (425) cpu_start: Multicore app[0m
[0;32mI (434) cpu_start: Pro cpu start user code[0m
[0;32mI (434) cpu_start: cpu freq: 160000000 Hz[0m
[0;32mI (434) cpu_start: Application information:[0m
[0;32mI (437) cpu_start: Project name:     ils3000-arduino[0m
[0;32mI (443) cpu_start: App version:      7108813-dirty[0m
[0;32mI (448) cpu_start: Compile time:     Apr  8 2024 18:18:01[0m
[0;32mI (454) cpu_start: ELF file SHA256:  9be85c7fd...[0m
[0;32mI (460) cpu_start: ESP-IDF:          v5.2[0m
[0;32mI (464) cpu_start: Min chip rev:     v0.0[0m
[0;32mI (469) cpu_start: Max chip rev:     v3.99 [0m
[0;32mI (474) cpu_start: Chip rev:         v1.0[0m
[0;32mI (479) heap_init: Initializing. RAM available for dynamic allocation:[0m
[0;32mI (486) heap_init: At 3FFAFF10 len 000000F0 (0 KiB): DRAM[0m
[0;32mI (492) heap_init: At 3FFB6388 len 00001C78 (7 KiB): DRAM[0m
[0;32mI (498) heap_init: At 3FFB9A20 len 00004108 (16 KiB): DRAM[0m
[0;32mI (504) heap_init: At 3FFC3F90 len 0001C070 (112 KiB): DRAM[0m
[0;32mI (511) heap_init: At 3FFE0440 len 00003AE0 (14 KiB): D/IRAM[0m
[0;32mI (517) heap_init: At 3FFE4350 len 0001BCB0 (111 KiB): D/IRAM[0m
[0;32mI (523) heap_init: At 400990B4 len 00006F4C (27 KiB): IRAM[0m
[0;32mI (531) spi_flash: detected chip: generic[0m
[0;32mI (534) spi_flash: flash io: dio[0m
[0;33mW (538) spi_flash: Detected size(4096k) larger than the size in the binary image header(2048k). Using the size in the binary image header.[0m
[0;32mI (552) coexist: coex firmware version: 77cd7f8[0m
[0;32mI (557) main_task: Started on CPU0[0m
[0;32mI (567) main_task: Calling app_main()[0m
[0;32mI (567) ils3000-arduino.main: **** ILS3000 ARDUINO CONTROLLER (0.1-beta)****[0m
[0;32mI (567) ils3000-arduino.main: Following GPIO ports will be used:[0m
[0;32mI (577) ils3000-arduino.main: GPIO_PORT_CHARGE_RELAY: 5[0m
[0;32mI (577) ils3000-arduino.main: GPIO_PORT_VENTILATOR_RELAY: 6[0m
[0;32mI (587) ils3000-arduino.main: GPIO_PORT_THERMOSTAT: 7[0m
[0;32mI (637) BTDM_INIT: BT controller compile version [a38dc5c][0m
[0;32mI (637) BTDM_INIT: Bluetooth MAC: b4:e6:2d:fa:bd:0f[0m
[0;32mI (637) phy_init: phy_version 4791,2c4672b,Dec 20 2023,16:06:06[0m
[0;32mI (1077) ils3000-arduino.main: reg.app_id=0[0m
[0;32mI (1087) ils3000-arduino.main: REGISTER_APP_EVT, status 0, app_id 0[0m
Guru Meditation Error: Core  0 panic'ed (LoadStoreError). Exception was unhandled.

Core  0 register dump:
PC      : 0x4000c2af  PS      : 0x00060130  A0      : 0x800d7404  A1      : 0x3ffc8320  
A2      : 0x3ffbde3a  A3      : 0x400d73b8  A4      : 0x00000010  A5      : 0x3ffbde3a  
A6      : 0x3f40316c  A7      : 0x00000000  A8      : 0x80097010  A9      : 0x3ffc82b0  
A10     : 0x00000003  A11     : 0x3f40316c  A12     : 0x3f403374  A13     : 0x3ffc8310  
A14     : 0x3ffc82f0  A15     : 0x0000000c  SAR     : 0x00000004  EXCCAUSE: 0x00000003  
EXCVADDR: 0x400d73b8  LBEG    : 0x400014fd  LEND    : 0x4000150d  LCOUNT  : 0xfffffffa  


Backtrace: 0x4000c2ac:0x3ffc8320 0x400d7401:0x3ffc8330 0x400d729a:0x3ffc8370 0x400db132:0x3ffc83a0 0x400dbb1e:0x3ffc83c0 0x40105915:0x3ffc8410 0x401096eb:0x3ffc8430 0x40092071:0x3ffc8460




ELF file SHA256: 9be85c7fd

Rebooting...
ets Jun  8 2016 00:22:57

rst:0xc (SW_CPU_RESET),boot:0x13 (SPI_FAST_FLASH_BOOT)
configsip: 0, SPIWP:0xee
clk_drv:0x00,q_drv:0x00,d_drv:0x00,cs0_drv:0x00,hd_drv:0x00,wp_drv:0x00
mode:DIO, clock div:2
load:0x3fff0030,len:7172
load:0x40078000,len:15532
load:0x40080400,len:4
load:0x40080404,len:3904
entry 0x40080640
[0;32mI (29) boot: ESP-IDF v5.2 2nd stage bootloader[0m
[0;32mI (29) boot: compile time Apr  8 2024 18:18:03[0m
[0;32mI (29) boot: Multicore bootloader[0m
[0;32mI (33) boot: chip revision: v1.0[0m
[0;32mI (37) boot.esp32: SPI Speed      : 40MHz[0m
[0;32mI (42) boot.esp32: SPI Mode       : DIO[0m
[0;32mI (46) boot.esp32: SPI Flash Size : 2MB[0m
[0;32mI (51) boot: Enabling RNG early entropy source...[0m
[0;32mI (56) boot: Partition Table:[0m
[0;32mI (60) boot: ## Label            Usage          Type ST Offset   Length[0m
[0;32mI (67) boot:  0 nvs              WiFi data        01 02 00009000 00006000[0m
[0;32mI (74) boot:  1 phy_init         RF data          01 01 0000f000 00001000[0m
[0;32mI (82) boot:  2 factory          factory app      00 00 00010000 00100000[0m
[0;32mI (89) boot: End of partition table[0m
[0;32mI (94) esp_image: segment 0: paddr=00010020 vaddr=3f400020 size=25c6ch (154732) map[0m
[0;32mI (155) esp_image: segment 1: paddr=00035c94 vaddr=3ffbdb60 size=04a54h ( 19028) load[0m
[0;32mI (162) esp_image: segment 2: paddr=0003a6f0 vaddr=40080000 size=05928h ( 22824) load[0m
[0;32mI (172) esp_image: segment 3: paddr=00040020 vaddr=400d0020 size=8cef0h (577264) map[0m
[0;32mI (370) esp_image: segment 4: paddr=000ccf18 vaddr=40085928 size=1378ch ( 79756) load[0m
[0;32mI (414) boot: Loaded app from partition at offset 0x10000[0m
[0;32mI (414) boot: Disabling RNG early entropy source...[0m
[0;32mI (425) cpu_start: Multicore app[0m
[0;32mI (434) cpu_start: Pro cpu start user code[0m
[0;32mI (434) cpu_start: cpu freq: 160000000 Hz[0m
[0;32mI (434) cpu_start: Application information:[0m
[0;32mI (437) cpu_start: Project name:     ils3000-arduino[0m
[0;32mI (443) cpu_start: App version:      7108813-dirty[0m
[0;32mI (448) cpu_start: Compile time:     Apr  8 2024 18:18:01[0m
[0;32mI (454) cpu_start: ELF file SHA256:  9be85c7fd...[0m
[0;32mI (460) cpu_start: ESP-IDF:          v5.2[0m
[0;32mI (465) cpu_start: Min chip rev:     v0.0[0m
[0;32mI (469) cpu_start: Max chip rev:     v3.99 [0m
[0;32mI (474) cpu_start: Chip rev:         v1.0[0m
[0;32mI (479) heap_init: Initializing. RAM available for dynamic allocation:[0m
[0;32mI (486) heap_init: At 3FFAFF10 len 000000F0 (0 KiB): DRAM[0m
[0;32mI (492) heap_init: At 3FFB6388 len 00001C78 (7 KiB): DRAM[0m
[0;32mI (498) heap_init: At 3FFB9A20 len 00004108 (16 KiB): DRAM[0m
[0;32mI (504) heap_init: At 3FFC3F90 len 0001C070 (112 KiB): DRAM[0m
[0;32mI (511) heap_init: At 3FFE0440 len 00003AE0 (14 KiB): D/IRAM[0m
[0;32mI (517) heap_init: At 3FFE4350 len 0001BCB0 (111 KiB): D/IRAM[0m
[0;32mI (523) heap_init: At 400990B4 len 00006F4C (27 KiB): IRAM[0m
