ets Jun  8 2016 00:22:57

rst:0x1 (POWERON_RESET),boot:0x13 (SPI_FAST_FLASH_BOOT)
configsip: 0, SPIWP:0xee
clk_drv:0x00,q_drv:0x00,d_drv:0x00,cs0_drv:0x00,hd_drv:0x00,wp_drv:0x00
mode:DIO, clock div:2
load:0x3fff0030,len:7172
load:0x40078000,len:15532
load:0x40080400,len:4
load:0x40080404,len:3904
entry 0x40080640
[0;32mI (29) boot: ESP-IDF v5.2 2nd stage bootloader[0m
[0;32mI (29) boot: compile time Apr  8 2024 18:18:03[0m
[0;32mI (29) boot: Multicore bootloader[0m
[0;32mI (33) boot: chip revision: v1.0[0m
[0;32mI (37) boot.esp32: SPI Speed      : 40MHz[0m
[0;32mI (42) boot.esp32: SPI Mode       : DIO[0m
[0;32mI (46) boot.esp32: SPI Flash Size : 2MB[0m
[0;32mI (51) boot: Enabling RNG early entropy source...[0m
[0;32mI (56) boot: Partition Table:[0m
[0;32mI (60) boot: ## Label            Usage          Type ST Offset   Length[0m
[0;32mI (67) boot:  0 nvs              WiFi data        01 02 00009000 00006000[0m
[0;32mI (74) boot:  1 phy_init         RF data          01 01 0000f000 00001000[0m
[0;32mI (82) boot:  2 factory          factory app      00 00 00010000 00100000[0m
[0;32mI (89) boot: End of partition table[0m
[0;32mI (93) esp_image: segment 0: paddr=00010020 vaddr=3f400020 size=2621ch (156188) map[0m
[0;32mI (155) esp_image: segment 1: paddr=00036244 vaddr=3ffbdb60 size=04a94h ( 19092) load[0m
[0;32mI (163) esp_image: segment 2: paddr=0003ace0 vaddr=40080000 size=05338h ( 21304) load[0m
[0;32mI (171) esp_image: segment 3: paddr=00040020 vaddr=400d0020 size=8dd44h (580932) map[0m
[0;32mI (371) esp_image: segment 4: paddr=000cdd6c vaddr=40085338 size=13d7ch ( 81276) load[0m
[0;32mI (415) boot: Loaded app from partition at offset 0x10000[0m
[0;32mI (415) boot: Disabling RNG early entropy source...[0m
[0;32mI (427) cpu_start: Multicore app[0m
[0;32mI (436) cpu_start: Pro cpu start user code[0m
[0;32mI (436) cpu_start: cpu freq: 160000000 Hz[0m
[0;32mI (436) cpu_start: Application information:[0m
[0;32mI (439) cpu_start: Project name:     ils3000-arduino[0m
[0;32mI (444) cpu_start: App version:      87e8df7-dirty[0m
[0;32mI (450) cpu_start: Compile time:     Apr 16 2024 18:52:48[0m
[0;32mI (456) cpu_start: ELF file SHA256:  4b31db04a...[0m
[0;32mI (461) cpu_start: ESP-IDF:          v5.2[0m
[0;32mI (466) cpu_start: Min chip rev:     v0.0[0m
[0;32mI (471) cpu_start: Max chip rev:     v3.99 [0m
[0;32mI (476) cpu_start: Chip rev:         v1.0[0m
[0;32mI (481) heap_init: Initializing. RAM available for dynamic allocation:[0m
[0;32mI (488) heap_init: At 3FFAFF10 len 000000F0 (0 KiB): DRAM[0m
[0;32mI (494) heap_init: At 3FFB6388 len 00001C78 (7 KiB): DRAM[0m
[0;32mI (500) heap_init: At 3FFB9A20 len 00004108 (16 KiB): DRAM[0m
[0;32mI (506) heap_init: At 3FFC3FD8 len 0001C028 (112 KiB): DRAM[0m
[0;32mI (512) heap_init: At 3FFE0440 len 00003AE0 (14 KiB): D/IRAM[0m
[0;32mI (518) heap_init: At 3FFE4350 len 0001BCB0 (111 KiB): D/IRAM[0m
[0;32mI (525) heap_init: At 400990B4 len 00006F4C (27 KiB): IRAM[0m
[0;32mI (533) spi_flash: detected chip: generic[0m
[0;32mI (536) spi_flash: flash io: dio[0m
[0;33mW (540) spi_flash: Detected size(4096k) larger than the size in the binary image header(2048k). Using the size in the binary image header.[0m
[0;32mI (554) coexist: coex firmware version: 77cd7f8[0m
[0;32mI (559) main_task: Started on CPU0[0m
[0;32mI (569) main_task: Calling app_main()[0m
[0;32mI (609) BTDM_INIT: BT controller compile version [a38dc5c][0m
[0;32mI (609) BTDM_INIT: Bluetooth MAC: b4:e6:2d:fa:bd:0f[0m
[0;32mI (609) phy_init: phy_version 4791,2c4672b,Dec 20 2023,16:06:06[0m
[0;32mI (1059) GATTS_DEMO: ----> gatts_event_handler 0[0m
[0;32mI (1059) GATTS_DEMO: REGISTER_APP_EVT, status 0, app_id 0[0m
[0;32mI (1069) main_task: Returned from app_main()[0m
[0;32mI (1079) GATTS_DEMO: ----> gatts_event_handler 7[0m
[0;32mI (1079) GATTS_DEMO: CREATE_SERVICE_EVT, status 0,  service_handle 40[0m
[0;32mI (1079) GATTS_DEMO: xTaskCreatePinnedToCore measure_temp[0m
[0;32mI (1099) GATTS_DEMO: ----> gatts_event_handler 12[0m
[0;32mI (1099) GATTS_DEMO: SERVICE_START_EVT, status 0, service_handle 40[0m
[0;32mI (1099) GATTS_DEMO: ----> gatts_event_handler 9[0m
[0;32mI (1109) GATTS_DEMO: ADD_CHAR_EVT, status 0,  attr_handle 42, service_handle 40[0m
[0;32mI (1109) GATTS_DEMO: the gatts demo char length = 3[0m
[0;32mI (1119) GATTS_DEMO: prf_char[0] =11[0m
[0;32mI (1119) GATTS_DEMO: prf_char[1] =22[0m
[0;32mI (1129) GATTS_DEMO: prf_char[2] =33[0m
[0;32mI (1129) GATTS_DEMO: ----> gatts_event_handler 10[0m
[0;32mI (1139) GATTS_DEMO: ADD_DESCR_EVT, status 0, attr_handle 43, service_handle 40[0m
Guru Meditation Error: Core  0 panic'ed (StoreProhibited). Exception was unhandled.

Core  0 register dump:
PC      : 0x400967be  PS      : 0x00060233  A0      : 0x8009615c  A1      : 0x3ffc8a20  
A2      : 0x3ffce378  A3      : 0x00000054  A4      : 0x00000114  A5      : 0x3ffbbc44  
A6      : 0x00001800  A7      : 0x3ffc3fec  A8      : 0x00000001  A9      : 0x3ffce3c0  
A10     : 0x00000003  A11     : 0x80082c11  A12     : 0x00000828  A13     : 0x3ffc4010  
A14     : 0x00001800  A15     : 0x0000cdcd  SAR     : 0x0000001e  EXCCAUSE: 0x0000001d  
EXCVADDR: 0x80082c1d  LBEG    : 0x4000c46c  LEND    : 0x4000c477  LCOUNT  : 0x00000000  


Backtrace: 0x400967bb:0x3ffc8a20 0x40096159:0x3ffc8a40 0x40081ff9:0x3ffc8a60 0x40082054:0x3ffc8a80 0x400926f9:0x3ffc8aa0 0x400918c2:0x3ffc8ac0 0x40091949:0x3ffc8ae0 0x4010a61d:0x3ffc8b00 0x40109376:0x3ffc8b20 0x400f3f59:0x3ffc8b40 0x400f175a:0x3ffc8b60 0x401006de:0x3ffc8b90 0x400f8ac5:0x3ffc8bb0 0x400e2f32:0x3ffc8bd0 0x400ecc9d:0x3ffc8bf0 0x400ed77e:0x3ffc8c10 0x400edbbb:0x3ffc8c30 0x4010a18f:0x3ffc8c50 0x40092071:0x3ffc8c80




ELF file SHA256: 4b31db04a

Rebooting...
ets Jun  8 2016 00:22:57

rst:0xc (SW_CPU_RESET),boot:0x13 (SPI_FAST_FLASH_BOOT)
configsip: 0, SPIWP:0xee
clk_drv:0x00,q_drv:0x00,d_drv:0x00,cs0_drv:0x00,hd_drv:0x00,wp_drv:0x00
mode:DIO, clock div:2
load:0x3fff0030,len:7172
load:0x40078000,len:15532
load:0x40080400,len:4
load:0x40080404,len:3904
entry 0x40080640
[0;32mI (29) boot: ESP-IDF v5.2 2nd stage bootloader[0m
[0;32mI (29) boot: compile time Apr  8 2024 18:18:03[0m
[0;32mI (29) boot: Multicore bootloader[0m
[0;32mI (33) boot: chip revision: v1.0[0m
[0;32mI (37) boot.esp32: SPI Speed      : 40MHz[0m
[0;32mI (42) boot.esp32: SPI Mode       : DIO[0m
[0;32mI (46) boot.esp32: SPI Flash Size : 2MB[0m
[0;32mI (51) boot: Enabling RNG early entropy source...[0m
[0;32mI (56) boot: Partition Table:[0m
[0;32mI (60) boot: ## Label            Usage          Type ST Offset   Length[0m
[0;32mI (67) boot:  0 nvs              WiFi data        01 02 00009000 00006000[0m
[0;32mI (74) boot:  1 phy_init         RF data          01 01 0000f000 00001000[0m
[0;32mI (82) boot:  2 factory          factory app      00 00 00010000 00100000[0m
[0;32mI (89) boot: End of partition table[0m
[0;32mI (94) esp_image: segment 0: paddr=00010020 vaddr=3f400020 size=2621ch (156188) map[0m
[0;32mI (156) esp_image: segment 1: paddr=00036244 vaddr=3ffbdb60 size=04a94h ( 19092) load[0m
[0;32mI (163) esp_image: segment 2: paddr=0003ace0 vaddr=40080000 size=05338h ( 21304) load[0m
[0;32mI (172) esp_image: segment 3: paddr=00040020 vaddr=400d0020 size=8dd44h (580932) map[0m
[0;32mI (371) esp_image: segment 4: paddr=000cdd6c vaddr=40085338 size=13d7ch ( 81276) load[0m
[0;32mI (416) boot: Loaded app from partition at offset 0x10000[0m
[0;32mI (416) boot: Disabling RNG early entropy source...[0m
[0;32mI (427) cpu_start: Multicore app[0m
[0;32mI (436) cpu_start: Pro cpu start user code[0m
[0;32mI (436) cpu_start: cpu freq: 160000000 Hz[0m
[0;32mI (436) cpu_start: Application information:[0m
[0;32mI (439) cpu_start: Project name:     ils3000-arduino[0m
[0;32mI (445) cpu_start: App version:      87e8df7-dirty[0m
[0;32mI (450) cpu_start: Compile time:     Apr 16 2024 18:52:48[0m
[0;32mI (456) cpu_start: ELF file SHA256:  4b31db04a...[0m
[0;32mI (462) cpu_start: ESP-IDF:          v5.2[0m
[0;32mI (466) cpu_start: Min chip rev:     v0.0[0m
[0;32mI (471) cpu_start: Max chip rev:     v3.99 [0m
[0;32mI (476) cpu_start: Chip rev:         v1.0[0m
[0;32mI (481) heap_init: Initializing. RAM available for dynamic allocation:[0m
[0;32mI (488) heap_init: At 3FFAFF10 len 000000F0 (0 KiB): DRAM[0m
[0;32mI (494) heap_init: At 3FFB6388 len 00001C78 (7 KiB): DRAM[0m
[0;32mI (500) heap_init: At 3FFB9A20 len 00004108 (16 KiB): DRAM[0m
[0;32mI (506) heap_init: At 3FFC3FD8 len 0001C028 (112 KiB): DRAM[0m
[0;32mI (512) heap_init: At 3FFE0440 len 00003AE0 (14 KiB): D/IRAM[0m
[0;32mI (519) heap_init: At 3FFE4350 len 0001BCB0 (111 KiB): D/IRAM[0m
[0;32mI (525) heap_init: At 400990B4 len 00006F4C (27 KiB): IRAM[0m
[0;32mI (533) spi_flash: detected chip: generic[0m
[0;32mI (536) spi_flash: flash io: dio[0m
[0;33mW (540) spi_flash: Detected size(4096k) larger than the size in the binary image header(2048k). Using the size in the binary image header.[0m
[0;32mI (554) coexist: coex firmware version: 77cd7f8[0m
[0;32mI (559) main_task: Started on CPU0[0m
[0;32mI (569) main_task: Calling app_main()[0m
[0;32mI (609) BTDM_INIT: BT controller compile version [a38dc5c][0m
[0;32mI (609) BTDM_INIT: Bluetooth MAC: b4:e6:2d:fa:bd:0f[0m
[0;32mI (609) phy_init: phy_version 4791,2c4672b,Dec 20 2023,16:06:06[0m
[0;32mI (1059) GATTS_DEMO: ----> gatts_event_handler 0[0m
[0;32mI (1059) GATTS_DEMO: REGISTER_APP_EVT, status 0, app_id 0[0m
[0;32mI (1069) main_task: Returned from app_main()[0m
[0;32mI (1069) GATTS_DEMO: ----> gatts_event_handler 7[0m
[0;32mI (1069) GATTS_DEMO: CREATE_SERVICE_EVT, status 0,  service_handle 40[0m
[0;32mI (1079) GATTS_DEMO: xTaskCreatePinnedToCore measure_temp[0m
[0;32mI (1089) GATTS_DEMO: ----> gatts_event_handler 12[0m
[0;32mI (1089) GATTS_DEMO: SERVICE_START_EVT, status 0, service_handle 40[0m
[0;32mI (1089) GATTS_DEMO: ----> gatts_event_handler 9[0m
[0;32mI (1099) GATTS_DEMO: ADD_CHAR_EVT, status 0,  attr_handle 42, service_handle 40[0m
[0;32mI (1109) GATTS_DEMO: the gatts demo char length = 3[0m
[0;32mI (1109) GATTS_DEMO: prf_char[0] =11[0m
[0;32mI (1119) GATTS_DEMO: prf_char[1] =22[0m
[0;32mI (1119) GATTS_DEMO: prf_char[2] =33[0m
[0;32mI (1129) GATTS_DEMO: ----> gatts_event_handler 10[0m
[0;32mI (1129) GATTS_DEMO: ADD_DESCR_EVT, status 0, attr_handle 43, service_handle 40[0m
Guru Meditation Error: Core  0 panic'ed (StoreProhibited). Exception was unhandled.

Core  0 register dump:
PC      : 0x400967be  PS      : 0x00060233  A0      : 0x8009615c  A1      : 0x3ffc8a20  
A2      : 0x3ffce378  A3      : 0x00000054  A4      : 0x00000114  A5      : 0x3ffbbc44  
A6      : 0x00001800  A7      : 0x3ffc3fec  A8      : 0x00000001  A9      : 0x3ffce3c0  
A10     : 0x00000003  A11     : 0x80082c11  A12     : 0x00000828  A13     : 0x3ffc4010  
A14     : 0x00001800  A15     : 0x0000cdcd  SAR     : 0x0000001e  EXCCAUSE: 0x0000001d  
EXCVADDR: 0x80082c1d  LBEG    : 0x4000c46c  LEND    : 0x4000c477  LCOUNT  : 0x00000000  


Backtrace: 0x400967bb:0x3ffc8a20 0x40096159:0x3ffc8a40 0x40081ff9:0x3ffc8a60 0x40082054:0x3ffc8a80 0x400926f9:0x3ffc8aa0 0x400918c2:0x3ffc8ac0 0x40091949:0x3ffc8ae0 0x4010a61d:0x3ffc8b00 0x40109376:0x3ffc8b20 0x400f3f59:0x3ffc8b40 0x400f175a:0x3ffc8b60 0x401006de:0x3ffc8b90 0x400f8ac5:0x3ffc8bb0 0x400e2f32:0x3ffc8bd0 0x400ecc9d:0x3ffc8bf0 0x400ed77e:0x3ffc8c10 0x400edbbb:0x3ffc8c30 0x4010a18f:0x3ffc8c50 0x40092071:0x3ffc8c80




ELF file SHA256: 4b31db04a

Rebooting...
ets Jun  8 2016 00:22:57

rst:0xc (SW_CPU_RESET),boot:0x13 (SPI_FAST_FLASH_BOOT)
configsip: 0, SPIWP:0xee
clk_drv:0x00,q_drv:0x00,d_drv:0x00,cs0_drv:0x00,hd_drv:0x00,wp_drv:0x00
mode:DIO, clock div:2
load:0x3fff0030,len:7172
load:0x40078000,len:15532
load:0x40080400,len:4
load:0x40080404,len:3904
entry 0x40080640
[0;32mI (29) boot: ESP-IDF v5.2 2nd stage bootloader[0m
[0;32mI (29) boot: compile time Apr  8 2024 18:18:03[0m
[0;32mI (29) boot: Multicore bootloader[0m
[0;32mI (33) boot: chip revision: v1.0[0m
[0;32mI (37) boot.esp32: SPI Speed      : 40MHz[0m
[0;32mI (42) boot.esp32: SPI Mode       : DIO[0m
[0;32mI (46) boot.esp32: SPI Flash Size : 2MB[0m
[0;32mI (51) boot: Enabling RNG early entropy source...[0m
[0;32mI (56) boot: Partition Table:[0m
[0;32mI (60) boot: ## Label            Usage          Type ST Offset   Length[0m
[0;32mI (67) boot:  0 nvs              WiFi data        01 02 00009000 00006000[0m
[0;32mI (74) boot:  1 phy_init         RF data          01 01 0000f000 00001000[0m
[0;32mI (82) boot:  2 factory          factory app      00 00 00010000 00100000[0m
[0;32mI (89) boot: End of partition table[0m
[0;32mI (94) esp_image: segment 0: paddr=00010020 vaddr=3f400020 size=2621ch (156188) map[0m
[0;32mI (156) esp_image: segment 1: paddr=00036244 vaddr=3ffbdb60 size=04a94h ( 19092) load[0m
[0;32mI (163) esp_image: segment 2: paddr=0003ace0 vaddr=40080000 size=05338h ( 21304) load[0m
[0;32mI (172) esp_image: segment 3: paddr=00040020 vaddr=400d0020 size=8dd44h (580932) map[0m
[0;32mI (371) esp_image: segment 4: paddr=000cdd6c vaddr=40085338 size=13d7ch ( 81276) load[0m
[0;32mI (416) boot: Loaded app from partition at offset 0x10000[0m
[0;32mI (416) boot: Disabling RNG early entropy source...[0m
[0;32mI (427) cpu_start: Multicore app[0m
[0;32mI (436) cpu_start: Pro cpu start user code[0m
[0;32mI (436) cpu_start: cpu freq: 160000000 Hz[0m
[0;32mI (436) cpu_start: Application information:[0m
[0;32mI (439) cpu_start: Project name:     ils3000-arduino[0m
[0;32mI (445) cpu_start: App version:      87e8df7-dirty[0m
[0;32mI (450) cpu_start: Compile time:     Apr 16 2024 18:52:48[0m
[0;32mI (456) cpu_start: ELF file SHA256:  4b31db04a...[0m
[0;32mI (462) cpu_start: ESP-IDF:          v5.2[0m
[0;32mI (466) cpu_start: Min chip rev:     v0.0[0m
[0;32mI (471) cpu_start: Max chip rev:     v3.99 [0m
[0;32mI (476) cpu_start: Chip rev:         v1.0[0m
[0;32mI (481) heap_init: Initializing. RAM available for dynamic allocation:[0m
[0;32mI (488) heap_init: At 3FFAFF10 len 000000F0 (0 KiB): DRAM[0m
[0;32mI (494) heap_init: At 3FFB6388 len 00001C78 (7 KiB): DRAM[0m
[0;32mI (500) heap_init: At 3FFB9A20 len 00004108 (16 KiB): DRAM[0m
[0;32mI (506) heap_init: At 3FFC3FD8 len 0001C028 (112 KiB): DRAM[0m
[0;32mI (512) heap_init: At 3FFE0440 len 00003AE0 (14 KiB): D/IRAM[0m
[0;32mI (519) heap_init: At 3FFE4350 len 0001BCB0 (111 KiB): D/IRAM[0m
[0;32mI (525) heap_init: At 400990B4 len 00006F4C (27 KiB): IRAM[0m
[0;32mI (533) spi_flash: detected chip: generic[0m
[0;32mI (536) spi_flash: flash io: dio[0m
[0;33mW (540) spi_flash: Detected size(4096k) larger than the size in the binary image header(2048k). Using the size in the binary image header.[0m
[0;32mI (554) coexist: coex firmware version: 77cd7f8[0m
[0;32mI (559) main_task: Started on CPU0[0m
[0;32mI (569) main_task: Calling app_main()[0m
[0;32mI (609) BTDM_INIT: BT controller compile version [a38dc5c][0m
[0;32mI (609) BTDM_INIT: Bluetooth MAC: b4:e6:2d:fa:bd:0f[0m
[0;32mI (609) phy_init: phy_version 4791,2c4672b,Dec 20 2023,16:06:06[0m
[0;32mI (1059) GATTS_DEMO: ----> gatts_event_handler 0[0m
[0;32mI (1059) GATTS_DEMO: REGISTER_APP_EVT, status 0, app_id 0[0m
[0;32mI (1059) main_task: Returned from app_main()[0m
[0;32mI (1069) GATTS_DEMO: ----> gatts_event_handler 7[0m
[0;32mI (1069) GATTS_DEMO: CREATE_SERVICE_EVT, status 0,  service_handle 40[0m
[0;32mI (1079) GATTS_DEMO: xTaskCreatePinnedToCore measure_temp[0m
[0;32mI (1089) GATTS_DEMO: ----> gatts_event_handler 12[0m
[0;32mI (1089) GATTS_DEMO: SERVICE_START_EVT, status 0, service_handle 40[0m
[0;32mI (1089) GATTS_DEMO: ----> gatts_event_handler 9[0m
[0;32mI (1099) GATTS_DEMO: ADD_CHAR_EVT, status 0,  attr_handle 42, service_handle 40[0m
[0;32mI (1109) GATTS_DEMO: the gatts demo char length = 3[0m
[0;32mI (1109) GATTS_DEMO: prf_char[0] =11[0m
[0;32mI (1119) GATTS_DEMO: prf_char[1] =22[0m
[0;32mI (1119) GATTS_DEMO: prf_char[2] =33[0m
[0;32mI (1119) GATTS_DEMO: ----> gatts_event_handler 10[0m
[0;32mI (1129) GATTS_DEMO: ADD_DESCR_EVT, status 0, attr_handle 43, service_handle 40[0m
Guru Meditation Error: Core  0 panic'ed (StoreProhibited). Exception was unhandled.

Core  0 register dump:
PC      : 0x400967be  PS      : 0x00060233  A0      : 0x8009615c  A1      : 0x3ffc8a20  
A2      : 0x3ffce378  A3      : 0x00000054  A4      : 0x00000114  A5      : 0x3ffbbc44  
A6      : 0x00001800  A7      : 0x3ffc3fec  A8      : 0x00000001  A9      : 0x3ffce3c0  
A10     : 0x00000003  A11     : 0x80082c11  A12     : 0x00000828  A13     : 0x3ffc4010  
A14     : 0x00001800  A15     : 0x0000cdcd  SAR     : 0x0000001e  EXCCAUSE: 0x0000001d  
EXCVADDR: 0x80082c1d  LBEG    : 0x4000c46c  LEND    : 0x4000c477  LCOUNT  : 0x00000000  


Backtrace: 0x400967bb:0x3ffc8a20 0x40096159:0x3ffc8a40 0x40081ff9:0x3ffc8a60 0x40082054:0x3ffc8a80 0x400926f9:0x3ffc8aa0 0x400918c2:0x3ffc8ac0 0x40091b28:0x3ffc8ae0 0x4010a001:0x3ffc8b00 0x40109362:0x3ffc8b20 0x400f3f59:0x3ffc8b40 0x400f175a:0x3ffc8b60 0x401006de:0x3ffc8b90 0x400f8ac5:0x3ffc8bb0 0x400e2f32:0x3ffc8bd0 0x400ecc9d:0x3ffc8bf0 0x400ed77e:0x3ffc8c10 0x400edbbb:0x3ffc8c30 0x4010a18f:0x3ffc8c50 0x40092071:0x3ffc8c80




ELF file SHA256: 4b31db04a

Rebooting...
ets Jun  8 2016 00:22:57

rst:0xc (SW_CPU_RESET),boot:0x13 (SPI_FAST_FLASH_BOOT)
configsip: 0, SPIWP:0xee
clk_drv:0x00,q_drv:0x00,d_drv:0x00,cs0_drv:0x00,hd_drv:0x00,wp_drv:0x00
mode:DIO, clock div:2
load:0x3fff0030,len:7172
load:0x40078000,len:15532
load:0x40080400,len:4
load:0x40080404,len:3904
entry 0x40080640
[0;32mI (29) boot: ESP-IDF v5.2 2nd stage bootloader[0m
[0;32mI (29) boot: compile time Apr  8 2024 18:18:03[0m
[0;32mI (29) boot: Multicore bootloader[0m
[0;32mI (33) boot: chip revision: v1.0[0m
[0;32mI (37) boot.esp32: SPI Speed      : 40MHz[0m
[0;32mI (42) boot.esp32: SPI Mode       : DIO[0m
[0;32mI (46) boot.esp32: SPI Flash Size : 2MB[0m
[0;32mI (51) boot: Enabling RNG early entropy source...[0m
[0;32mI (56) boot: Partition Table:[0m
[0;32mI (60) boot: ## Label            Usage          Type ST Offset   Length[0m
[0;32mI (67) boot:  0 nvs              WiFi data        01 02 00009000 00006000[0m
[0;32mI (74) boot:  1 phy_init         RF data          01 01 0000f000 00001000[0m
[0;32mI (82) boot:  2 factory          factory app      00 00 00010000 00100000[0m
[0;32mI (89) boot: End of partition table[0m
[0;32mI (94) esp_image: segment 0: paddr=00010020 vaddr=3f400020 size=2621ch (156188) map[0m
[0;32mI (156) esp_image: segment 1: paddr=00036244 vaddr=3ffbdb60 size=04a94h ( 19092) load[0m
[0;32mI (163) esp_image: segment 2: paddr=0003ace0 vaddr=40080000 size=05338h ( 21304) load[0m
[0;32mI (172) esp_image: segment 3: paddr=00040020 vaddr=400d0020 size=8dd44h (580932) map[0m
[0;32mI (371) esp_image: segment 4: paddr=000cdd6c vaddr=40085338 size=13d7ch ( 81276) load[0m
[0;32mI (416) boot: Loaded app from partition at offset 0x10000[0m
[0;32mI (416) boot: Disabling RNG early entropy source...[0m
[0;32mI (427) cpu_start: Multicore app[0m
[0;32mI (436) cpu_start: Pro cpu start user code[0m
[0;32mI (436) cpu_start: cpu freq: 160000000 Hz[0m
[0;32mI (436) cpu_start: Application information:[0m
[0;32mI (439) cpu_start: Project name:     ils3000-arduino[0m
[0;32mI (445) cpu_start: App version:      87e8df7-dirty[0m
[0;32mI (450) cpu_start: Compile time:     Apr 16 2024 18:52:48[0m
[0;32mI (456) cpu_start: ELF file SHA256:  4b31db04a...[0m
[0;32mI (462) cpu_start: ESP-IDF:          v5.2[0m
[0;32mI (466) cpu_start: Min chip rev:     v0.0[0m
[0;32mI (471) cpu_start: Max chip rev:     v3.99 [0m
[0;32mI (476) cpu_start: Chip rev:         v1.0[0m
[0;32mI (481) heap_init: Initializing. RAM available for dynamic allocation:[0m
[0;32mI (488) heap_init: At 3FFAFF10 len 000000F0 (0 KiB): DRAM[0m
[0;32mI (494) heap_init: At 3FFB6388 len 00001C78 (7 KiB): DRAM[0m
[0;32mI (500) heap_init: At 3FFB9A20 len 00004108 (16 KiB): DRAM[0m
[0;32mI (506) heap_init: At 3FFC3FD8 len 0001C028 (112 KiB): DRAM[0m
[0;32mI (512) heap_init: At 3FFE0440 len 00003AE0 (14 KiB): D/IRAM[0m
[0;32mI (519) heap_init: At 3FFE4350 len 0001BCB0 (111 KiB): D/IRAM[0m
[0;32mI (525) heap_init: At 400990B4 len 00006F4C (27 KiB): IRAM[0m
[0;32mI (533) spi_flash: detected chip: generic[0m
[0;32mI (536) spi_flash: flash io: dio[0m
[0;33mW (540) spi_flash: Detected size(4096k) larger than the size in the binary image header(2048k). Using the size in the binary image header.[0m
[0;32mI (554) coexist: coex firmware version: 77cd7f8[0m
[0;32mI (559) main_task: Started on CPU0[0m
[0;32mI (569) main_task: Calling app_main()[0m
[0;32mI (609) BTDM_INIT: BT controller compile version [a38dc5c][0m
[0;32mI (609) BTDM_INIT: Bluetooth MAC: b4:e6:2d:fa:bd:0f[0m
[0;32mI (609) phy_init: phy_version 4791,2c4672b,Dec 20 2023,16:06:06[0m
[0;32mI (1059) GATTS_DEMO: ----> gatts_event_handler 0[0m
[0;32mI (1059) GATTS_DEMO: REGISTER_APP_EVT, status 0, app_id 0[0m
[0;32mI (1059) main_task: Returned from app_main()[0m
[0;32mI (1069) GATTS_DEMO: ----> gatts_event_handler 7[0m
[0;32mI (1069) GATTS_DEMO: CREATE_SERVICE_EVT, status 0,  service_handle 40[0m
[0;32mI (1079) GATTS_DEMO: xTaskCreatePinnedToCore measure_temp[0m
[0;32mI (1089) GATTS_DEMO: ----> gatts_event_handler 12[0m
[0;32mI (1089) GATTS_DEMO: SERVICE_START_EVT, status 0, service_handle 40[0m
[0;32mI (1089) GATTS_DEMO: ----> gatts_event_handler 9[0m
[0;32mI (1099) GATTS_DEMO: ADD_CHAR_EVT, status 0,  attr_handle 42, service_handle 40[0m
[0;32mI (1109) GATTS_DEMO: the gatts demo char length = 3[0m
[0;32mI (1109) GATTS_DEMO: prf_char[0] =11[0m
[0;32mI (1119) GATTS_DEMO: prf_char[1] =22[0m
[0;32mI (1119) GATTS_DEMO: prf_char[2] =33[0m
[0;32mI (1119) GATTS_DEMO: ----> gatts_event_handler 10[0m
[0;32mI (1129) GATTS_DEMO: ADD_DESCR_EVT, status 0, attr_handle 43, service_handle 40[0m
Guru Meditation Error: Core  0 panic'ed (StoreProhibited). Exception was unhandled.

Core  0 register dump:
PC      : 0x400967be  PS      : 0x00060233  A0      : 0x8009615c  A1      : 0x3ffc8a20  
A2      : 0x3ffce378  A3      : 0x00000054  A4      : 0x00000114  A5      : 0x3ffbbc44  
A6      : 0x00001800  A7      : 0x3ffc3fec  A8      : 0x00000001  A9      : 0x3ffce3c0  
A10     : 0x00000003  A11     : 0x80082c11  A12     : 0x00000828  A13     : 0x3ffc4010  
A14     : 0x00001800  A15     : 0x0000cdcd  SAR     : 0x0000001e  EXCCAUSE: 0x0000001d  
EXCVADDR: 0x80082c1d  LBEG    : 0x4000c46c  LEND    : 0x4000c477  LCOUNT  : 0x00000000  


Backtrace: 0x400967bb:0x3ffc8a20 0x40096159:0x3ffc8a40 0x40081ff9:0x3ffc8a60 0x40082054:0x3ffc8a80 0x400926f9:0x3ffc8aa0 0x400918c2:0x3ffc8ac0 0x40091949:0x3ffc8ae0 0x4010a61d:0x3ffc8b00 0x40109376:0x3ffc8b20 0x400f3f59:0x3ffc8b40 0x400f175a:0x3ffc8b60 0x401006de:0x3ffc8b90 0x400f8ac5:0x3ffc8bb0 0x400e2f32:0x3ffc8bd0 0x400ecc9d:0x3ffc8bf0 0x400ed77e:0x3ffc8c10 0x400edbbb:0x3ffc8c30 0x4010a18f:0x3ffc8c50 0x40092071:0x3ffc8c80




ELF file SHA256: 4b31db04a

Rebooting...
ets Jun  8 2016 00:22:57

rst:0xc (SW_CPU_RESET),boot:0x13 (SPI_FAST_FLASH_BOOT)
configsip: 0, SPIWP:0xee
clk_drv:0x00,q_drv:0x00,d_drv:0x00,cs0_drv:0x00,hd_drv:0x00,wp_drv:0x00
mode:DIO, clock div:2
load:0x3fff0030,len:7172
load:0x40078000,len:15532
load:0x40080400,len:4
load:0x40080404,len:3904
entry 0x40080640
[0;32mI (29) boot: ESP-IDF v5.2 2nd stage bootloader[0m
[0;32mI (29) boot: compile time Apr  8 2024 18:18:03[0m
[0;32mI (29) boot: Multicore bootloader[0m
[0;32mI (33) boot: chip revision: v1.0[0m
[0;32mI (37) boot.esp32: SPI Speed      : 40MHz[0m
[0;32mI (42) boot.esp32: SPI Mode       : DIO[0m
[0;32mI (46) boot.esp32: SPI Flash Size : 2MB[0m
[0;32mI (51) boot: Enabling RNG early entropy source...[0m
[0;32mI (56) boot: Partition Table:[0m
[0;32mI (60) boot: ## Label            Usage          Type ST Offset   Length[0m
[0;32mI (67) boot:  0 nvs              WiFi data        01 02 00009000 00006000[0m
[0;32mI (74) boot:  1 phy_init         RF data          01 01 0000f000 00001000[0m
[0;32mI (82) boot:  2 factory          factory app      00 00 00010000 00100000[0m
[0;32mI (89) boot: End of partition table[0m
[0;32mI (94) esp_image: segment 0: paddr=00010020 vaddr=3f400020 size=2621ch (156188) map[0m
[0;32mI (156) esp_image: segment 1: paddr=00036244 vaddr=3ffbdb60 size=04a94h ( 19092) load[0m
[0;32mI (163) esp_image: segment 2: paddr=0003ace0 vaddr=40080000 size=05338h ( 21304) load[0m
[0;32mI (172) esp_image: segment 3: paddr=00040020 vaddr=400d0020 size=8dd44h (580932) map[0m
[0;32mI (371) esp_image: segment 4: paddr=000cdd6c vaddr=40085338 size=13d7ch ( 81276) load[0m
[0;32mI (416) boot: Loaded app from partition at offset 0x10000[0m
[0;32mI (416) boot: Disabling RNG early entropy source...[0m
[0;32mI (427) cpu_start: Multicore app[0m
[0;32mI (436) cpu_start: Pro cpu start user code[0m
[0;32mI (436) cpu_start: cpu freq: 160000000 Hz[0m
[0;32mI (436) cpu_start: Application information:[0m
[0;32mI (439) cpu_start: Project name:     ils3000-arduino[0m
[0;32mI (445) cpu_start: App version:      87e8df7-dirty[0m
[0;32mI (450) cpu_start: Compile time:     Apr 16 2024 18:52:48[0m
[0;32mI (456) cpu_start: ELF file SHA256:  4b31db04a...[0m
[0;32mI (462) cpu_start: ESP-IDF:          v5.2[0m
[0;32mI (466) cpu_start: Min chip rev:     v0.0[0m
[0;32mI (471) cpu_start: Max chip rev:     v3.99 [0m
[0;32mI (476) cpu_start: Chip rev:         v1.0[0m
[0;32mI (481) heap_init: Initializing. RAM available for dynamic allocation:[0m
[0;32mI (488) heap_init: At 3FFAFF10 len 000000F0 (0 KiB): DRAM[0m
[0;32mI (494) heap_init: At 3FFB6388 len 00001C78 (7 KiB): DRAM[0m
[0;32mI (500) heap_init: At 3FFB9A20 len 00004108 (16 KiB): DRAM[0m
[0;32mI (506) heap_init: At 3FFC3FD8 len 0001C028 (112 KiB): DRAM[0m
[0;32mI (512) heap_init: At 3FFE0440 len 00003AE0 (14 KiB): D/IRAM[0m
[0;32mI (519) heap_init: At 3FFE4350 len 0001BCB0 (111 KiB): D/IRAM[0m
[0;32mI (525) heap_init: At 400990B4 len 00006F4C (27 KiB): IRAM[0m
[0;32mI (533) spi_flash: detected chip: generic[0m
[0;32mI (536) spi_flash: flash io: dio[0m
[0;33mW (540) spi_flash: Detected size(4096k) larger than the size in the binary image header(2048k). Using the size in the binary image header.[0m
[0;32mI (554) coexist: coex firmware version: 77cd7f8[0m
[0;32mI (559) main_task: Started on CPU0[0m
[0;32mI (569) main_task: Calling app_main()[0m
[0;32mI (609) BTDM_INIT: BT controller compile version [a38dc5c][0m
[0;32mI (609) BTDM_INIT: Bluetooth MAC: b4:e6:2d:fa:bd:0f[0m
[0;32mI (609) phy_init: phy_version 4791,2c4672b,Dec 20 2023,16:06:06[0m
[0;32mI (1059) GATTS_DEMO: ----> gatts_event_handler 0[0m
[0;32mI (1059) GATTS_DEMO: REGISTER_APP_EVT, status 0, app_id 0[0m
[0;32mI (1069) main_task: Returned from app_main()[0m
[0;32mI (1079) GATTS_DEMO: ----> gatts_event_handler 7[0m
[0;32mI (1079) GATTS_DEMO: CREATE_SERVICE_EVT, status 0,  service_handle 40[0m
[0;32mI (1079) GATTS_DEMO: xTaskCreatePinnedToCore measure_temp[0m
[0;32mI (1099) GATTS_DEMO: ----> gatts_event_handler 12[0m
[0;32mI (1099) GATTS_DEMO: SERVICE_START_EVT, status 0, service_handle 40[0m
[0;32mI (1099) GATTS_DEMO: ----> gatts_event_handler 9[0m
[0;32mI (1099) GATTS_DEMO: ADD_CHAR_EVT, status 0,  attr_handle 42, service_handle 40[0m
[0;32mI (1109) GATTS_DEMO: the gatts demo char length = 3[0m
[0;32mI (1119) GATTS_DEMO: prf_char[0] =11[0m
[0;32mI (1119) GATTS_DEMO: prf_char[1] =22[0m
[0;32mI (1129) GATTS_DEMO: prf_char[2] =33[0m
[0;32mI (1129) GATTS_DEMO: ----> gatts_event_handler 10[0m
[0;32mI (1129) GATTS_DEMO: ADD_DESCR_EVT, status 0, attr_handle 43, service_handle 40[0m
Guru Meditation Error: Core  0 panic'ed (StoreProhibited). Exception was unhandled.

Core  0 register dump:
PC      : 0x400967be  PS      : 0x00060233  A0      : 0x8009615c  A1      : 0x3ffc8a20  
A2      : 0x3ffce378  A3      : 0x00000054  A4      : 0x00000114  A5      : 0x3ffbbc44  
A6      : 0x00001800  A7      : 0x3ffc3fec  A8      : 0x00000001  A9      : 0x3ffce3c0  
A10     : 0x00000003  A11     : 0x80082c11  A12     : 0x00000818  A13     : 0x3ffc4010  
A14     : 0x00001800  A15     : 0x0000cdcd  SAR     : 0x0000001e  EXCCAUSE: 0x0000001d  
EXCVADDR: 0x80082c1d  LBEG    : 0x4000c46c  LEND    : 0x4000c477  LCOUNT  : 0x00000000  


Backtrace: 0x400967bb:0x3ffc8a20 0x40096159:0x3ffc8a40 0x40081ff9:0x3ffc8a60 0x40082054:0x3ffc8a80 0x400926f9:0x3ffc8aa0 0x400918c2:0x3ffc8ac0 0x40091949:0x3ffc8ae0 0x4010a61d:0x3ffc8b00 0x40109383:0x3ffc8b20 0x400f3f51:0x3ffc8b40 0x400f175a:0x3ffc8b60 0x401006de:0x3ffc8b90 0x400f8ac5:0x3ffc8bb0 0x400e2f32:0x3ffc8bd0 0x400ecc9d:0x3ffc8bf0 0x400ed77e:0x3ffc8c10 0x400edbbb:0x3ffc8c30 0x4010a18f:0x3ffc8c50 0x40092071:0x3ffc8c80




ELF file SHA256: 4b31db04a

Rebooting...
ets Jun  8 2016 00:22:57

rst:0xc (SW_CPU_RESET),boot:0x13 (SPI_FAST_FLASH_BOOT)
configsip: 0, SPIWP:0xee
clk_drv:0x00,q_drv:0x00,d_drv:0x00,cs0_drv:0x00,hd_drv:0x00,wp_drv:0x00
mode:DIO, clock div:2
load:0x3fff0030,len:7172
load:0x40078000,len:15532
load:0x40080400,len:4
load:0x40080404,len:3904
entry 0x40080640
[0;32mI (29) boot: ESP-IDF v5.2 2nd stage bootloader[0m
[0;32mI (29) boot: compile time Apr  8 2024 18:18:03[0m
[0;32mI (29) boot: Multicore bootloader[0m
[0;32mI (33) boot: chip revision: v1.0[0m
[0;32mI (37) boot.esp32: SPI Speed      : 40MHz[0m
[0;32mI (42) boot.esp32: SPI Mode       : DIO[0m
[0;32mI (46) boot.esp32: SPI Flash Size : 2MB[0m
[0;32mI (51) boot: Enabling RNG early entropy source...[0m
[0;32mI (56) boot: Partition Table:[0m
[0;32mI (60) boot: ## Label            Usage          Type ST Offset   Length[0m
[0;32mI (67) boot:  0 nvs              WiFi data        01 02 00009000 00006000[0m
[0;32mI (74) boot:  1 phy_init         RF data          01 01 0000f000 00001000[0m
[0;32mI (82) boot:  2 factory          factory app      00 00 00010000 00100000[0m
[0;32mI (89) boot: End of partition table[0m
[0;32mI (94) esp_image: segment 0: paddr=00010020 vaddr=3f400020 size=2621ch (156188) map[0m
[0;32mI (156) esp_image: segment 1: paddr=00036244 vaddr=3ffbdb60 size=04a94h ( 19092) load[0m
[0;32mI (163) esp_image: segment 2: paddr=0003ace0 vaddr=40080000 size=05338h ( 21304) load[0m
[0;32mI (172) esp_image: segment 3: paddr=00040020 vaddr=400d0020 size=8dd44h (580932) map[0m
[0;32mI (371) esp_image: segment 4: paddr=000cdd6c vaddr=40085338 size=13d7ch ( 81276) load[0m
[0;32mI (416) boot: Loaded app from partition at offset 0x10000[0m
[0;32mI (416) boot: Disabling RNG early entropy source...[0m
[0;32mI (427) cpu_start: Multicore app[0m
[0;32mI (436) cpu_start: Pro cpu start user code[0m
[0;32mI (436) cpu_start: cpu freq: 160000000 Hz[0m
[0;32mI (436) cpu_start: Application information:[0m
[0;32mI (439) cpu_start: Project name:     ils3000-arduino[0m
[0;32mI (445) cpu_start: App version:      87e8df7-dirty[0m
[0;32mI (450) cpu_start: Compile time:     Apr 16 2024 18:52:48[0m
[0;32mI (456) cpu_start: ELF file SHA256:  4b31db04a...[0m
[0;32mI (462) cpu_start: ESP-IDF:          v5.2[0m
[0;32mI (466) cpu_start: Min chip rev:     v0.0[0m
[0;32mI (471) cpu_start: Max chip rev:     v3.99 [0m
[0;32mI (476) cpu_start: Chip rev:         v1.0[0m
[0;32mI (481) heap_init: Initializing. RAM available for dynamic allocation:[0m
[0;32mI (488) heap_init: At 3FFAFF10 len 000000F0 (0 KiB): DRAM[0m
[0;32mI (494) heap_init: At 3FFB6388 len 00001C78 (7 KiB): DRAM[0m
[0;32mI (500) heap_init: At 3FFB9A20 len 00004108 (16 KiB): DRAM[0m
[0;32mI (506) heap_init: At 3FFC3FD8 len 0001C028 (112 KiB): DRAM[0m
[0;32mI (512) heap_init: At 3FFE0440 len 00003AE0 (14 KiB): D/IRAM[0m
[0;32mI (519) heap_init: At 3FFE4350 len 0001BCB0 (111 KiB): D/IRAM[0m
[0;32mI (525) heap_init: At 400990B4 len 00006F4C (27 KiB): IRAM[0m
[0;32mI (533) spi_flash: detected chip: generic[0m
[0;32mI (536) spi_flash: flash io: dio[0m
[0;33mW (540) spi_flash: Detected size(4096k) larger than the size in the binary image header(2048k). Using the size in the binary image header.[0m
[0;32mI (554) coexist: coex firmware version: 77cd7f8[0m
[0;32mI (559) main_task: Started on CPU0[0m
[0;32mI (569) main_task: Calling app_main()[0m
[0;32mI (609) BTDM_INIT: BT controller compile version [a38dc5c][0m
[0;32mI (609) BTDM_INIT: Bluetooth MAC: b4:e6:2d:fa:bd:0f[0m
[0;32mI (609) phy_init: phy_version 4791,2c4672b,Dec 20 2023,16:06:06[0m
[0;32mI (1069) GATTS_DEMO: ----> gatts_event_handler 0[0m
[0;32mI (1069) GATTS_DEMO: REGISTER_APP_EVT, status 0, app_id 0[0m
[0;32mI (1069) main_task: Returned from app_main()[0m
[0;32mI (1079) GATTS_DEMO: ----> gatts_event_handler 7[0m
[0;32mI (1079) GATTS_DEMO: CREATE_SERVICE_EVT, status 0,  service_handle 40[0m
[0;32mI (1089) GATTS_DEMO: xTaskCreatePinnedToCore measure_temp[0m
[0;32mI (1099) GATTS_DEMO: ----> gatts_event_handler 12[0m
[0;32mI (1099) GATTS_DEMO: SERVICE_START_EVT, status 0, service_handle 40[0m
[0;32mI (1099) GATTS_DEMO: ----> gatts_event_handler 9[0m
[0;32mI (1109) GATTS_DEMO: ADD_CHAR_EVT, status 0,  attr_handle 42, service_handle 40[0m
[0;32mI (1119) GATTS_DEMO: the gatts demo char length = 3[0m
[0;32mI (1119) GATTS_DEMO: prf_char[0] =11[0m
[0;32mI (1129) GATTS_DEMO: prf_char[1] =22[0m
[0;32mI (1129) GATTS_DEMO: prf_char[2] =33[0m
[0;32mI (1139) GATTS_DEMO: ----> gatts_event_handler 10[0m
[0;32mI (1139) GATTS_DEMO: ADD_DESCR_EVT, status 0, attr_handle 43, service_handle 40[0m
Guru Meditation Error: Core  0 panic'ed (StoreProhibited). Exception was unhandled.

Core  0 register dump:
PC      : 0x400967be  PS      : 0x00060233  A0      : 0x8009615c  A1      : 0x3ffc8a20  
A2      : 0x3ffce378  A3      : 0x00000054  A4      : 0x00000114  A5      : 0x3ffbbc44  
A6      : 0x00001800  A7      : 0x3ffc3fec  A8      : 0x00000001  A9      : 0x3ffce3c0  
A10     : 0x00000003  A11     : 0x80082c11  A12     : 0x00000828  A13     : 0x3ffc4010  
A14     : 0x00001800  A15     : 0x0000cdcd  SAR     : 0x0000001e  EXCCAUSE: 0x0000001d  
EXCVADDR: 0x80082c1d  LBEG    : 0x4000c46c  LEND    : 0x4000c477  LCOUNT  : 0x00000000  


Backtrace: 0x400967bb:0x3ffc8a20 0x40096159:0x3ffc8a40 0x40081ff9:0x3ffc8a60 0x40082054:0x3ffc8a80 0x400926f9:0x3ffc8aa0 0x400918c2:0x3ffc8ac0 0x40091949:0x3ffc8ae0 0x4010a61d:0x3ffc8b00 0x40109376:0x3ffc8b20 0x400f3f59:0x3ffc8b40 0x400f175a:0x3ffc8b60 0x401006de:0x3ffc8b90 0x400f8ac5:0x3ffc8bb0 0x400e2f32:0x3ffc8bd0 0x400ecc9d:0x3ffc8bf0 0x400ed77e:0x3ffc8c10 0x400edbbb:0x3ffc8c30 0x4010a18f:0x3ffc8c50 0x40092071:0x3ffc8c80




ELF file SHA256: 4b31db04a

Rebooting...
ets Jun  8 2016 00:22:57

rst:0xc (SW_CPU_RESET),boot:0x13 (SPI_FAST_FLASH_BOOT)
configsip: 0, SPIWP:0xee
clk_drv:0x00,q_drv:0x00,d_drv:0x00,cs0_drv:0x00,hd_drv:0x00,wp_drv:0x00
mode:DIO, clock div:2
load:0x3fff0030,len:7172
load:0x40078000,len:15532
load:0x40080400,len:4
load:0x40080404,len:3904
entry 0x40080640
[0;32mI (29) boot: ESP-IDF v5.2 2nd stage bootloader[0m
[0;32mI (29) boot: compile time Apr  8 2024 18:18:03[0m
[0;32mI (29) boot: Multicore bootloader[0m
[0;32mI (33) boot: chip revision: v1.0[0m
[0;32mI (37) boot.esp32: SPI Speed      : 40MHz[0m
[0;32mI (42) boot.esp32: SPI Mode       : DIO[0m
[0;32mI (46) boot.esp32: SPI Flash Size : 2MB[0m
[0;32mI (51) boot: Enabling RNG early entropy source...[0m
[0;32mI (56) boot: Partition Table:[0m
[0;32mI (60) boot: ## Label            Usage          Type ST Offset   Length[0m
[0;32mI (67) boot:  0 nvs              WiFi data        01 02 00009000 00006000[0m
[0;32mI (74) boot:  1 phy_init         RF data          01 01 0000f000 00001000[0m
[0;32mI (82) boot:  2 factory          factory app      00 00 00010000 00100000[0m
[0;32mI (89) boot: End of partition table[0m
[0;32mI (94) esp_image: segment 0: paddr=00010020 vaddr=3f400020 size=2621ch (156188) map[0m
[0;32mI (156) esp_image: segment 1: paddr=00036244 vaddr=3ffbdb60 size=04a94h ( 19092) load[0m
[0;32mI (163) esp_image: segment 2: paddr=0003ace0 vaddr=40080000 size=05338h ( 21304) load[0m
[0;32mI (172) esp_image: segment 3: paddr=00040020 vaddr=400d0020 size=8dd44h (580932) map[0m
[0;32mI (371) esp_image: segment 4: paddr=000cdd6c vaddr=40085338 size=13d7ch ( 81276) load[0m
[0;32mI (416) boot: Loaded app from partition at offset 0x10000[0m
[0;32mI (416) boot: Disabling RNG early entropy source...[0m
[0;32mI (427) cpu_start: Multicore app[0m
[0;32mI (436) cpu_start: Pro cpu start user code[0m
[0;32mI (436) cpu_start: cpu freq: 160000000 Hz[0m
[0;32mI (436) cpu_start: Application information:[0m
[0;32mI (439) cpu_start: Project name:     ils3000-arduino[0m
[0;32mI (445) cpu_start: App version:      87e8df7-dirty[0m
[0;32mI (450) cpu_start: Compile time:     Apr 16 2024 18:52:48[0m
[0;32mI (456) cpu_start: ELF file SHA256:  4b31db04a...[0m
[0;32mI (462) cpu_start: ESP-IDF:          v5.2[0m
[0;32mI (466) cpu_start: Min chip rev:     v0.0[0m
[0;32mI (471) cpu_start: Max chip rev:     v3.99 [0m
[0;32mI (476) cpu_start: Chip rev:         v1.0[0m
[0;32mI (481) heap_init: Initializing. RAM available for dynamic allocation:[0m
[0;32mI (488) heap_init: At 3FFAFF10 len 000000F0 (0 KiB): DRAM[0m
[0;32mI (494) heap_init: At 3FFB6388 len 00001C78 (7 KiB): DRAM[0m
[0;32mI (500) heap_init: At 3FFB9A20 len 00004108 (16 KiB): DRAM[0m
[0;32mI (506) heap_init: At 3FFC3FD8 len 0001C028 (112 KiB): DRAM[0m
[0;32mI (512) heap_init: At 3FFE0440 len 00003AE0 (14 KiB): D/IRAM[0m
[0;32mI (519) heap_init: At 3FFE4350 len 0001BCB0 (111 KiB): D/IRAM[0m
[0;32mI (525) heap_init: At 400990B4 len 00006F4C (27 KiB): IRAM[0m
[0;32mI (533) spi_flash: detected chip: generic[0m
[0;32mI (536) spi_flash: flash io: dio[0m
[0;33mW (540) spi_flash: Detected size(4096k) larger than the size in the binary image header(2048k). Using the size in the binary image header.[0m
[0;32mI (554) coexist: coex firmware version: 77cd7f8[0m
[0;32mI (559) main_task: Started on CPU0[0m
[0;32mI (569) main_task: Calling app_main()[0m
[0;32mI (609) BTDM_INIT: BT controller compile version [a38dc5c][0m
[0;32mI (609) BTDM_INIT: Bluetooth MAC: b4:e6:2d:fa:bd:0f[0m
[0;32mI (609) phy_init: phy_version 4791,2c4672b,Dec 20 2023,16:06:06[0m
[0;32mI (1049) GATTS_DEMO: ----> gatts_event_handler 0[0m
[0;32mI (1049) GATTS_DEMO: REGISTER_APP_EVT, status 0, app_id 0[0m
[0;32mI (1059) main_task: Returned from app_main()[0m
[0;32mI (1069) GATTS_DEMO: ----> gatts_event_handler 7[0m
[0;32mI (1069) GATTS_DEMO: CREATE_SERVICE_EVT, status 0,  service_handle 40[0m
[0;32mI (1069) GATTS_DEMO: xTaskCreatePinnedToCore measure_temp[0m
[0;32mI (1089) GATTS_DEMO: ----> gatts_event_handler 12[0m
[0;32mI (1089) GATTS_DEMO: SERVICE_START_EVT, status 0, service_handle 40[0m
[0;32mI (1089) GATTS_DEMO: ----> gatts_event_handler 9[0m
[0;32mI (1089) GATTS_DEMO: ADD_CHAR_EVT, status 0,  attr_handle 42, service_handle 40[0m
[0;32mI (1099) GATTS_DEMO: the gatts demo char length = 3[0m
[0;32mI (1109) GATTS_DEMO: prf_char[0] =11[0m
[0;32mI (1109) GATTS_DEMO: prf_char[1] =22[0m
[0;32mI (1119) GATTS_DEMO: prf_char[2] =33[0m
[0;32mI (1119) GATTS_DEMO: ----> gatts_event_handler 10[0m
[0;32mI (1129) GATTS_DEMO: ADD_DESCR_EVT, status 0, attr_handle 43, service_handle 40[0m
Guru Meditation Error: Core  0 panic'ed (StoreProhibited). Exception was unhandled.

Core  0 register dump:
PC      : 0x400967be  PS      : 0x00060233  A0      : 0x8009615c  A1      : 0x3ffc8a20  
A2      : 0x3ffce378  A3      : 0x00000054  A4      : 0x00000114  A5      : 0x3ffbbc44  
A6      : 0x00001800  A7      : 0x3ffc3fec  A8      : 0x00000001  A9      : 0x3ffce3c0  
A10     : 0x00000003  A11     : 0x80082c11  A12     : 0x00000828  A13     : 0x3ffc4010  
A14     : 0x00001800  A15     : 0x0000cdcd  SAR     : 0x0000001e  EXCCAUSE: 0x0000001d  
EXCVADDR: 0x80082c1d  LBEG    : 0x4000c46c  LEND    : 0x4000c477  LCOUNT  : 0x00000000  


Backtrace: 0x400967bb:0x3ffc8a20 0x40096159:0x3ffc8a40 0x40081ff9:0x3ffc8a60 0x40082054:0x3ffc8a80 0x400926f9:0x3ffc8aa0 0x400918c2:0x3ffc8ac0 0x40091949:0x3ffc8ae0 0x4010a61d:0x3ffc8b00 0x40109376:0x3ffc8b20 0x400f3f59:0x3ffc8b40 0x400f175a:0x3ffc8b60 0x401006de:0x3ffc8b90 0x400f8ac5:0x3ffc8bb0 0x400e2f32:0x3ffc8bd0 0x400ecc9d:0x3ffc8bf0 0x400ed77e:0x3ffc8c10 0x400edbbb:0x3ffc8c30 0x4010a18f:0x3ffc8c50 0x40092071:0x3ffc8c80




ELF file SHA256: 4b31db04a

Rebooting...
ets Jun  8 2016 00:22:57

rst:0xc (SW_CPU_RESET),boot:0x13 (SPI_FAST_FLASH_BOOT)
configsip: 0, SPIWP:0xee
clk_drv:0x00,q_drv:0x00,d_drv:0x00,cs0_drv:0x00,hd_drv:0x00,wp_drv:0x00
mode:DIO, clock div:2
load:0x3fff0030,len:7172
load:0x40078000,len:15532
load:0x40080400,len:4
load:0x40080404,len:3904
entry 0x40080640
[0;32mI (29) boot: ESP-IDF v5.2 2nd stage bootloader[0m
[0;32mI (29) boot: compile time Apr  8 2024 18:18:03[0m
[0;32mI (29) boot: Multicore bootloader[0m
[0;32mI (33) boot: chip revision: v1.0[0m
[0;32mI (37) boot.esp32: SPI Speed      : 40MHz[0m
[0;32mI (42) boot.esp32: SPI Mode       : DIO[0m
[0;32mI (46) boot.esp32: SPI Flash Size : 2MB[0m
[0;32mI (51) boot: Enabling RNG early entropy source...[0m
[0;32mI (56) boot: Partition Table:[0m
[0;32mI (60) boot: ## Label            Usage          Type ST Offset   Length[0m
[0;32mI (67) boot:  0 nvs              WiFi data        01 02 00009000 00006000[0m
[0;32mI (74) boot:  1 phy_init         RF data          01 01 0000f000 00001000[0m
[0;32mI (82) boot:  2 factory          factory app      00 00 00010000 00100000[0m
[0;32mI (89) boot: End of partition table[0m
[0;32mI (94) esp_image: segment 0: paddr=00010020 vaddr=3f400020 size=2621ch (156188) map[0m
[0;32mI (156) esp_image: segment 1: paddr=00036244 vaddr=3ffbdb60 size=04a94h ( 19092) load[0m
[0;32mI (163) esp_image: segment 2: paddr=0003ace0 vaddr=40080000 size=05338h ( 21304) load[0m
[0;32mI (172) esp_image: segment 3: paddr=00040020 vaddr=400d0020 size=8dd44h (580932) map[0m
[0;32mI (371) esp_image: segment 4: paddr=000cdd6c vaddr=40085338 size=13d7ch ( 81276) load[0m
[0;32mI (416) boot: Loaded app from partition at offset 0x10000[0m
[0;32mI (416) boot: Disabling RNG early entropy source...[0m
[0;32mI (427) cpu_start: Multicore app[0m
[0;32mI (436) cpu_start: Pro cpu start user code[0m
[0;32mI (436) cpu_start: cpu freq: 160000000 Hz[0m
[0;32mI (436) cpu_start: Application information:[0m
[0;32mI (439) cpu_start: Project name:     ils3000-arduino[0m
[0;32mI (445) cpu_start: App version:      87e8df7-dirty[0m
[0;32mI (450) cpu_start: Compile time:     Apr 16 2024 18:52:48[0m
[0;32mI (456) cpu_start: ELF file SHA256:  4b31db04a...[0m
[0;32mI (462) cpu_start: ESP-IDF:          v5.2[0m
[0;32mI (466) cpu_start: Min chip rev:     v0.0[0m
[0;32mI (471) cpu_start: Max chip rev:     v3.99 [0m
[0;32mI (476) cpu_start: Chip rev:         v1.0[0m
[0;32mI (481) heap_init: Initializing. RAM available for dynamic allocation:[0m
[0;32mI (488) heap_init: At 3FFAFF10 len 000000F0 (0 KiB): DRAM[0m
[0;32mI (494) heap_init: At 3FFB6388 len 00001C78 (7 KiB): DRAM[0m
[0;32mI (500) heap_init: At 3FFB9A20 len 00004108 (16 KiB): DRAM[0m
[0;32mI (506) heap_init: At 3FFC3FD8 len 0001C028 (112 KiB): DRAM[0m
[0;32mI (512) heap_init: At 3FFE0440 len 00003AE0 (14 KiB): D/IRAM[0m
[0;32mI (519) heap_init: At 3FFE4350 len 0001BCB0 (111 KiB): D/IRAM[0m
[0;32mI (525) heap_init: At 400990B4 len 00006F4C (27 KiB): IRAM[0m
[0;32mI (533) spi_flash: detected chip: generic[0m
[0;32mI (536) spi_flash: flash io: dio[0m
[0;33mW (540) spi_flash: Detected size(4096k) larger than the size in the binary image header(2048k). Using the size in the binary image header.[0m
[0;32mI (554) coexist: coex firmware version: 77cd7f8[0m
[0;32mI (559) main_task: Started on CPU0[0m
[0;32mI (569) main_task: Calling app_main()[0m
[0;32mI (609) BTDM_INIT: BT controller compile version [a38dc5c][0m
[0;32mI (609) BTDM_INIT: Bluetooth MAC: b4:e6:2d:fa:bd:0f[0m
[0;32mI (609) phy_init: phy_version 4791,2c4672b,Dec 20 2023,16:06:06[0m
[0;32mI (1059) GATTS_DEMO: ----> gatts_event_handler 0[0m
[0;32mI (1059) GATTS_DEMO: REGISTER_APP_EVT, status 0, app_id 0[0m
[0;32mI (1069) main_task: Returned from app_main()[0m
[0;32mI (1069) GATTS_DEMO: ----> gatts_event_handler 7[0m
[0;32mI (1069) GATTS_DEMO: CREATE_SERVICE_EVT, status 0,  service_handle 40[0m
[0;32mI (1079) GATTS_DEMO: xTaskCreatePinnedToCore measure_temp[0m
[0;32mI (1089) GATTS_DEMO: ----> gatts_event_handler 12[0m
[0;32mI (1089) GATTS_DEMO: SERVICE_START_EVT, status 0, service_handle 40[0m
[0;32mI (1089) GATTS_DEMO: ----> gatts_event_handler 9[0m
[0;32mI (1099) GATTS_DEMO: ADD_CHAR_EVT, status 0,  attr_handle 42, service_handle 40[0m
[0;32mI (1109) GATTS_DEMO: the gatts demo char length = 3[0m
[0;32mI (1109) GATTS_DEMO: prf_char[0] =11[0m
[0;32mI (1119) GATTS_DEMO: prf_char[1] =22[0m
[0;32mI (1119) GATTS_DEMO: prf_char[2] =33[0m
[0;32mI (1129) GATTS_DEMO: ----> gatts_event_handler 10[0m
[0;32mI (1129) GATTS_DEMO: ADD_DESCR_EVT, status 0, attr_handle 43, service_handle 40[0m
Guru Meditation Error: Core  0 panic'ed (StoreProhibited). Exception was unhandled.

Core  0 register dump:
PC      : 0x400967be  PS      : 0x00060233  A0      : 0x8009615c  A1      : 0x3ffc8a20  
A2      : 0x3ffce378  A3      : 0x00000054  A4      : 0x00000114  A5      : 0x3ffbbc44  
A6      : 0x00001800  A7      : 0x3ffc3fec  A8      : 0x00000001  A9      : 0x3ffce3c0  
A10     : 0x00000003  A11     : 0x80082c11  A12     : 0x00000828  A13     : 0x3ffc4010  
A14     : 0x00001800  A15     : 0x0000cdcd  SAR     : 0x0000001e  EXCCAUSE: 0x0000001d  
EXCVADDR: 0x80082c1d  LBEG    : 0x4000c46c  LEND    : 0x4000c477  LCOUNT  : 0x00000000  


Backtrace: 0x400967bb:0x3ffc8a20 0x40096159:0x3ffc8a40 0x40081ff9:0x3ffc8a60 0x40082054:0x3ffc8a80 0x400926f9:0x3ffc8aa0 0x400918c2:0x3ffc8ac0 0x40091b28:0x3ffc8ae0 0x4010a001:0x3ffc8b00 0x40109362:0x3ffc8b20 0x400f3f59:0x3ffc8b40 0x400f175a:0x3ffc8b60 0x401006de:0x3ffc8b90 0x400f8ac5:0x3ffc8bb0 0x400e2f32:0x3ffc8bd0 0x400ecc9d:0x3ffc8bf0 0x400ed77e:0x3ffc8c10 0x400edbbb:0x3ffc8c30 0x4010a18f:0x3ffc8c50 0x40092071:0x3ffc8c80




ELF file SHA256: 4b31db04a

Rebooting...
ets Jun  8 2016 00:22:57

rst:0xc (SW_CPU_RESET),boot:0x13 (SPI_FAST_FLASH_BOOT)
configsip: 0, SPIWP:0xee
clk_drv:0x00,q_drv:0x00,d_drv:0x00,cs0_drv:0x00,hd_drv:0x00,wp_drv:0x00
mode:DIO, clock div:2
load:0x3fff0030,len:7172
load:0x40078000,len:15532
load:0x40080400,len:4
load:0x40080404,len:3904
entry 0x40080640
[0;32mI (29) boot: ESP-IDF v5.2 2nd stage bootloader[0m
[0;32mI (29) boot: compile time Apr  8 2024 18:18:03[0m
[0;32mI (29) boot: Multicore bootloader[0m
[0;32mI (33) boot: chip revision: v1.0[0m
[0;32mI (37) boot.esp32: SPI Speed      : 40MHz[0m
[0;32mI (42) boot.esp32: SPI Mode       : DIO[0m
[0;32mI (46) boot.esp32: SPI Flash Size : 2MB[0m
[0;32mI (51) boot: Enabling RNG early entropy source...[0m
[0;32mI (56) boot: Partition Table:[0m
[0;32mI (60) boot: ## Label            Usage          Type ST Offset   Length[0m
[0;32mI (67) boot:  0 nvs              WiFi data        01 02 00009000 00006000[0m
[0;32mI (74) boot:  1 phy_init         RF data          01 01 0000f000 00001000[0m
[0;32mI (82) boot:  2 factory          factory app      00 00 00010000 00100000[0m
[0;32mI (89) boot: End of partition table[0m
[0;32mI (94) esp_image: segment 0: paddr=00010020 vaddr=3f400020 size=2621ch (156188) map[0m
[0;32mI (156) esp_image: segment 1: paddr=00036244 vaddr=3ffbdb60 size=04a94h ( 19092) load[0m
[0;32mI (163) esp_image: segment 2: paddr=0003ace0 vaddr=40080000 size=05338h ( 21304) load[0m
[0;32mI (172) esp_image: segment 3: paddr=00040020 vaddr=400d0020 size=8dd44h (580932) map[0m
[0;32mI (371) esp_image: segment 4: paddr=000cdd6c vaddr=40085338 size=13d7ch ( 81276) load[0m
[0;32mI (416) boot: Loaded app from partition at offset 0x10000[0m
[0;32mI (416) boot: Disabling RNG early entropy source...[0m
[0;32mI (427) cpu_start: Multicore app[0m
[0;32mI (436) cpu_start: Pro cpu start user code[0m
[0;32mI (436) cpu_start: cpu freq: 160000000 Hz[0m
[0;32mI (436) cpu_start: Application information:[0m
[0;32mI (439) cpu_start: Project name:     ils3000-arduino[0m
[0;32mI (445) cpu_start: App version:      87e8df7-dirty[0m
[0;32mI (450) cpu_start: Compile time:     Apr 16 2024 18:52:48[0m
[0;32mI (456) cpu_start: ELF file SHA256:  4b31db04a...[0m
[0;32mI (462) cpu_start: ESP-IDF:          v5.2[0m
[0;32mI (466) cpu_start: Min chip rev:     v0.0[0m
[0;32mI (471) cpu_start: Max chip rev:     v3.99 [0m
[0;32mI (476) cpu_start: Chip rev:         v1.0[0m
[0;32mI (481) heap_init: Initializing. RAM available for dynamic allocation:[0m
[0;32mI (488) heap_init: At 3FFAFF10 len 000000F0 (0 KiB): DRAM[0m
[0;32mI (494) heap_init: At 3FFB6388 len 00001C78 (7 KiB): DRAM[0m
[0;32mI (500) heap_init: At 3FFB9A20 len 00004108 (16 KiB): DRAM[0m
[0;32mI (506) heap_init: At 3FFC3FD8 len 0001C028 (112 KiB): DRAM[0m
[0;32mI (512) heap_init: At 3FFE0440 len 00003AE0 (14 KiB): D/IRAM[0m
[0;32mI (519) heap_init: At 3FFE4350 len 0001BCB0 (111 KiB): D/IRAM[0m
[0;32mI (525) heap_init: At 400990B4 len 00006F4C (27 KiB): IRAM[0m
[0;32mI (533) spi_flash: detected chip: generic[0m
[0;32mI (536) spi_flash: flash io: dio[0m
[0;33mW (540) spi_flash: Detected size(4096k) larger than the size in the binary image header(2048k). Using the size in the binary image header.[0m
[0;32mI (554) coexist: coex firmware version: 77cd7f8[0m
[0;32mI (559) main_task: Started on CPU0[0m
[0;32mI (569) main_task: Calling app_main()[0m
[0;32mI (609) BTDM_INIT: BT controller compile version [a38dc5c][0m
[0;32mI (609) BTDM_INIT: Bluetooth MAC: b4:e6:2d:fa:bd:0f[0m
[0;32mI (609) phy_init: phy_version 4791,2c4672b,Dec 20 2023,16:06:06[0m
[0;32mI (1059) GATTS_DEMO: ----> gatts_event_handler 0[0m
[0;32mI (1059) GATTS_DEMO: REGISTER_APP_EVT, status 0, app_id 0[0m
[0;32mI (1069) main_task: Returned from app_main()[0m
[0;32mI (1069) GATTS_DEMO: ----> gatts_event_handler 7[0m
[0;32mI (1079) GATTS_DEMO: CREATE_SERVICE_EVT, status 0,  service_handle 40[0m
[0;32mI (1079) GATTS_DEMO: xTaskCreatePinnedToCore measure_temp[0m
[0;32mI (1089) GATTS_DEMO: ----> gatts_event_handler 12[0m
[0;32mI (1089) GATTS_DEMO: SERVICE_START_EVT, status 0, service_handle 40[0m
[0;32mI (1099) GATTS_DEMO: ----> gatts_event_handler 9[0m
[0;32mI (1099) GATTS_DEMO: ADD_CHAR_EVT, status 0,  attr_handle 42, service_handle 40[0m
[0;32mI (1109) GATTS_DEMO: the gatts demo char length = 3[0m
[0;32mI (1109) GATTS_DEMO: prf_char[0] =11[0m
[0;32mI (1119) GATTS_DEMO: prf_char[1] =22[0m
[0;32mI (1119) GATTS_DEMO: prf_char[2] =33[0m
[0;32mI (1129) GATTS_DEMO: ----> gatts_event_handler 10[0m
[0;32mI (1129) GATTS_DEMO: ADD_DESCR_EVT, status 0, attr_handle 43, service_handle 40[0m
Guru Meditation Error: Core  0 panic'ed (StoreProhibited). Exception was unhandled.

Core  0 register dump:
PC      : 0x400967be  PS      : 0x00060233  A0      : 0x8009615c  A1      : 0x3ffc8a20  
A2      : 0x3ffce378  A3      : 0x00000054  A4      : 0x00000114  A5      : 0x3ffbbc44  
A6      : 0x00001800  A7      : 0x3ffc3fec  A8      : 0x00000001  A9      : 0x3ffce3c0  
A10     : 0x00000003  A11     : 0x80082c11  A12     : 0x00000828  A13     : 0x3ffc4010  
A14     : 0x00001800  A15     : 0x0000cdcd  SAR     : 0x0000001e  EXCCAUSE: 0x0000001d  
EXCVADDR: 0x80082c1d  LBEG    : 0x4000c46c  LEND    : 0x4000c477  LCOUNT  : 0x00000000  


Backtrace: 0x400967bb:0x3ffc8a20 0x40096159:0x3ffc8a40 0x40081ff9:0x3ffc8a60 0x40082054:0x3ffc8a80 0x400926f9:0x3ffc8aa0 0x400918c2:0x3ffc8ac0 0x40091949:0x3ffc8ae0 0x4010a61d:0x3ffc8b00 0x40109376:0x3ffc8b20 0x400f3f59:0x3ffc8b40 0x400f175a:0x3ffc8b60 0x401006de:0x3ffc8b90 0x400f8ac5:0x3ffc8bb0 0x400e2f32:0x3ffc8bd0 0x400ecc9d:0x3ffc8bf0 0x400ed77e:0x3ffc8c10 0x400edbbb:0x3ffc8c30 0x4010a18f:0x3ffc8c50 0x40092071:0x3ffc8c80




ELF file SHA256: 4b31db04a

Rebooting...
ets Jun  8 2016 00:22:57

rst:0xc (SW_CPU_RESET),boot:0x13 (SPI_FAST_FLASH_BOOT)
configsip: 0, SPIWP:0xee
clk_drv:0x00,q_drv:0x00,d_drv:0x00,cs0_drv:0x00,hd_drv:0x00,wp_drv:0x00
mode:DIO, clock div:2
load:0x3fff0030,len:7172
load:0x40078000,len:15532
load:0x40080400,len:4
load:0x40080404,len:3904
entry 0x40080640
[0;32mI (29) boot: ESP-IDF v5.2 2nd stage bootloader[0m
[0;32mI (29) boot: compile time Apr  8 2024 18:18:03[0m
[0;32mI (29) boot: Multicore bootloader[0m
[0;32mI (33) boot: chip revision: v1.0[0m
[0;32mI (37) boot.esp32: SPI Speed      : 40MHz[0m
[0;32mI (42) boot.esp32: SPI Mode       : DIO[0m
[0;32mI (46) boot.esp32: SPI Flash Size : 2MB[0m
[0;32mI (51) boot: Enabling RNG early entropy source...[0m
[0;32mI (56) boot: Partition Table:[0m
[0;32mI (60) boot: ## Label            Usage          Type ST Offset   Length[0m
[0;32mI (67) boot:  0 nvs              WiFi data        01 02 00009000 00006000[0m
[0;32mI (74) boot:  1 phy_init         RF data          01 01 0000f000 00001000[0m
[0;32mI (82) boot:  2 factory          factory app      00 00 00010000 00100000[0m
[0;32mI (89) boot: End of partition table[0m
[0;32mI (94) esp_image: segment 0: paddr=00010020 vaddr=3f400020 size=2621ch (156188) map[0m
[0;32mI (156) esp_image: segment 1: paddr=00036244 vaddr=3ffbdb60 size=04a94h ( 19092) load[0m
[0;32mI (163) esp_image: segment 2: paddr=0003ace0 vaddr=40080000 size=05338h ( 21304) load[0m
[0;32mI (172) esp_image: segment 3: paddr=00040020 vaddr=400d0020 size=8dd44h (580932) map[0m
[0;32mI (371) esp_image: segment 4: paddr=000cdd6c vaddr=40085338 size=13d7ch ( 81276) load[0m
[0;32mI (416) boot: Loaded app from partition at offset 0x10000[0m
[0;32mI (416) boot: Disabling RNG early entropy source...[0m
[0;32mI (427) cpu_start: Multicore app[0m
[0;32mI (436) cpu_start: Pro cpu start user code[0m
[0;32mI (436) cpu_start: cpu freq: 160000000 Hz[0m
[0;32mI (436) cpu_start: Application information:[0m
[0;32mI (439) cpu_start: Project name:     ils3000-arduino[0m
[0;32mI (445) cpu_start: App version:      87e8df7-dirty[0m
[0;32mI (450) cpu_start: Compile time:     Apr 16 2024 18:52:48[0m
[0;32mI (456) cpu_start: ELF file SHA256:  4b31db04a...[0m
[0;32mI (462) cpu_start: ESP-IDF:          v5.2[0m
[0;32mI (466) cpu_start: Min chip rev:     v0.0[0m
[0;32mI (471) cpu_start: Max chip rev:     v3.99 [0m
[0;32mI (476) cpu_start: Chip rev:         v1.0[0m
[0;32mI (481) heap_init: Initializing. RAM available for dynamic allocation:[0m
[0;32mI (488) heap_init: At 3FFAFF10 len 000000F0 (0 KiB): DRAM[0m
[0;32mI (494) heap_init: At 3FFB6388 len 00001C78 (7 KiB): DRAM[0m
[0;32mI (500) heap_init: At 3FFB9A20 len 00004108 (16 KiB): DRAM[0m
[0;32mI (506) heap_init: At 3FFC3FD8 len 0001C028 (112 KiB): DRAM[0m
[0;32mI (512) heap_init: At 3FFE0440 len 00003AE0 (14 KiB): D/IRAM[0m
[0;32mI (519) heap_init: At 3FFE4350 len 0001BCB0 (111 KiB): D/IRAM[0m
[0;32mI (525) heap_init: At 400990B4 len 00006F4C (27 KiB): IRAM[0m
[0;32mI (533) spi_flash: detected chip: generic[0m
[0;32mI (536) spi_flash: flash io: dio[0m
[0;33mW (540) spi_flash: Detected size(4096k) larger than the size in the binary image header(2048k). Using the size in the binary image header.[0m
[0;32mI (554) coexist: coex firmware version: 77cd7f8[0m
[0;32mI (559) main_task: Started on CPU0[0m
[0;32mI (569) main_task: Calling app_main()[0m
[0;32mI (609) BTDM_INIT: BT controller compile version [a38dc5c][0m
[0;32mI (609) BTDM_INIT: Bluetooth MAC: b4:e6:2d:fa:bd:0f[0m
[0;32mI (609) phy_init: phy_version 4791,2c4672b,Dec 20 2023,16:06:06[0m
[0;32mI (1049) GATTS_DEMO: ----> gatts_event_handler 0[0m
[0;32mI (1049) GATTS_DEMO: REGISTER_APP_EVT, status 0, app_id 0[0m
[0;32mI (1059) main_task: Returned from app_main()[0m
[0;32mI (1069) GATTS_DEMO: ----> gatts_event_handler 7[0m
[0;32mI (1069) GATTS_DEMO: CREATE_SERVICE_EVT, status 0,  service_handle 40[0m
[0;32mI (1069) GATTS_DEMO: xTaskCreatePinnedToCore measure_temp[0m
[0;32mI (1089) GATTS_DEMO: ----> gatts_event_handler 12[0m
[0;32mI (1089) GATTS_DEMO: SERVICE_START_EVT, status 0, service_handle 40[0m
[0;32mI (1089) GATTS_DEMO: ----> gatts_event_handler 9[0m
[0;32mI (1099) GATTS_DEMO: ADD_CHAR_EVT, status 0,  attr_handle 42, service_handle 40[0m
[0;32mI (1099) GATTS_DEMO: the gatts demo char length = 3[0m
[0;32mI (1109) GATTS_DEMO: prf_char[0] =11[0m
[0;32mI (1109) GATTS_DEMO: prf_char[1] =22[0m
[0;32mI (1119) GATTS_DEMO: prf_char[2] =33[0m
[0;32mI (1119) GATTS_DEMO: ----> gatts_event_handler 10[0m
[0;32mI (1129) GATTS_DEMO: ADD_DESCR_EVT, status 0, attr_handle 43, service_handle 40[0m
Guru Meditation Error: Core  0 panic'ed (StoreProhibited). Exception was unhandled.

Core  0 register dump:
PC      : 0x400967be  PS      : 0x00060233  A0      : 0x8009615c  A1      : 0x3ffc8a20  
A2      : 0x3ffce378  A3      : 0x00000054  A4      : 0x00000114  A5      : 0x3ffbbbdc  
A6      : 0x00001800  A7      : 0x3ffc3fec  A8      : 0x00000001  A9      : 0x3ffc3fec  
A10     : 0x00000003  A11     : 0x80082c11  A12     : 0x00000828  A13     : 0x3ffc4010  
A14     : 0x00001800  A15     : 0x0000cdcd  SAR     : 0x0000001e  EXCCAUSE: 0x0000001d  
EXCVADDR: 0x80082c1d  LBEG    : 0x4000c46c  LEND    : 0x4000c477  LCOUNT  : 0x00000000  


Backtrace: 0x400967bb:0x3ffc8a20 0x40096159:0x3ffc8a40 0x40081ff9:0x3ffc8a60 0x40082054:0x3ffc8a80 0x400926f9:0x3ffc8aa0 0x400918c2:0x3ffc8ac0 0x40091949:0x3ffc8ae0 0x4010a61d:0x3ffc8b00 0x40109383:0x3ffc8b20 0x400f3f59:0x3ffc8b40 0x400f175a:0x3ffc8b60 0x401006de:0x3ffc8b90 0x400f8ac5:0x3ffc8bb0 0x400e2f32:0x3ffc8bd0 0x400ecc9d:0x3ffc8bf0 0x400ed77e:0x3ffc8c10 0x400edbbb:0x3ffc8c30 0x4010a18f:0x3ffc8c50 0x40092071:0x3ffc8c80




ELF file SHA256: 4b31db04a

Rebooting...
ets Jun  8 2016 00:22:57

rst:0xc (SW_CPU_RESET),boot:0x13 (SPI_FAST_FLASH_BOOT)
configsip: 0, SPIWP:0xee
clk_drv:0x00,q_drv:0x00,d_drv:0x00,cs0_drv:0x00,hd_drv:0x00,wp_drv:0x00
mode:DIO, clock div:2
load:0x3fff0030,len:7172
load:0x40078000,len:15532
load:0x40080400,len:4
load:0x40080404,len:3904
entry 0x40080640
[0;32mI (29) boot: ESP-IDF v5.2 2nd stage bootloader[0m
[0;32mI (29) boot: compile time Apr  8 2024 18:18:03[0m
[0;32mI (29) boot: Multicore bootloader[0m
[0;32mI (33) boot: chip revision: v1.0[0m
[0;32mI (37) boot.esp32: SPI Speed      : 40MHz[0m
[0;32mI (42) boot.esp32: SPI Mode       : DIO[0m
[0;32mI (46) boot.esp32: SPI Flash Size : 2MB[0m
[0;32mI (51) boot: Enabling RNG early entropy source...[0m
[0;32mI (56) boot: Partition Table:[0m
[0;32mI (60) boot: ## Label            Usage          Type ST Offset   Length[0m
[0;32mI (67) boot:  0 nvs              WiFi data        01 02 00009000 00006000[0m
[0;32mI (74) boot:  1 phy_init         RF data          01 01 0000f000 00001000[0m
[0;32mI (82) boot:  2 factory          factory app      00 00 00010000 00100000[0m
[0;32mI (89) boot: End of partition table[0m
[0;32mI (94) esp_image: segment 0: paddr=00010020 vaddr=3f400020 size=2621ch (156188) map[0m
[0;32mI (156) esp_image: segment 1: paddr=00036244 vaddr=3ffbdb60 size=04a94h ( 19092) load[0m
[0;32mI (163) esp_image: segment 2: paddr=0003ace0 vaddr=40080000 size=05338h ( 21304) load[0m
[0;32mI (172) esp_image: segment 3: paddr=00040020 vaddr=400d0020 size=8dd44h (580932) map[0m
[0;32mI (371) esp_image: segment 4: paddr=000cdd6c vaddr=40085338 size=13d7ch ( 81276) load[0m
[0;32mI (416) boot: Loaded app from partition at offset 0x10000[0m
[0;32mI (416) boot: Disabling RNG early entropy source...[0m
[0;32mI (427) cpu_start: Multicore app[0m
[0;32mI (436) cpu_start: Pro cpu start user code[0m
[0;32mI (436) cpu_start: cpu freq: 160000000 Hz[0m
[0;32mI (436) cpu_start: Application information:[0m
[0;32mI (439) cpu_start: Project name:     ils3000-arduino[0m
[0;32mI (445) cpu_start: App version:      87e8df7-dirty[0m
[0;32mI (450) cpu_start: Compile time:     Apr 16 2024 18:52:48[0m
[0;32mI (456) cpu_start: ELF file SHA256:  4b31db04a...[0m
[0;32mI (462) cpu_start: ESP-IDF:          v5.2[0m
[0;32mI (466) cpu_start: Min chip rev:     v0.0[0m
[0;32mI (471) cpu_start: Max chip rev:     v3.99 [0m
[0;32mI (476) cpu_start: Chip rev:         v1.0[0m
[0;32mI (481) heap_init: Initializing. RAM available for dynamic allocation:[0m
[0;32mI (488) heap_init: At 3FFAFF10 len 000000F0 (0 KiB): DRAM[0m
[0;32mI (494) heap_init: At 3FFB6388 len 00001C78 (7 KiB): DRAM[0m
[0;32mI (500) heap_init: At 3FFB9A20 len 00004108 (16 KiB): DRAM[0m
[0;32mI (506) heap_init: At 3FFC3FD8 len 0001C028 (112 KiB): DRAM[0m
[0;32mI (512) heap_init: At 3FFE0440 len 00003AE0 (14 KiB): D/IRAM[0m
[0;32mI (519) heap_init: At 3FFE4350 len 0001BCB0 (111 KiB): D/IRAM[0m
[0;32mI (525) heap_init: At 400990B4 len 00006F4C (27 KiB): IRAM[0m
[0;32mI (533) spi_flash: detected chip: generic[0m
[0;32mI (536) spi_flash: flash io: dio[0m
[0;33mW (540) spi_flash: Detected size(4096k) larger than the size in the binary image header(2048k). Using the size in the binary image header.[0m
[0;32mI (554) coexist: coex firmware version: 77cd7f8[0m
[0;32mI (559) main_task: Started on CPU0[0m
[0;32mI (569) main_task: Calling app_main()[0m
[0;32mI (609) BTDM_INIT: BT controller compile version [a38dc5c][0m
[0;32mI (609) BTDM_INIT: Bluetooth MAC: b4:e6:2d:fa:bd:0f[0m
[0;32mI (609) phy_init: phy_version 4791,2c4672b,Dec 20 2023,16:06:06[0m
[0;32mI (1059) GATTS_DEMO: ----> gatts_event_handler 0[0m
[0;32mI (1059) GATTS_DEMO: REGISTER_APP_EVT, status 0, app_id 0[0m
[0;32mI (1069) main_task: Returned from app_main()[0m
[0;32mI (1069) GATTS_DEMO: ----> gatts_event_handler 7[0m
[0;32mI (1069) GATTS_DEMO: CREATE_SERVICE_EVT, status 0,  service_handle 40[0m
[0;32mI (1079) GATTS_DEMO: xTaskCreatePinnedToCore measure_temp[0m
[0;32mI (1089) GATTS_DEMO: ----> gatts_event_handler 12[0m
[0;32mI (1089) GATTS_DEMO: SERVICE_START_EVT, status 0, service_handle 40[0m
[0;32mI (1089) GATTS_DEMO: ----> gatts_event_handler 9[0m
[0;32mI (1099) GATTS_DEMO: ADD_CHAR_EVT, status 0,  attr_handle 42, service_handle 40[0m
[0;32mI (1109) GATTS_DEMO: the gatts demo char length = 3[0m
[0;32mI (1109) GATTS_DEMO: prf_char[0] =11[0m
[0;32mI (1119) GATTS_DEMO: prf_char[1] =22[0m
[0;32mI (1119) GATTS_DEMO: prf_char[2] =33[0m
[0;32mI (1129) GATTS_DEMO: ----> gatts_event_handler 10[0m
[0;32mI (1129) GATTS_DEMO: ADD_DESCR_EVT, status 0, attr_handle 43, service_handle 40[0m
Guru Meditation Error: Core  0 panic'ed (StoreProhibited). Exception was unhandled.

Core  0 register dump:
PC      : 0x400967be  PS      : 0x00060233  A0      : 0x8009615c  A1      : 0x3ffc8a20  
A2      : 0x3ffce378  A3      : 0x00000054  A4      : 0x00000114  A5      : 0x3ffbbc28  
A6      : 0x00001800  A7      : 0x3ffc3fec  A8      : 0x00000001  A9      : 0x3ffce3c0  
A10     : 0x00000003  A11     : 0x80082c11  A12     : 0x00000828  A13     : 0x3ffc4010  
A14     : 0x00001800  A15     : 0x0000cdcd  SAR     : 0x0000001e  EXCCAUSE: 0x0000001d  
EXCVADDR: 0x80082c1d  LBEG    : 0x4000c46c  LEND    : 0x4000c477  LCOUNT  : 0x00000000  


Backtrace: 0x400967bb:0x3ffc8a20 0x40096159:0x3ffc8a40 0x40081ff9:0x3ffc8a60 0x40082054:0x3ffc8a80 0x400926f9:0x3ffc8aa0 0x400918c2:0x3ffc8ac0 0x40091949:0x3ffc8ae0 0x4010a61d:0x3ffc8b00 0x40109383:0x3ffc8b20 0x400f3f59:0x3ffc8b40 0x400f175a:0x3ffc8b60 0x401006de:0x3ffc8b90 0x400f8ac5:0x3ffc8bb0 0x400e2f32:0x3ffc8bd0 0x400ecc9d:0x3ffc8bf0 0x400ed77e:0x3ffc8c10 0x400edbbb:0x3ffc8c30 0x4010a18f:0x3ffc8c50 0x40092071:0x3ffc8c80




ELF file SHA256: 4b31db04a

Rebooting...
ets Jun  8 2016 00:22:57

rst:0xc (SW_CPU_RESET),boot:0x13 (SPI_FAST_FLASH_BOOT)
configsip: 0, SPIWP:0xee
clk_drv:0x00,q_drv:0x00,d_drv:0x00,cs0_drv:0x00,hd_drv:0x00,wp_drv:0x00
mode:DIO, clock div:2
load:0x3fff0030,len:7172
load:0x40078000,len:15532
load:0x40080400,len:4
load:0x40080404,len:3904
entry 0x40080640
[0;32mI (29) boot: ESP-IDF v5.2 2nd stage bootloader[0m
[0;32mI (29) boot: compile time Apr  8 2024 18:18:03[0m
[0;32mI (29) boot: Multicore bootloader[0m
[0;32mI (33) boot: chip revision: v1.0[0m
[0;32mI (37) boot.esp32: SPI Speed      : 40MHz[0m
[0;32mI (42) boot.esp32: SPI Mode       : DIO[0m
[0;32mI (46) boot.esp32: SPI Flash Size : 2MB[0m
[0;32mI (51) boot: Enabling RNG early entropy source...[0m
[0;32mI (56) boot: Partition Table:[0m
[0;32mI (60) boot: ## Label            Usage          Type ST Offset   Length[0m
[0;32mI (67) boot:  0 nvs              WiFi data        01 02 00009000 00006000[0m
[0;32mI (74) boot:  1 phy_init         RF data          01 01 0000f000 00001000[0m
[0;32mI (82) boot:  2 factory          factory app      00 00 00010000 00100000[0m
[0;32mI (89) boot: End of partition table[0m
[0;32mI (94) esp_image: segment 0: paddr=00010020 vaddr=3f400020 size=2621ch (156188) map[0m
[0;32mI (156) esp_image: segment 1: paddr=00036244 vaddr=3ffbdb60 size=04a94h ( 19092) load[0m
[0;32mI (163) esp_image: segment 2: paddr=0003ace0 vaddr=40080000 size=05338h ( 21304) load[0m
[0;32mI (172) esp_image: segment 3: paddr=00040020 vaddr=400d0020 size=8dd44h (580932) map[0m
[0;32mI (371) esp_image: segment 4: paddr=000cdd6c vaddr=40085338 size=13d7ch ( 81276) load[0m
[0;32mI (416) boot: Loaded app from partition at offset 0x10000[0m
[0;32mI (416) boot: Disabling RNG early entropy source...[0m
[0;32mI (427) cpu_start: Multicore app[0m
[0;32mI (436) cpu_start: Pro cpu start user code[0m
[0;32mI (436) cpu_start: cpu freq: 160000000 Hz[0m
[0;32mI (436) cpu_start: Application information:[0m
[0;32mI (439) cpu_start: Project name:     ils3000-arduino[0m
[0;32mI (445) cpu_start: App version:      87e8df7-dirty[0m
[0;32mI (450) cpu_start: Compile time:     Apr 16 2024 18:52:48[0m
[0;32mI (456) cpu_start: ELF file SHA256:  4b31db04a...[0m
[0;32mI (462) cpu_start: ESP-IDF:          v5.2[0m
[0;32mI (466) cpu_start: Min chip rev:     v0.0[0m
[0;32mI (471) cpu_start: Max chip rev:     v3.99 [0m
[0;32mI (476) cpu_start: Chip rev:         v1.0[0m
[0;32mI (481) heap_init: Initializing. RAM available for dynamic allocation:[0m
[0;32mI (488) heap_init: At 3FFAFF10 len 000000F0 (0 KiB): DRAM[0m
[0;32mI (494) heap_init: At 3FFB6388 len 00001C78 (7 KiB): DRAM[0m
[0;32mI (500) heap_init: At 3FFB9A20 len 00004108 (16 KiB): DRAM[0m
[0;32mI (506) heap_init: At 3FFC3FD8 len 0001C028 (112 KiB): DRAM[0m
[0;32mI (512) heap_init: At 3FFE0440 len 00003AE0 (14 KiB): D/IRAM[0m
[0;32mI (519) heap_init: At 3FFE4350 len 0001BCB0 (111 KiB): D/IRAM[0m
[0;32mI (525) heap_init: At 400990B4 len 00006F4C (27 KiB): IRAM[0m
[0;32mI (533) spi_flash: detected chip: generic[0m
[0;32mI (536) spi_flash: flash io: dio[0m
[0;33mW (540) spi_flash: Detected size(4096k) larger than the size in the binary image header(2048k). Using the size in the binary image header.[0m
[0;32mI (554) coexist: coex firmware version: 77cd7f8[0m
[0;32mI (559) main_task: Started on CPU0[0m
[0;32mI (569) main_task: Calling app_main()[0m
[0;32mI (609) BTDM_INIT: BT controller compile version [a38dc5c][0m
[0;32mI (609) BTDM_INIT: Bluetooth MAC: b4:e6:2d:fa:bd:0f[0m
[0;32mI (609) phy_init: phy_version 4791,2c4672b,Dec 20 2023,16:06:06[0m
[0;32mI (1049) GATTS_DEMO: ----> gatts_event_handler 0[0m
[0;32mI (1059) GATTS_DEMO: REGISTER_APP_EVT, status 0, app_id 0[0m
[0;32mI (1059) main_task: Returned from app_main()[0m
[0;32mI (1069) GATTS_DEMO: ----> gatts_event_handler 7[0m
[0;32mI (1069) GATTS_DEMO: CREATE_SERVICE_EVT, status 0,  service_handle 40[0m
[0;32mI (1069) GATTS_DEMO: xTaskCreatePinnedToCore measure_temp[0m
[0;32mI (1089) GATTS_DEMO: ----> gatts_event_handler 12[0m
[0;32mI (1089) GATTS_DEMO: SERVICE_START_EVT, status 0, service_handle 40[0m
[0;32mI (1089) GATTS_DEMO: ----> gatts_event_handler 9[0m
[0;32mI (1099) GATTS_DEMO: ADD_CHAR_EVT, status 0,  attr_handle 42, service_handle 40[0m
[0;32mI (1099) GATTS_DEMO: the gatts demo char length = 3[0m
[0;32mI (1109) GATTS_DEMO: prf_char[0] =11[0m
[0;32mI (1109) GATTS_DEMO: prf_char[1] =22[0m
[0;32mI (1119) GATTS_DEMO: prf_char[2] =33[0m
[0;32mI (1119) GATTS_DEMO: ----> gatts_event_handler 10[0m
[0;32mI (1129) GATTS_DEMO: ADD_DESCR_EVT, status 0, attr_handle 43, service_handle 40[0m
Guru Meditation Error: Core  0 panic'ed (StoreProhibited). Exception was unhandled.

Core  0 register dump:
PC      : 0x400967be  PS      : 0x00060233  A0      : 0x8009615c  A1      : 0x3ffc8a20  
A2      : 0x3ffce378  A3      : 0x00000054  A4      : 0x00000114  A5      : 0x3ffbbc44  
A6      : 0x00001800  A7      : 0x3ffc3fec  A8      : 0x00000001  A9      : 0x3ffc3fec  
A10     : 0x00000003  A11     : 0x80082c11  A12     : 0x00000828  A13     : 0x3ffc4010  
A14     : 0x00001800  A15     : 0x0000cdcd  SAR     : 0x0000001e  EXCCAUSE: 0x0000001d  
EXCVADDR: 0x80082c1d  LBEG    : 0x4000c46c  LEND    : 0x4000c477  LCOUNT  : 0x00000000  


Backtrace: 0x400967bb:0x3ffc8a20 0x40096159:0x3ffc8a40 0x40081ff9:0x3ffc8a60 0x40082054:0x3ffc8a80 0x400926f9:0x3ffc8aa0 0x400918c2:0x3ffc8ac0 0x40091949:0x3ffc8ae0 0x4010a61d:0x3ffc8b00 0x40109376:0x3ffc8b20 0x400f3f59:0x3ffc8b40 0x400f175a:0x3ffc8b60 0x401006de:0x3ffc8b90 0x400f8ac5:0x3ffc8bb0 0x400e2f32:0x3ffc8bd0 0x400ecc9d:0x3ffc8bf0 0x400ed77e:0x3ffc8c10 0x400edbbb:0x3ffc8c30 0x4010a18f:0x3ffc8c50 0x40092071:0x3ffc8c80




ELF file SHA256: 4b31db04a

Rebooting...
ets Jun  8 2016 00:22:57

rst:0xc (SW_CPU_RESET),boot:0x13 (SPI_FAST_FLASH_BOOT)
configsip: 0, SPIWP:0xee
clk_drv:0x00,q_drv:0x00,d_drv:0x00,cs0_drv:0x00,hd_drv:0x00,wp_drv:0x00
mode:DIO, clock div:2
load:0x3fff0030,len:7172
load:0x40078000,len:15532
load:0x40080400,len:4
load:0x40080404,len:3904
entry 0x40080640
[0;32mI (29) boot: ESP-IDF v5.2 2nd stage bootloader[0m
[0;32mI (29) boot: compile time Apr  8 2024 18:18:03[0m
[0;32mI (29) boot: Multicore bootloader[0m
[0;32mI (33) boot: chip revision: v1.0[0m
[0;32mI (37) boot.esp32: SPI Speed      : 40MHz[0m
[0;32mI (42) boot.esp32: SPI Mode       : DIO[0m
[0;32mI (46) boot.esp32: SPI Flash Size : 2MB[0m
[0;32mI (51) boot: Enabling RNG early entropy source...[0m
[0;32mI (56) boot: Partition Table:[0m
[0;32mI (60) boot: ## Label            Usage          Type ST Offset   Length[0m
[0;32mI (67) boot:  0 nvs              WiFi data        01 02 00009000 00006000[0m
[0;32mI (74) boot:  1 phy_init         RF data          01 01 0000f000 00001000[0m
[0;32mI (82) boot:  2 factory          factory app      00 00 00010000 00100000[0m
[0;32mI (89) boot: End of partition table[0m
[0;32mI (94) esp_image: segment 0: paddr=00010020 vaddr=3f400020 size=2621ch (156188) map[0m
[0;32mI (156) esp_image: segment 1: paddr=00036244 vaddr=3ffbdb60 size=04a94h ( 19092) load[0m
[0;32mI (163) esp_image: segment 2: paddr=0003ace0 vaddr=40080000 size=05338h ( 21304) load[0m
[0;32mI (172) esp_image: segment 3: paddr=00040020 vaddr=400d0020 size=8dd44h (580932) map[0m
[0;32mI (371) esp_image: segment 4: paddr=000cdd6c vaddr=40085338 size=13d7ch ( 81276) load[0m
[0;32mI (416) boot: Loaded app from partition at offset 0x10000[0m
[0;32mI (416) boot: Disabling RNG early entropy source...[0m
[0;32mI (427) cpu_start: Multicore app[0m
[0;32mI (436) cpu_start: Pro cpu start user code[0m
[0;32mI (436) cpu_start: cpu freq: 160000000 Hz[0m
[0;32mI (436) cpu_start: Application information:[0m
[0;32mI (439) cpu_start: Project name:     ils3000-arduino[0m
[0;32mI (445) cpu_start: App version:      87e8df7-dirty[0m
[0;32mI (450) cpu_start: Compile time:     Apr 16 2024 18:52:48[0m
[0;32mI (456) cpu_start: ELF file SHA256:  4b31db04a...[0m
[0;32mI (462) cpu_start: ESP-IDF:          v5.2[0m
[0;32mI (466) cpu_start: Min chip rev:     v0.0[0m
[0;32mI (471) cpu_start: Max chip rev:     v3.99 [0m
[0;32mI (476) cpu_start: Chip rev:         v1.0[0m
[0;32mI (481) heap_init: Initializing. RAM available for dynamic allocation:[0m
[0;32mI (488) heap_init: At 3FFAFF10 len 000000F0 (0 KiB): DRAM[0m
[0;32mI (494) heap_init: At 3FFB6388 len 00001C78 (7 KiB): DRAM[0m
[0;32mI (500) heap_init: At 3FFB9A20 len 00004108 (16 KiB): DRAM[0m
[0;32mI (506) heap_init: At 3FFC3FD8 len 0001C028 (112 KiB): DRAM[0m
[0;32mI (512) heap_init: At 3FFE0440 len 00003AE0 (14 KiB): D/IRAM[0m
[0;32mI (519) heap_init: At 3FFE4350 len 0001BCB0 (111 KiB): D/IRAM[0m
[0;32mI (525) heap_init: At 400990B4 len 00006F4C (27 KiB): IRAM[0m
[0;32mI (533) spi_flash: detected chip: generic[0m
[0;32mI (536) spi_flash: flash io: dio[0m
[0;33mW (540) spi_flash: Detected size(4096k) larger than the size in the binary image header(2048k). Using the size in the binary image header.[0m
[0;32mI (554) coexist: coex firmware version: 77cd7f8[0m
[0;32mI (559) main_task: Started on CPU0[0m
[0;32mI (569) main_task: Calling app_main()[0m
[0;32mI (609) BTDM_INIT: BT controller compile version [a38dc5c][0m
[0;32mI (609) BTDM_INIT: Bluetooth MAC: b4:e6:2d:fa:bd:0f[0m
[0;32mI (609) phy_init: phy_version 4791,2c4672b,Dec 20 2023,16:06:06[0m
[0;32mI (1049) GATTS_DEMO: ----> gatts_event_handler 0[0m
[0;32mI (1049) GATTS_DEMO: REGISTER_APP_EVT, status 0, app_id 0[0m
[0;32mI (1059) main_task: Returned from app_main()[0m
[0;32mI (1069) GATTS_DEMO: ----> gatts_event_handler 7[0m
[0;32mI (1069) GATTS_DEMO: CREATE_SERVICE_EVT, status 0,  service_handle 40[0m
[0;32mI (1069) GATTS_DEMO: xTaskCreatePinnedToCore measure_temp[0m
[0;32mI (1089) GATTS_DEMO: ----> gatts_event_handler 12[0m
[0;32mI (1089) GATTS_DEMO: SERVICE_START_EVT, status 0, service_handle 40[0m
[0;32mI (1089) GATTS_DEMO: ----> gatts_event_handler 9[0m
[0;32mI (1089) GATTS_DEMO: ADD_CHAR_EVT, status 0,  attr_handle 42, service_handle 40[0m
[0;32mI (1099) GATTS_DEMO: the gatts demo char length = 3[0m
[0;32mI (1109) GATTS_DEMO: prf_char[0] =11[0m
[0;32mI (1109) GATTS_DEMO: prf_char[1] =22[0m
[0;32mI (1119) GATTS_DEMO: prf_char[2] =33[0m
[0;32mI (1119) GATTS_DEMO: ----> gatts_event_handler 10[0m
[0;32mI (1129) GATTS_DEMO: ADD_DESCR_EVT, status 0, attr_handle 43, service_handle 40[0m
Guru Meditation Error: Core  0 panic'ed (StoreProhibited). Exception was unhandled.

Core  0 register dump:
PC      : 0x400967be  PS      : 0x00060233  A0      : 0x8009615c  A1      : 0x3ffc8a20  
A2      : 0x3ffce378  A3      : 0x00000054  A4      : 0x00000114  A5      : 0x3ffbbc44  
A6      : 0x00001800  A7      : 0x3ffc3fec  A8      : 0x00000001  A9      : 0x3ffc3fec  
A10     : 0x00000003  A11     : 0x80082c11  A12     : 0x00000828  A13     : 0x3ffc4010  
A14     : 0x00001800  A15     : 0x0000cdcd  SAR     : 0x0000001e  EXCCAUSE: 0x0000001d  
EXCVADDR: 0x80082c1d  LBEG    : 0x4000c46c  LEND    : 0x4000c477  LCOUNT  : 0x00000000  


Backtrace: 0x400967bb:0x3ffc8a20 0x40096159:0x3ffc8a40 0x40081ff9:0x3ffc8a60 0x40082054:0x3ffc8a80 0x400926f9:0x3ffc8aa0 0x400918c2:0x3ffc8ac0 0x40091949:0x3ffc8ae0 0x4010a61d:0x3ffc8b00 0x40109376:0x3ffc8b20 0x400f3f59:0x3ffc8b40 0x400f175a:0x3ffc8b60 0x401006de:0x3ffc8b90 0x400f8ac5:0x3ffc8bb0 0x400e2f32:0x3ffc8bd0 0x400ecc9d:0x3ffc8bf0 0x400ed77e:0x3ffc8c10 0x400edbbb:0x3ffc8c30 0x4010a18f:0x3ffc8c50 0x40092071:0x3ffc8c80




ELF file SHA256: 4b31db04a

Rebooting...
ets Jun  8 2016 00:22:57

rst:0xc (SW_CPU_RESET),boot:0x13 (SPI_FAST_FLASH_BOOT)
configsip: 0, SPIWP:0xee
clk_drv:0x00,q_drv:0x00,d_drv:0x00,cs0_drv:0x00,hd_drv:0x00,wp_drv:0x00
mode:DIO, clock div:2
load:0x3fff0030,len:7172
load:0x40078000,len:15532
load:0x40080400,len:4
load:0x40080404,len:3904
entry 0x40080640
[0;32mI (29) boot: ESP-IDF v5.2 2nd stage bootloader[0m
[0;32mI (29) boot: compile time Apr  8 2024 18:18:03[0m
[0;32mI (29) boot: Multicore bootloader[0m
[0;32mI (33) boot: chip revision: v1.0[0m
[0;32mI (37) boot.esp32: SPI Speed      : 40MHz[0m
[0;32mI (42) boot.esp32: SPI Mode       : DIO[0m
[0;32mI (46) boot.esp32: SPI Flash Size : 2MB[0m
[0;32mI (51) boot: Enabling RNG early entropy source...[0m
[0;32mI (56) boot: Partition Table:[0m
[0;32mI (60) boot: ## Label            Usage          Type ST Offset   Length[0m
[0;32mI (67) boot:  0 nvs              WiFi data        01 02 00009000 00006000[0m
[0;32mI (74) boot:  1 phy_init         RF data          01 01 0000f000 00001000[0m
[0;32mI (82) boot:  2 factory          factory app      00 00 00010000 00100000[0m
[0;32mI (89) boot: End of partition table[0m
[0;32mI (94) esp_image: segment 0: paddr=00010020 vaddr=3f400020 size=2621ch (156188) map[0m
[0;32mI (156) esp_image: segment 1: paddr=00036244 vaddr=3ffbdb60 size=04a94h ( 19092) load[0m
[0;32mI (163) esp_image: segment 2: paddr=0003ace0 vaddr=40080000 size=05338h ( 21304) load[0m
[0;32mI (172) esp_image: segment 3: paddr=00040020 vaddr=400d0020 size=8dd44h (580932) map[0m
[0;32mI (371) esp_image: segment 4: paddr=000cdd6c vaddr=40085338 size=13d7ch ( 81276) load[0m
[0;32mI (416) boot: Loaded app from partition at offset 0x10000[0m
[0;32mI (416) boot: Disabling RNG early entropy source...[0m
[0;32mI (427) cpu_start: Multicore app[0m
[0;32mI (436) cpu_start: Pro cpu start user code[0m
[0;32mI (436) cpu_start: cpu freq: 160000000 Hz[0m
[0;32mI (436) cpu_start: Application information:[0m
[0;32mI (439) cpu_start: Project name:     ils3000-arduino[0m
[0;32mI (445) cpu_start: App version:      87e8df7-dirty[0m
[0;32mI (450) cpu_start: Compile time:     Apr 16 2024 18:52:48[0m
[0;32mI (456) cpu_start: ELF file SHA256:  4b31db04a...[0m
[0;32mI (462) cpu_start: ESP-IDF:          v5.2[0m
[0;32mI (466) cpu_start: Min chip rev:     v0.0[0m
[0;32mI (471) cpu_start: Max chip rev:     v3.99 [0m
[0;32mI (476) cpu_start: Chip rev:         v1.0[0m
[0;32mI (481) heap_init: Initializing. RAM available for dynamic allocation:[0m
[0;32mI (488) heap_init: At 3FFAFF10 len 000000F0 (0 KiB): DRAM[0m
[0;32mI (494) heap_init: At 3FFB6388 len 00001C78 (7 KiB): DRAM[0m
[0;32mI (500) heap_init: At 3FFB9A20 len 00004108 (16 KiB): DRAM[0m
[0;32mI (506) heap_init: At 3FFC3FD8 len 0001C028 (112 KiB): DRAM[0m
[0;32mI (512) heap_init: At 3FFE0440 len 00003AE0 (14 KiB): D/IRAM[0m
[0;32mI (519) heap_init: At 3FFE4350 len 0001BCB0 (111 KiB): D/IRAM[0m
[0;32mI (525) heap_init: At 400990B4 len 00006F4C (27 KiB): IRAM[0m
[0;32mI (533) spi_flash: detected chip: generic[0m
[0;32mI (536) spi_flash: flash io: dio[0m
[0;33mW (540) spi_flash: Detected size(4096k) larger than the size in the binary image header(2048k). Using the size in the binary image header.[0m
[0;32mI (554) coexist: coex firmware version: 77cd7f8[0m
[0;32mI (559) main_task: Started on CPU0[0m
[0;32mI (569) main_task: Calling app_main()[0m
[0;32mI (609) BTDM_INIT: BT controller compile version [a38dc5c][0m
[0;32mI (609) BTDM_INIT: Bluetooth MAC: b4:e6:2d:fa:bd:0f[0m
[0;32mI (609) phy_init: phy_version 4791,2c4672b,Dec 20 2023,16:06:06[0m
[0;32mI (1049) GATTS_DEMO: ----> gatts_event_handler 0[0m
[0;32mI (1049) GATTS_DEMO: REGISTER_APP_EVT, status 0, app_id 0[0m
[0;32mI (1059) main_task: Returned from app_main()[0m
[0;32mI (1069) GATTS_DEMO: ----> gatts_event_handler 7[0m
[0;32mI (1069) GATTS_DEMO: CREATE_SERVICE_EVT, status 0,  service_handle 40[0m
[0;32mI (1069) GATTS_DEMO: xTaskCreatePinnedToCore measure_temp[0m
[0;32mI (1089) GATTS_DEMO: ----> gatts_event_handler 12[0m
[0;32mI (1089) GATTS_DEMO: SERVICE_START_EVT, status 0, service_handle 40[0m
[0;32mI (1089) GATTS_DEMO: ----> gatts_event_handler 9[0m
[0;32mI (1099) GATTS_DEMO: ADD_CHAR_EVT, status 0,  attr_handle 42, service_handle 40[0m
[0;32mI (1099) GATTS_DEMO: the gatts demo char length = 3[0m
[0;32mI (1109) GATTS_DEMO: prf_char[0] =11[0m
[0;32mI (1109) GATTS_DEMO: prf_char[1] =22[0m
[0;32mI (1119) GATTS_DEMO: prf_char[2] =33[0m
[0;32mI (1119) GATTS_DEMO: ----> gatts_event_handler 10[0m
[0;32mI (1129) GATTS_DEMO: ADD_DESCR_EVT, status 0, attr_handle 43, service_handle 40[0m
Guru Meditation Error: Core  0 panic'ed (StoreProhibited). Exception was unhandled.

Core  0 register dump:
PC      : 0x400967be  PS      : 0x00060233  A0      : 0x8009615c  A1      : 0x3ffc8a20  
A2      : 0x3ffce378  A3      : 0x00000054  A4      : 0x00000114  A5      : 0x3ffbbc84  
A6      : 0x00001800  A7      : 0x3ffc3fec  A8      : 0x00000001  A9      : 0x3ffc3fec  
A10     : 0x00000003  A11     : 0x80082c11  A12     : 0x00000828  A13     : 0x3ffc4010  
A14     : 0x00001800  A15     : 0x0000cdcd  SAR     : 0x0000001e  EXCCAUSE: 0x0000001d  
EXCVADDR: 0x80082c1d  LBEG    : 0x4000c46c  LEND    : 0x4000c477  LCOUNT  : 0x00000000  


Backtrace: 0x400967bb:0x3ffc8a20 0x40096159:0x3ffc8a40 0x40081ff9:0x3ffc8a60 0x40082054:0x3ffc8a80 0x400926f9:0x3ffc8aa0 0x400918c2:0x3ffc8ac0 0x40091949:0x3ffc8ae0 0x4010a61d:0x3ffc8b00 0x40109376:0x3ffc8b20 0x400f3f59:0x3ffc8b40 0x400f175a:0x3ffc8b60 0x401006de:0x3ffc8b90 0x400f8ac5:0x3ffc8bb0 0x400e2f32:0x3ffc8bd0 0x400ecc9d:0x3ffc8bf0 0x400ed77e:0x3ffc8c10 0x400edbbb:0x3ffc8c30 0x4010a18f:0x3ffc8c50 0x40092071:0x3ffc8c80




ELF file SHA256: 4b31db04a

Rebooting...
ets Jun  8 2016 00:22:57

rst:0xc (SW_CPU_RESET),boot:0x13 (SPI_FAST_FLASH_BOOT)
configsip: 0, SPIWP:0xee
clk_drv:0x00,q_drv:0x00,d_drv:0x00,cs0_drv:0x00,hd_drv:0x00,wp_drv:0x00
mode:DIO, clock div:2
load:0x3fff0030,len:7172
load:0x40078000,len:15532
load:0x40080400,len:4
load:0x40080404,len:3904
entry 0x40080640
[0;32mI (29) boot: ESP-IDF v5.2 2nd stage bootloader[0m
[0;32mI (29) boot: compile time Apr  8 2024 18:18:03[0m
[0;32mI (29) boot: Multicore bootloader[0m
[0;32mI (33) boot: chip revision: v1.0[0m
[0;32mI (37) boot.esp32: SPI Speed      : 40MHz[0m
[0;32mI (42) boot.esp32: SPI Mode       : DIO[0m
[0;32mI (46) boot.esp32: SPI Flash Size : 2MB[0m
[0;32mI (51) boot: Enabling RNG early entropy source...[0m
[0;32mI (56) boot: Partition Table:[0m
[0;32mI (60) boot: ## Label            Usage          Type ST Offset   Length[0m
[0;32mI (67) boot:  0 nvs              WiFi data        01 02 00009000 00006000[0m
[0;32mI (74) boot:  1 phy_init         RF data          01 01 0000f000 00001000[0m
[0;32mI (82) boot:  2 factory          factory app      00 00 00010000 00100000[0m
[0;32mI (89) boot: End of partition table[0m
[0;32mI (94) esp_image: segment 0: paddr=00010020 vaddr=3f400020 size=2621ch (156188) map[0m
[0;32mI (156) esp_image: segment 1: paddr=00036244 vaddr=3ffbdb60 size=04a94h ( 19092) load[0m
[0;32mI (163) esp_image: segment 2: paddr=0003ace0 vaddr=40080000 size=05338h ( 21304) load[0m
[0;32mI (172) esp_image: segment 3: paddr=00040020 vaddr=400d0020 size=8dd44h (580932) map[0m
[0;32mI (371) esp_image: segment 4: paddr=000cdd6c vaddr=40085338 size=13d7ch ( 81276) load[0m
[0;32mI (416) boot: Loaded app from partition at offset 0x10000[0m
[0;32mI (416) boot: Disabling RNG early entropy source...[0m
[0;32mI (427) cpu_start: Multicore app[0m
[0;32mI (436) cpu_start: Pro cpu start user code[0m
[0;32mI (436) cpu_start: cpu freq: 160000000 Hz[0m
[0;32mI (436) cpu_start: Application information:[0m
[0;32mI (439) cpu_start: Project name:     ils3000-arduino[0m
[0;32mI (445) cpu_start: App version:      87e8df7-dirty[0m
[0;32mI (450) cpu_start: Compile time:     Apr 16 2024 18:52:48[0m
[0;32mI (456) cpu_start: ELF file SHA256:  4b31db04a...[0m
[0;32mI (462) cpu_start: ESP-IDF:          v5.2[0m
[0;32mI (466) cpu_start: Min chip rev:     v0.0[0m
[0;32mI (471) cpu_start: Max chip rev:     v3.99 [0m
[0;32mI (476) cpu_start: Chip rev:         v1.0[0m
[0;32mI (481) heap_init: Initializing. RAM available for dynamic allocation:[0m
[0;32mI (488) heap_init: At 3FFAFF10 len 000000F0 (0 KiB): DRAM[0m
[0;32mI (494) heap_init: At 3FFB6388 len 00001C78 (7 KiB): DRAM[0m
[0;32mI (500) heap_init: At 3FFB9A20 len 00004108 (16 KiB): DRAM[0m
[0;32mI (506) heap_init: At 3FFC3FD8 len 0001C028 (112 KiB): DRAM[0m
[0;32mI (512) heap_init: At 3FFE0440 len 00003AE0 (14 KiB): D/IRAM[0m
[0;32mI (519) heap_init: At 3FFE4350 len 0001BCB0 (111 KiB): D/IRAM[0m
[0;32mI (525) heap_init: At 400990B4 len 00006F4C (27 KiB): IRAM[0m
[0;32mI (533) spi_flash: detected chip: generic[0m
[0;32mI (536) spi_flash: flash io: dio[0m
[0;33mW (540) spi_flash: Detected size(4096k) larger than the size in the binary image header(2048k). Using the size in the binary image header.[0m
[0;32mI (554) coexist: coex firmware version: 77cd7f8[0m
[0;32mI (559) main_task: Started on CPU0[0m
[0;32mI (569) main_task: Calling app_main()[0m
[0;32mI (609) BTDM_INIT: BT controller compile version [a38dc5c][0m
[0;32mI (609) BTDM_INIT: Bluetooth MAC: b4:e6:2d:fa:bd:0f[0m
[0;32mI (609) phy_init: phy_version 4791,2c4672b,Dec 20 2023,16:06:06[0m
[0;32mI (1059) GATTS_DEMO: ----> gatts_event_handler 0[0m
[0;32mI (1059) GATTS_DEMO: REGISTER_APP_EVT, status 0, app_id 0[0m
[0;32mI (1069) main_task: Returned from app_main()[0m
[0;32mI (1079) GATTS_DEMO: ----> gatts_event_handler 7[0m
[0;32mI (1079) GATTS_DEMO: CREATE_SERVICE_EVT, status 0,  service_handle 40[0m
[0;32mI (1079) GATTS_DEMO: xTaskCreatePinnedToCore measure_temp[0m
[0;32mI (1099) GATTS_DEMO: ----> gatts_event_handler 12[0m
[0;32mI (1099) GATTS_DEMO: SERVICE_START_EVT, status 0, service_handle 40[0m
[0;32mI (1099) GATTS_DEMO: ----> gatts_event_handler 9[0m
[0;32mI (1099) GATTS_DEMO: ADD_CHAR_EVT, status 0,  attr_handle 42, service_handle 40[0m
[0;32mI (1109) GATTS_DEMO: the gatts demo char length = 3[0m
[0;32mI (1119) GATTS_DEMO: prf_char[0] =11[0m
[0;32mI (1119) GATTS_DEMO: prf_char[1] =22[0m
[0;32mI (1129) GATTS_DEMO: prf_char[2] =33[0m
[0;32mI (1129) GATTS_DEMO: ----> gatts_event_handler 10[0m
[0;32mI (1139) GATTS_DEMO: ADD_DESCR_EVT, status 0, attr_handle 43, service_handle 40[0m
Guru Meditation Error: Core  0 panic'ed (StoreProhibited). Exception was unhandled.

Core  0 register dump:
PC      : 0x400967be  PS      : 0x00060233  A0      : 0x8009615c  A1      : 0x3ffc8a20  
A2      : 0x3ffce378  A3      : 0x00000054  A4      : 0x00000114  A5      : 0x3ffbbbdc  
A6      : 0x00001800  A7      : 0x3ffc3fec  A8      : 0x00000001  A9      : 0x3ffce3c0  
A10     : 0x00000003  A11     : 0x80082c11  A12     : 0x00000828  A13     : 0x3ffc4010  
A14     : 0x00001800  A15     : 0x0000cdcd  SAR     : 0x0000001e  EXCCAUSE: 0x0000001d  
EXCVADDR: 0x80082c1d  LBEG    : 0x4000c46c  LEND    : 0x4000c477  LCOUNT  : 0x00000000  


Backtrace: 0x400967bb:0x3ffc8a20 0x40096159:0x3ffc8a40 0x40081ff9:0x3ffc8a60 0x40082054:0x3ffc8a80 0x400926f9:0x3ffc8aa0 0x400918c2:0x3ffc8ac0 0x40091949:0x3ffc8ae0 0x4010a61d:0x3ffc8b00 0x40109383:0x3ffc8b20 0x400f3f59:0x3ffc8b40 0x400f175a:0x3ffc8b60 0x401006de:0x3ffc8b90 0x400f8ac5:0x3ffc8bb0 0x400e2f32:0x3ffc8bd0 0x400ecc9d:0x3ffc8bf0 0x400ed77e:0x3ffc8c10 0x400edbbb:0x3ffc8c30 0x4010a18f:0x3ffc8c50 0x40092071:0x3ffc8c80




ELF file SHA256: 4b31db04a

Rebooting...
ets Jun  8 2016 00:22:57

rst:0xc (SW_CPU_RESET),boot:0x13 (SPI_FAST_FLASH_BOOT)
configsip: 0, SPIWP:0xee
clk_drv:0x00,q_drv:0x00,d_drv:0x00,cs0_drv:0x00,hd_drv:0x00,wp_drv:0x00
mode:DIO, clock div:2
load:0x3fff0030,len:7172
load:0x40078000,len:15532
load:0x40080400,len:4
load:0x40080404,len:3904
entry 0x40080640
[0;32mI (29) boot: ESP-IDF v5.2 2nd stage bootloader[0m
[0;32mI (29) boot: compile time Apr  8 2024 18:18:03[0m
[0;32mI (29) boot: Multicore bootloader[0m
[0;32mI (33) boot: chip revision: v1.0[0m
[0;32mI (37) boot.esp32: SPI Speed      : 40MHz[0m
[0;32mI (42) boot.esp32: SPI Mode       : DIO[0m
[0;32mI (46) boot.esp32: SPI Flash Size : 2MB[0m
[0;32mI (51) boot: Enabling RNG early entropy source...[0m
[0;32mI (56) boot: Partition Table:[0m
[0;32mI (60) boot: ## Label            Usage          Type ST Offset   Length[0m
[0;32mI (67) boot:  0 nvs              WiFi data        01 02 00009000 00006000[0m
[0;32mI (74) boot:  1 phy_init         RF data          01 01 0000f000 00001000[0m
[0;32mI (82) boot:  2 factory          factory app      00 00 00010000 00100000[0m
[0;32mI (89) boot: End of partition table[0m
[0;32mI (94) esp_image: segment 0: paddr=00010020 vaddr=3f400020 size=2621ch (156188) map[0m
[0;32mI (156) esp_image: segment 1: paddr=00036244 vaddr=3ffbdb60 size=04a94h ( 19092) load[0m
[0;32mI (163) esp_image: segment 2: paddr=0003ace0 vaddr=40080000 size=05338h ( 21304) load[0m
[0;32mI (172) esp_image: segment 3: paddr=00040020 vaddr=400d0020 size=8dd44h (580932) map[0m
[0;32mI (371) esp_image: segment 4: paddr=000cdd6c vaddr=40085338 size=13d7ch ( 81276) load[0m
[0;32mI (416) boot: Loaded app from partition at offset 0x10000[0m
[0;32mI (416) boot: Disabling RNG early entropy source...[0m
[0;32mI (427) cpu_start: Multicore app[0m
[0;32mI (436) cpu_start: Pro cpu start user code[0m
[0;32mI (436) cpu_start: cpu freq: 160000000 Hz[0m
[0;32mI (436) cpu_start: Application information:[0m
[0;32mI (439) cpu_start: Project name:     ils3000-arduino[0m
[0;32mI (445) cpu_start: App version:      87e8df7-dirty[0m
[0;32mI (450) cpu_start: Compile time:     Apr 16 2024 18:52:48[0m
[0;32mI (456) cpu_start: ELF file SHA256:  4b31db04a...[0m
[0;32mI (462) cpu_start: ESP-IDF:          v5.2[0m
[0;32mI (466) cpu_start: Min chip rev:     v0.0[0m
[0;32mI (471) cpu_start: Max chip rev:     v3.99 [0m
[0;32mI (476) cpu_start: Chip rev:         v1.0[0m
[0;32mI (481) heap_init: Initializing. RAM available for dynamic allocation:[0m
[0;32mI (488) heap_init: At 3FFAFF10 len 000000F0 (0 KiB): DRAM[0m
[0;32mI (494) heap_init: At 3FFB6388 len 00001C78 (7 KiB): DRAM[0m
[0;32mI (500) heap_init: At 3FFB9A20 len 00004108 (16 KiB): DRAM[0m
[0;32mI (506) heap_init: At 3FFC3FD8 len 0001C028 (112 KiB): DRAM[0m
[0;32mI (512) heap_init: At 3FFE0440 len 00003AE0 (14 KiB): D/IRAM[0m
[0;32mI (519) heap_init: At 3FFE4350 len 0001BCB0 (111 KiB): D/IRAM[0m
[0;32mI (525) heap_init: At 400990B4 len 00006F4C (27 KiB): IRAM[0m
[0;32mI (533) spi_flash: detected chip: generic[0m
[0;32mI (536) spi_flash: flash io: dio[0m
[0;33mW (540) spi_flash: Detected size(4096k) larger than the size in the binary image header(2048k). Using the size in the binary image header.[0m
[0;32mI (554) coexist: coex firmware version: 77cd7f8[0m
[0;32mI (559) main_task: Started on CPU0[0m
[0;32mI (569) main_task: Calling app_main()[0m
[0;32mI (609) BTDM_INIT: BT controller compile version [a38dc5c][0m
[0;32mI (609) BTDM_INIT: Bluetooth MAC: b4:e6:2d:fa:bd:0f[0m
[0;32mI (609) phy_init: phy_version 4791,2c4672b,Dec 20 2023,16:06:06[0m
[0;32mI (1059) GATTS_DEMO: ----> gatts_event_handler 0[0m
[0;32mI (1059) GATTS_DEMO: REGISTER_APP_EVT, status 0, app_id 0[0m
[0;32mI (1069) main_task: Returned from app_main()[0m
[0;32mI (1069) GATTS_DEMO: ----> gatts_event_handler 7[0m
[0;32mI (1069) GATTS_DEMO: CREATE_SERVICE_EVT, status 0,  service_handle 40[0m
[0;32mI (1079) GATTS_DEMO: xTaskCreatePinnedToCore measure_temp[0m
[0;32mI (1089) GATTS_DEMO: ----> gatts_event_handler 12[0m
[0;32mI (1089) GATTS_DEMO: SERVICE_START_EVT, status 0, service_handle 40[0m
[0;32mI (1089) GATTS_DEMO: ----> gatts_event_handler 9[0m
[0;32mI (1099) GATTS_DEMO: ADD_CHAR_EVT, status 0,  attr_handle 42, service_handle 40[0m
[0;32mI (1109) GATTS_DEMO: the gatts demo char length = 3[0m
[0;32mI (1109) GATTS_DEMO: prf_char[0] =11[0m
[0;32mI (1119) GATTS_DEMO: prf_char[1] =22[0m
[0;32mI (1119) GATTS_DEMO: prf_char[2] =33[0m
[0;32mI (1129) GATTS_DEMO: ----> gatts_event_handler 10[0m
[0;32mI (1129) GATTS_DEMO: ADD_DESCR_EVT, status 0, attr_handle 43, service_handle 40[0m
Guru Meditation Error: Core  0 panic'ed (StoreProhibited). Exception was unhandled.

Core  0 register dump:
PC      : 0x400967be  PS      : 0x00060233  A0      : 0x8009615c  A1      : 0x3ffc8a20  
A2      : 0x3ffce378  A3      : 0x00000054  A4      : 0x00000114  A5      : 0x3ffbbc28  
A6      : 0x00001800  A7      : 0x3ffc3fec  A8      : 0x00000001  A9      : 0x3ffce3c0  
A10     : 0x00000003  A11     : 0x80082c11  A12     : 0x00000828  A13     : 0x3ffc4010  
A14     : 0x00001800  A15     : 0x0000cdcd  SAR     : 0x0000001e  EXCCAUSE: 0x0000001d  
EXCVADDR: 0x80082c1d  LBEG    : 0x4000c46c  LEND    : 0x4000c477  LCOUNT  : 0x00000000  


Backtrace: 0x400967bb:0x3ffc8a20 0x40096159:0x3ffc8a40 0x40081ff9:0x3ffc8a60 0x40082054:0x3ffc8a80 0x400926f9:0x3ffc8aa0 0x400918c2:0x3ffc8ac0 0x40091949:0x3ffc8ae0 0x4010a61d:0x3ffc8b00 0x40109383:0x3ffc8b20 0x400f3f59:0x3ffc8b40 0x400f175a:0x3ffc8b60 0x401006de:0x3ffc8b90 0x400f8ac5:0x3ffc8bb0 0x400e2f32:0x3ffc8bd0 0x400ecc9d:0x3ffc8bf0 0x400ed77e:0x3ffc8c10 0x400edbbb:0x3ffc8c30 0x4010a18f:0x3ffc8c50 0x40092071:0x3ffc8c80




ELF file SHA256: 4b31db04a

Rebooting...
ets Jun  8 2016 00:22:57

rst:0xc (SW_CPU_RESET),boot:0x13 (SPI_FAST_FLASH_BOOT)
configsip: 0, SPIWP:0xee
clk_drv:0x00,q_drv:0x00,d_drv:0x00,cs0_drv:0x00,hd_drv:0x00,wp_drv:0x00
mode:DIO, clock div:2
load:0x3fff0030,len:7172
load:0x40078000,len:15532
load:0x40080400,len:4
load:0x40080404,len:3904
entry 0x40080640
[0;32mI (29) boot: ESP-IDF v5.2 2nd stage bootloader[0m
[0;32mI (29) boot: compile time Apr  8 2024 18:18:03[0m
[0;32mI (29) boot: Multicore bootloader[0m
[0;32mI (33) boot: chip revision: v1.0[0m
[0;32mI (37) boot.esp32: SPI Speed      : 40MHz[0m
[0;32mI (42) boot.esp32: SPI Mode       : DIO[0m
[0;32mI (46) boot.esp32: SPI Flash Size : 2MB[0m
[0;32mI (51) boot: Enabling RNG early entropy source...[0m
[0;32mI (56) boot: Partition Table:[0m
[0;32mI (60) boot: ## Label            Usage          Type ST Offset   Length[0m
[0;32mI (67) boot:  0 nvs              WiFi data        01 02 00009000 00006000[0m
[0;32mI (74) boot:  1 phy_init         RF data          01 01 0000f000 00001000[0m
[0;32mI (82) boot:  2 factory          factory app      00 00 00010000 00100000[0m
[0;32mI (89) boot: End of partition table[0m
[0;32mI (94) esp_image: segment 0: paddr=00010020 vaddr=3f400020 size=2621ch (156188) map[0m
[0;32mI (156) esp_image: segment 1: paddr=00036244 vaddr=3ffbdb60 size=04a94h ( 19092) load[0m
[0;32mI (163) esp_image: segment 2: paddr=0003ace0 vaddr=40080000 size=05338h ( 21304) load[0m
[0;32mI (172) esp_image: segment 3: paddr=00040020 vaddr=400d0020 size=8dd44h (580932) map[0m
[0;32mI (371) esp_image: segment 4: paddr=000cdd6c vaddr=40085338 size=13d7ch ( 81276) load[0m
[0;32mI (416) boot: Loaded app from partition at offset 0x10000[0m
[0;32mI (416) boot: Disabling RNG early entropy source...[0m
[0;32mI (427) cpu_start: Multicore app[0m
[0;32mI (436) cpu_start: Pro cpu start user code[0m
[0;32mI (436) cpu_start: cpu freq: 160000000 Hz[0m
[0;32mI (436) cpu_start: Application information:[0m
[0;32mI (439) cpu_start: Project name:     ils3000-arduino[0m
[0;32mI (445) cpu_start: App version:      87e8df7-dirty[0m
[0;32mI (450) cpu_start: Compile time:     Apr 16 2024 18:52:48[0m
[0;32mI (456) cpu_start: ELF file SHA256:  4b31db04a...[0m
[0;32mI (462) cpu_start: ESP-IDF:          v5.2[0m
[0;32mI (466) cpu_start: Min chip rev:     v0.0[0m
[0;32mI (471) cpu_start: Max chip rev:     v3.99 [0m
[0;32mI (476) cpu_start: Chip rev:         v1.0[0m
[0;32mI (481) heap_init: Initializing. RAM available for dynamic allocation:[0m
[0;32mI (488) heap_init: At 3FFAFF10 len 000000F0 (0 KiB): DRAM[0m
[0;32mI (494) heap_init: At 3FFB6388 len 00001C78 (7 KiB): DRAM[0m
[0;32mI (500) heap_init: At 3FFB9A20 len 00004108 (16 KiB): DRAM[0m
[0;32mI (506) heap_init: At 3FFC3FD8 len 0001C028 (112 KiB): DRAM[0m
[0;32mI (512) heap_init: At 3FFE0440 len 00003AE0 (14 KiB): D/IRAM[0m
[0;32mI (519) heap_init: At 3FFE4350 len 0001BCB0 (111 KiB): D/IRAM[0m
[0;32mI (525) heap_init: At 400990B4 len 00006F4C (27 KiB): IRAM[0m
[0;32mI (533) spi_flash: detected chip: generic[0m
[0;32mI (536) spi_flash: flash io: dio[0m
[0;33mW (540) spi_flash: Detected size(4096k) larger than the size in the binary image header(2048k). Using the size in the binary image header.[0m
[0;32mI (554) coexist: coex firmware version: 77cd7f8[0m
[0;32mI (559) main_task: Started on CPU0[0m
[0;32mI (569) main_task: Calling app_main()[0m
[0;32mI (609) BTDM_INIT: BT controller compile version [a38dc5c][0m
[0;32mI (609) BTDM_INIT: Bluetooth MAC: b4:e6:2d:fa:bd:0f[0m
[0;32mI (609) phy_init: phy_version 4791,2c4672b,Dec 20 2023,16:06:06[0m
[0;32mI (1059) GATTS_DEMO: ----> gatts_event_handler 0[0m
[0;32mI (1059) GATTS_DEMO: REGISTER_APP_EVT, status 0, app_id 0[0m
[0;32mI (1069) main_task: Returned from app_main()[0m
[0;32mI (1079) GATTS_DEMO: ----> gatts_event_handler 7[0m
[0;32mI (1079) GATTS_DEMO: CREATE_SERVICE_EVT, status 0,  service_handle 40[0m
[0;32mI (1079) GATTS_DEMO: xTaskCreatePinnedToCore measure_temp[0m
[0;32mI (1089) GATTS_DEMO: ----> gatts_event_handler 12[0m
[0;32mI (1089) GATTS_DEMO: SERVICE_START_EVT, status 0, service_handle 40[0m
[0;32mI (1099) GATTS_DEMO: ----> gatts_event_handler 9[0m
[0;32mI (1099) GATTS_DEMO: ADD_CHAR_EVT, status 0,  attr_handle 42, service_handle 40[0m
[0;32mI (1109) GATTS_DEMO: the gatts demo char length = 3[0m
[0;32mI (1119) GATTS_DEMO: prf_char[0] =11[0m
[0;32mI (1119) GATTS_DEMO: prf_char[1] =22[0m
[0;32mI (1119) GATTS_DEMO: prf_char[2] =33[0m
[0;32mI (1129) GATTS_DEMO: ----> gatts_event_handler 10[0m
[0;32mI (1129) GATTS_DEMO: ADD_DESCR_EVT, status 0, attr_handle 43, service_handle 40[0m
Guru Meditation Error: Core  0 panic'ed (StoreProhibited). Exception was unhandled.

Core  0 register dump:
PC      : 0x400967be  PS      : 0x00060233  A0      : 0x8009615c  A1      : 0x3ffc8a20  
A2      : 0x3ffce378  A3      : 0x00000054  A4      : 0x00000114  A5      : 0x3ffbbc44  
A6      : 0x00001800  A7      : 0x3ffc3fec  A8      : 0x00000001  A9      : 0x3ffce3c0  
A10     : 0x00000003  A11     : 0x80082c11  A12     : 0x00000828  A13     : 0x3ffc4010  
A14     : 0x00001800  A15     : 0x0000cdcd  SAR     : 0x0000001e  EXCCAUSE: 0x0000001d  
EXCVADDR: 0x80082c1d  LBEG    : 0x4000c46c  LEND    : 0x4000c477  LCOUNT  : 0x00000000  


