ets Jun  8 2016 00:22:57

rst:0x1 (POWERON_RESET),boot:0x13 (SPI_FAST_FLASH_BOOT)
configsip: 0, SPIWP:0xee
clk_drv:0x00,q_drv:0x00,d_drv:0x00,cs0_drv:0x00,hd_drv:0x00,wp_drv:0x00
mode:DIO, clock div:2
load:0x3fff0030,len:7172
load:0x40078000,len:15532
load:0x40080400,len:4
load:0x40080404,len:3904
entry 0x40080640
[0;32mI (29) boot: ESP-IDF v5.2 2nd stage bootloader[0m
[0;32mI (29) boot: compile time Apr  8 2024 18:18:03[0m
[0;32mI (29) boot: Multicore bootloader[0m
[0;32mI (33) boot: chip revision: v1.0[0m
[0;32mI (37) boot.esp32: SPI Speed      : 40MHz[0m
[0;32mI (42) boot.esp32: SPI Mode       : DIO[0m
[0;32mI (46) boot.esp32: SPI Flash Size : 2MB[0m
[0;32mI (51) boot: Enabling RNG early entropy source...[0m
[0;32mI (56) boot: Partition Table:[0m
[0;32mI (60) boot: ## Label            Usage          Type ST Offset   Length[0m
[0;32mI (67) boot:  0 nvs              WiFi data        01 02 00009000 00006000[0m
[0;32mI (74) boot:  1 phy_init         RF data          01 01 0000f000 00001000[0m
[0;32mI (82) boot:  2 factory          factory app      00 00 00010000 00100000[0m
[0;32mI (89) boot: End of partition table[0m
[0;32mI (94) esp_image: segment 0: paddr=00010020 vaddr=3f400020 size=256fch (153340) map[0m
[0;32mI (155) esp_image: segment 1: paddr=00035724 vaddr=3ffbdb60 size=04954h ( 18772) load[0m
[0;32mI (162) esp_image: segment 2: paddr=0003a080 vaddr=40080000 size=05f98h ( 24472) load[0m
[0;32mI (172) esp_image: segment 3: paddr=00040020 vaddr=400d0020 size=8c188h (573832) map[0m
[0;32mI (368) esp_image: segment 4: paddr=000cc1b0 vaddr=40085f98 size=1311ch ( 78108) load[0m
[0;32mI (412) boot: Loaded app from partition at offset 0x10000[0m
[0;32mI (412) boot: Disabling RNG early entropy source...[0m
[0;32mI (423) cpu_start: Multicore app[0m
[0;32mI (432) cpu_start: Pro cpu start user code[0m
[0;32mI (432) cpu_start: cpu freq: 160000000 Hz[0m
[0;32mI (432) cpu_start: Application information:[0m
[0;32mI (435) cpu_start: Project name:     ils3000-arduino[0m
[0;32mI (441) cpu_start: App version:      7108813-dirty[0m
[0;32mI (446) cpu_start: Compile time:     Apr  8 2024 18:18:01[0m
[0;32mI (453) cpu_start: ELF file SHA256:  98965d957...[0m
[0;32mI (458) cpu_start: ESP-IDF:          v5.2[0m
[0;32mI (463) cpu_start: Min chip rev:     v0.0[0m
[0;32mI (467) cpu_start: Max chip rev:     v3.99 [0m
[0;32mI (472) cpu_start: Chip rev:         v1.0[0m
[0;32mI (477) heap_init: Initializing. RAM available for dynamic allocation:[0m
[0;32mI (484) heap_init: At 3FFAFF10 len 000000F0 (0 KiB): DRAM[0m
[0;32mI (490) heap_init: At 3FFB6388 len 00001C78 (7 KiB): DRAM[0m
[0;32mI (496) heap_init: At 3FFB9A20 len 00004108 (16 KiB): DRAM[0m
[0;32mI (502) heap_init: At 3FFC3E88 len 0001C178 (112 KiB): DRAM[0m
[0;32mI (509) heap_init: At 3FFE0440 len 00003AE0 (14 KiB): D/IRAM[0m
[0;32mI (515) heap_init: At 3FFE4350 len 0001BCB0 (111 KiB): D/IRAM[0m
[0;32mI (521) heap_init: At 400990B4 len 00006F4C (27 KiB): IRAM[0m
[0;32mI (529) spi_flash: detected chip: generic[0m
[0;32mI (532) spi_flash: flash io: dio[0m
[0;33mW (536) spi_flash: Detected size(4096k) larger than the size in the binary image header(2048k). Using the size in the binary image header.[0m
[0;32mI (550) coexist: coex firmware version: 77cd7f8[0m
[0;32mI (555) main_task: Started on CPU0[0m
[0;32mI (565) main_task: Calling app_main()[0m
[0;32mI (565) ils3000-arduino.main: **** ILS3000 ARDUINO CONTROLLER (0.1-beta)****[0m
[0;32mI (565) ils3000-arduino.main: Following GPIO ports will be used:[0m
[0;32mI (575) ils3000-arduino.main: GPIO_PORT_CHARGE_RELAY: 5[0m
[0;32mI (575) ils3000-arduino.main: GPIO_PORT_VENTILATOR_RELAY: 6[0m
[0;32mI (585) ils3000-arduino.main: GPIO_PORT_THERMOSTAT: 7[0m
[0;32mI (635) BTDM_INIT: BT controller compile version [a38dc5c][0m
[0;32mI (635) BTDM_INIT: Bluetooth MAC: b4:e6:2d:fa:bd:0f[0m
ESP_ERROR_CHECK failed: esp_err_t 0x103 (ESP_ERR_INVALID_STATE) at 0x400d7466
file: "./main/ils3000_main.c" line 85
func: setup_bluetooth
expression: esp_bt_controller_mem_release(ESP_BT_MODE_CLASSIC_BT)

abort() was called at PC 0x400915bf on core 0


Backtrace: 0x40081806:0x3ffbbaf0 0x400915c9:0x3ffbbb10 0x40097181:0x3ffbbb30 0x400915bf:0x3ffbbba0 0x400d7466:0x3ffbbbd0 0x400d7585:0x3ffbbc30 0x4015a237:0x3ffbbc50 0x40092071:0x3ffbbc80




ELF file SHA256: 98965d957

Rebooting...
ets Jun  8 2016 00:22:57

rst:0xc (SW_CPU_RESET),boot:0x13 (SPI_FAST_FLASH_BOOT)
configsip: 0, SPIWP:0xee
clk_drv:0x00,q_drv:0x00,d_drv:0x00,cs0_drv:0x00,hd_drv:0x00,wp_drv:0x00
mode:DIO, clock div:2
load:0x3fff0030,len:7172
load:0x40078000,len:15532
load:0x40080400,len:4
load:0x40080404,len:3904
entry 0x40080640
[0;32mI (29) boot: ESP-IDF v5.2 2nd stage bootloader[0m
[0;32mI (29) boot: compile time Apr  8 2024 18:18:03[0m
[0;32mI (29) boot: Multicore bootloader[0m
[0;32mI (33) boot: chip revision: v1.0[0m
[0;32mI (37) boot.esp32: SPI Speed      : 40MHz[0m
[0;32mI (42) boot.esp32: SPI Mode       : DIO[0m
[0;32mI (46) boot.esp32: SPI Flash Size : 2MB[0m
[0;32mI (51) boot: Enabling RNG early entropy source...[0m
[0;32mI (56) boot: Partition Table:[0m
[0;32mI (60) boot: ## Label            Usage          Type ST Offset   Length[0m
[0;32mI (67) boot:  0 nvs              WiFi data        01 02 00009000 00006000[0m
[0;32mI (74) boot:  1 phy_init         RF data          01 01 0000f000 00001000[0m
[0;32mI (82) boot:  2 factory          factory app      00 00 00010000 00100000[0m
[0;32mI (89) boot: End of partition table[0m
[0;32mI (94) esp_image: segment 0: paddr=00010020 vaddr=3f400020 size=256fch (153340) map[0m
[0;32mI (155) esp_image: segment 1: paddr=00035724 vaddr=3ffbdb60 size=04954h ( 18772) load[0m
[0;32mI (162) esp_image: segment 2: paddr=0003a080 vaddr=40080000 size=05f98h ( 24472) load[0m
[0;32mI (172) esp_image: segment 3: paddr=00040020 vaddr=400d0020 size=8c188h (573832) map[0m
[0;32mI (368) esp_image: segment 4: paddr=000cc1b0 vaddr=40085f98 size=1311ch ( 78108) load[0m
[0;32mI (412) boot: Loaded app from partition at offset 0x10000[0m
[0;32mI (412) boot: Disabling RNG early entropy source...[0m
[0;32mI (423) cpu_start: Multicore app[0m
[0;32mI (432) cpu_start: Pro cpu start user code[0m
[0;32mI (432) cpu_start: cpu freq: 160000000 Hz[0m
[0;32mI (432) cpu_start: Application information:[0m
[0;32mI (435) cpu_start: Project name:     ils3000-arduino[0m
[0;32mI (441) cpu_start: App version:      7108813-dirty[0m
[0;32mI (447) cpu_start: Compile time:     Apr  8 2024 18:18:01[0m
[0;32mI (453) cpu_start: ELF file SHA256:  98965d957...[0m
[0;32mI (458) cpu_start: ESP-IDF:          v5.2[0m
[0;32mI (463) cpu_start: Min chip rev:     v0.0[0m
[0;32mI (467) cpu_start: Max chip rev:     v3.99 [0m
[0;32mI (472) cpu_start: Chip rev:         v1.0[0m
[0;32mI (477) heap_init: Initializing. RAM available for dynamic allocation:[0m
[0;32mI (484) heap_init: At 3FFAFF10 len 000000F0 (0 KiB): DRAM[0m
[0;32mI (490) heap_init: At 3FFB6388 len 00001C78 (7 KiB): DRAM[0m
[0;32mI (496) heap_init: At 3FFB9A20 len 00004108 (16 KiB): DRAM[0m
[0;32mI (502) heap_init: At 3FFC3E88 len 0001C178 (112 KiB): DRAM[0m
[0;32mI (509) heap_init: At 3FFE0440 len 00003AE0 (14 KiB): D/IRAM[0m
[0;32mI (515) heap_init: At 3FFE4350 len 0001BCB0 (111 KiB): D/IRAM[0m
[0;32mI (521) heap_init: At 400990B4 len 00006F4C (27 KiB): IRAM[0m
[0;32mI (529) spi_flash: detected chip: generic[0m
[0;32mI (532) spi_flash: flash io: dio[0m
[0;33mW (536) spi_flash: Detected size(4096k) larger than the size in the binary image header(2048k). Using the size in the binary image header.[0m
[0;32mI (550) coexist: coex firmware version: 77cd7f8[0m
[0;32mI (555) main_task: Started on CPU0[0m
[0;32mI (565) main_task: Calling app_main()[0m
[0;32mI (565) ils3000-arduino.main: **** ILS3000 ARDUINO CONTROLLER (0.1-beta)****[0m
[0;32mI (565) ils3000-arduino.main: Following GPIO ports will be used:[0m
[0;32mI (575) ils3000-arduino.main: GPIO_PORT_CHARGE_RELAY: 5[0m
[0;32mI (575) ils3000-arduino.main: GPIO_PORT_VENTILATOR_RELAY: 6[0m
[0;32mI (585) ils3000-arduino.main: GPIO_PORT_THERMOSTAT: 7[0m
[0;32mI (635) BTDM_INIT: BT controller compile version [a38dc5c][0m
[0;32mI (635) BTDM_INIT: Bluetooth MAC: b4:e6:2d:fa:bd:0f[0m
ESP_ERROR_CHECK failed: esp_err_t 0x103 (ESP_ERR_INVALID_STATE) at 0x400d7466
file: "./main/ils3000_main.c" line 85
func: setup_bluetooth
expression: esp_bt_controller_mem_release(ESP_BT_MODE_CLASSIC_BT)

abort() was called at PC 0x400915bf on core 0


Backtrace: 0x40081806:0x3ffbbaf0 0x400915c9:0x3ffbbb10 0x40097181:0x3ffbbb30 0x400915bf:0x3ffbbba0 0x400d7466:0x3ffbbbd0 0x400d7585:0x3ffbbc30 0x4015a237:0x3ffbbc50 0x40092071:0x3ffbbc80




ELF file SHA256: 98965d957

Rebooting...
ets Jun  8 2016 00:22:57

rst:0xc (SW_CPU_RESET),boot:0x13 (SPI_FAST_FLASH_BOOT)
configsip: 0, SPIWP:0xee
clk_drv:0x00,q_drv:0x00,d_drv:0x00,cs0_drv:0x00,hd_drv:0x00,wp_drv:0x00
mode:DIO, clock div:2
load:0x3fff0030,len:7172
load:0x40078000,len:15532
load:0x40080400,len:4
load:0x40080404,len:3904
entry 0x40080640
[0;32mI (29) boot: ESP-IDF v5.2 2nd stage bootloader[0m
[0;32mI (29) boot: compile time Apr  8 2024 18:18:03[0m
[0;32mI (29) boot: Multicore bootloader[0m
[0;32mI (33) boot: chip revision: v1.0[0m
[0;32mI (37) boot.esp32: SPI Speed      : 40MHz[0m
[0;32mI (42) boot.esp32: SPI Mode       : DIO[0m
[0;32mI (46) boot.esp32: SPI Flash Size : 2MB[0m
[0;32mI (51) boot: Enabling RNG early entropy source...[0m
[0;32mI (56) boot: Partition Table:[0m
[0;32mI (60) boot: ## Label            Usage          Type ST Offset   Length[0m
[0;32mI (67) boot:  0 nvs              WiFi data        01 02 00009000 00006000[0m
[0;32mI (74) boot:  1 phy_init         RF data          01 01 0000f000 00001000[0m
[0;32mI (82) boot:  2 factory          factory app      00 00 00010000 00100000[0m
[0;32mI (89) boot: End of partition table[0m
[0;32mI (94) esp_image: segment 0: paddr=00010020 vaddr=3f400020 size=256fch (153340) map[0m
[0;32mI (155) esp_image: segment 1: paddr=00035724 vaddr=3ffbdb60 size=04954h ( 18772) load[0m
[0;32mI (162) esp_image: segment 2: paddr=0003a080 vaddr=40080000 size=05f98h ( 24472) load[0m
[0;32mI (172) esp_image: segment 3: paddr=00040020 vaddr=400d0020 size=8c188h (573832) map[0m
[0;32mI (368) esp_image: segment 4: paddr=000cc1b0 vaddr=40085f98 size=1311ch ( 78108) load[0m
[0;32mI (412) boot: Loaded app from partition at offset 0x10000[0m
[0;32mI (412) boot: Disabling RNG early entropy source...[0m
[0;32mI (423) cpu_start: Multicore app[0m
[0;32mI (432) cpu_start: Pro cpu start user code[0m
[0;32mI (432) cpu_start: cpu freq: 160000000 Hz[0m
[0;32mI (432) cpu_start: Application information:[0m
[0;32mI (435) cpu_start: Project name:     ils3000-arduino[0m
[0;32mI (441) cpu_start: App version:      7108813-dirty[0m
[0;32mI (447) cpu_start: Compile time:     Apr  8 2024 18:18:01[0m
[0;32mI (453) cpu_start: ELF file SHA256:  98965d957...[0m
[0;32mI (458) cpu_start: ESP-IDF:          v5.2[0m
[0;32mI (463) cpu_start: Min chip rev:     v0.0[0m
[0;32mI (467) cpu_start: Max chip rev:     v3.99 [0m
[0;32mI (472) cpu_start: Chip rev:         v1.0[0m
[0;32mI (477) heap_init: Initializing. RAM available for dynamic allocation:[0m
[0;32mI (484) heap_init: At 3FFAFF10 len 000000F0 (0 KiB): DRAM[0m
[0;32mI (490) heap_init: At 3FFB6388 len 00001C78 (7 KiB): DRAM[0m
[0;32mI (496) heap_init: At 3FFB9A20 len 00004108 (16 KiB): DRAM[0m
[0;32mI (502) heap_init: At 3FFC3E88 len 0001C178 (112 KiB): DRAM[0m
[0;32mI (509) heap_init: At 3FFE0440 len 00003AE0 (14 KiB): D/IRAM[0m
[0;32mI (515) heap_init: At 3FFE4350 len 0001BCB0 (111 KiB): D/IRAM[0m
[0;32mI (521) heap_init: At 400990B4 len 00006F4C (27 KiB): IRAM[0m
[0;32mI (529) spi_flash: detected chip: generic[0m
[0;32mI (532) spi_flash: flash io: dio[0m
[0;33mW (536) spi_flash: Detected size(4096k) larger than the size in the binary image header(2048k). Using the size in the binary image header.[0m
[0;32mI (550) coexist: coex firmware version: 77cd7f8[0m
[0;32mI (555) main_task: Started on CPU0[0m
[0;32mI (565) main_task: Calling app_main()[0m
[0;32mI (565) ils3000-arduino.main: **** ILS3000 ARDUINO CONTROLLER (0.1-beta)****[0m
[0;32mI (565) ils3000-arduino.main: Following GPIO ports will be used:[0m
[0;32mI (575) ils3000-arduino.main: GPIO_PORT_CHARGE_RELAY: 5[0m
[0;32mI (575) ils3000-arduino.main: GPIO_PORT_VENTILATOR_RELAY: 6[0m
[0;32mI (585) ils3000-arduino.main: GPIO_PORT_THERMOSTAT: 7[0m
[0;32mI (635) BTDM_INIT: BT controller compile version [a38dc5c][0m
[0;32mI (635) BTDM_INIT: Bluetooth MAC: b4:e6:2d:fa:bd:0f[0m
ESP_ERROR_CHECK failed: esp_err_t 0x103 (ESP_ERR_INVALID_STATE) at 0x400d7466
file: "./main/ils3000_main.c" line 85
func: setup_bluetooth
expression: esp_bt_controller_mem_release(ESP_BT_MODE_CLASSIC_BT)

abort() was called at PC 0x400915bf on core 0


Backtrace: 0x40081806:0x3ffbbaf0 0x400915c9:0x3ffbbb10 0x40097181:0x3ffbbb30 0x400915bf:0x3ffbbba0 0x400d7466:0x3ffbbbd0 0x400d7585:0x3ffbbc30 0x4015a237:0x3ffbbc50 0x40092071:0x3ffbbc80




ELF file SHA256: 98965d957

Rebooting...
ets Jun  8 2016 00:22:57

rst:0xc (SW_CPU_RESET),boot:0x13 (SPI_FAST_FLASH_BOOT)
configsip: 0, SPIWP:0xee
clk_drv:0x00,q_drv:0x00,d_drv:0x00,cs0_drv:0x00,hd_drv:0x00,wp_drv:0x00
mode:DIO, clock div:2
load:0x3fff0030,len:7172
load:0x40078000,len:15532
load:0x40080400,len:4
load:0x40080404,len:3904
entry 0x40080640
[0;32mI (29) boot: ESP-IDF v5.2 2nd stage bootloader[0m
[0;32mI (29) boot: compile time Apr  8 2024 18:18:03[0m
[0;32mI (29) boot: Multicore bootloader[0m
[0;32mI (33) boot: chip revision: v1.0[0m
[0;32mI (37) boot.esp32: SPI Speed      : 40MHz[0m
[0;32mI (42) boot.esp32: SPI Mode       : DIO[0m
[0;32mI (46) boot.esp32: SPI Flash Size : 2MB[0m
[0;32mI (51) boot: Enabling RNG early entropy source...[0m
[0;32mI (56) boot: Partition Table:[0m
[0;32mI (60) boot: ## Label            Usage          Type ST Offset   Length[0m
[0;32mI (67) boot:  0 nvs              WiFi data        01 02 00009000 00006000[0m
[0;32mI (74) boot:  1 phy_init         RF data          01 01 0000f000 00001000[0m
[0;32mI (82) boot:  2 factory          factory app      00 00 00010000 00100000[0m
[0;32mI (89) boot: End of partition table[0m
[0;32mI (94) esp_image: segment 0: paddr=00010020 vaddr=3f400020 size=256fch (153340) map[0m
[0;32mI (155) esp_image: segment 1: paddr=00035724 vaddr=3ffbdb60 size=04954h ( 18772) load[0m
[0;32mI (162) esp_image: segment 2: paddr=0003a080 vaddr=40080000 size=05f98h ( 24472) load[0m
[0;32mI (172) esp_image: segment 3: paddr=00040020 vaddr=400d0020 size=8c188h (573832) map[0m
[0;32mI (369) esp_image: segment 4: paddr=000cc1b0 vaddr=40085f98 size=1311ch ( 78108) load[0m
[0;32mI (412) boot: Loaded app from partition at offset 0x10000[0m
[0;32mI (412) boot: Disabling RNG early entropy source...[0m
[0;32mI (423) cpu_start: Multicore app[0m
[0;32mI (432) cpu_start: Pro cpu start user code[0m
[0;32mI (432) cpu_start: cpu freq: 160000000 Hz[0m
[0;32mI (432) cpu_start: Application information:[0m
[0;32mI (435) cpu_start: Project name:     ils3000-arduino[0m
[0;32mI (441) cpu_start: App version:      7108813-dirty[0m
[0;32mI (447) cpu_start: Compile time:     Apr  8 2024 18:18:01[0m
[0;32mI (453) cpu_start: ELF file SHA256:  98965d957...[0m
[0;32mI (458) cpu_start: ESP-IDF:          v5.2[0m
[0;32mI (463) cpu_start: Min chip rev:     v0.0[0m
[0;32mI (467) cpu_start: Max chip rev:     v3.99 [0m
[0;32mI (472) cpu_start: Chip rev:         v1.0[0m
[0;32mI (477) heap_init: Initializing. RAM available for dynamic allocation:[0m
[0;32mI (484) heap_init: At 3FFAFF10 len 000000F0 (0 KiB): DRAM[0m
[0;32mI (490) heap_init: At 3FFB6388 len 00001C78 (7 KiB): DRAM[0m
[0;32mI (496) heap_init: At 3FFB9A20 len 00004108 (16 KiB): DRAM[0m
[0;32mI (502) heap_init: At 3FFC3E88 len 0001C178 (112 KiB): DRAM[0m
[0;32mI (509) heap_init: At 3FFE0440 len 00003AE0 (14 KiB): D/IRAM[0m
[0;32mI (515) heap_init: At 3FFE4350 len 0001BCB0 (111 KiB): D/IRAM[0m
[0;32mI (521) heap_init: At 400990B4 len 00006F4C (27 KiB): IRAM[0m
[0;32mI (529) spi_flash: detected chip: generic[0m
[0;32mI (532) spi_flash: flash io: dio[0m
[0;33mW (536) spi_flash: Detected size(4096k) larger than the size in the binary image header(2048k). Using the size in the binary image header.[0m
[0;32mI (550) coexist: coex firmware version: 77cd7f8[0m
[0;32mI (555) main_task: Started on CPU0[0m
[0;32mI (565) main_task: Calling app_main()[0m
[0;32mI (565) ils3000-arduino.main: **** ILS3000 ARDUINO CONTROLLER (0.1-beta)****[0m
[0;32mI (565) ils3000-arduino.main: Following GPIO ports will be used:[0m
[0;32mI (575) ils3000-arduino.main: GPIO_PORT_CHARGE_RELAY: 5[0m
[0;32mI (575) ils3000-arduino.main: GPIO_PORT_VENTILATOR_RELAY: 6[0m
[0;32mI (585) ils3000-arduino.main: GPIO_PORT_THERMOSTAT: 7[0m
[0;32mI (635) BTDM_INIT: BT controller compile version [a38dc5c][0m
[0;32mI (635) BTDM_INIT: Bluetooth MAC: b4:e6:2d:fa:bd:0f[0m
ESP_ERROR_CHECK failed: esp_err_t 0x103 (ESP_ERR_INVALID_STATE) at 0x400d7466
file: "./main/ils3000_main.c" line 85
func: setup_bluetooth
expression: esp_bt_controller_mem_release(ESP_BT_MODE_CLASSIC_BT)

abort() was called at PC 0x400915bf on core 0


Backtrace: 0x40081806:0x3ffbbaf0 0x400915c9:0x3ffbbb10 0x40097181:0x3ffbbb30 0x400915bf:0x3ffbbba0 0x400d7466:0x3ffbbbd0 0x400d7585:0x3ffbbc30 0x4015a237:0x3ffbbc50 0x40092071:0x3ffbbc80




ELF file SHA256: 98965d957

Rebooting...
ets Jun  8 2016 00:22:57

rst:0xc (SW_CPU_RESET),boot:0x13 (SPI_FAST_FLASH_BOOT)
configsip: 0, SPIWP:0xee
clk_drv:0x00,q_drv:0x00,d_drv:0x00,cs0_drv:0x00,hd_drv:0x00,wp_drv:0x00
mode:DIO, clock div:2
load:0x3fff0030,len:7172
load:0x40078000,len:15532
load:0x40080400,len:4
load:0x40080404,len:3904
entry 0x40080640
[0;32mI (29) boot: ESP-IDF v5.2 2nd stage bootloader[0m
[0;32mI (29) boot: compile time Apr  8 2024 18:18:03[0m
[0;32mI (29) boot: Multicore bootloader[0m
[0;32mI (33) boot: chip revision: v1.0[0m
[0;32mI (37) boot.esp32: SPI Speed      : 40MHz[0m
[0;32mI (42) boot.esp32: SPI Mode       : DIO[0m
[0;32mI (46) boot.esp32: SPI Flash Size : 2MB[0m
[0;32mI (51) boot: Enabling RNG early entropy source...[0m
[0;32mI (56) boot: Partition Table:[0m
[0;32mI (60) boot: ## Label            Usage          Type ST Offset   Length[0m
[0;32mI (67) boot:  0 nvs              WiFi data        01 02 00009000 00006000[0m
[0;32mI (74) boot:  1 phy_init         RF data          01 01 0000f000 00001000[0m
[0;32mI (82) boot:  2 factory          factory app      00 00 00010000 00100000[0m
[0;32mI (89) boot: End of partition table[0m
[0;32mI (94) esp_image: segment 0: paddr=00010020 vaddr=3f400020 size=256fch (153340) map[0m
[0;32mI (155) esp_image: segment 1: paddr=00035724 vaddr=3ffbdb60 size=04954h ( 18772) load[0m
[0;32mI (162) esp_image: segment 2: paddr=0003a080 vaddr=40080000 size=05f98h ( 24472) load[0m
[0;32mI (172) esp_image: segment 3: paddr=00040020 vaddr=400d0020 size=8c188h (573832) map[0m
[0;32mI (369) esp_image: segment 4: paddr=000cc1b0 vaddr=40085f98 size=1311ch ( 78108) load[0m
[0;32mI (412) boot: Loaded app from partition at offset 0x10000[0m
[0;32mI (412) boot: Disabling RNG early entropy source...[0m
[0;32mI (424) cpu_start: Multicore app[0m
[0;32mI (432) cpu_start: Pro cpu start user code[0m
[0;32mI (432) cpu_start: cpu freq: 160000000 Hz[0m
[0;32mI (432) cpu_start: Application information:[0m
[0;32mI (435) cpu_start: Project name:     ils3000-arduino[0m
[0;32mI (441) cpu_start: App version:      7108813-dirty[0m
[0;32mI (447) cpu_start: Compile time:     Apr  8 2024 18:18:01[0m
[0;32mI (453) cpu_start: ELF file SHA256:  98965d957...[0m
[0;32mI (458) cpu_start: ESP-IDF:          v5.2[0m
[0;32mI (463) cpu_start: Min chip rev:     v0.0[0m
[0;32mI (467) cpu_start: Max chip rev:     v3.99 [0m
[0;32mI (472) cpu_start: Chip rev:         v1.0[0m
[0;32mI (477) heap_init: Initializing. RAM available for dynamic allocation:[0m
[0;32mI (484) heap_init: At 3FFAFF10 len 000000F0 (0 KiB): DRAM[0m
[0;32mI (490) heap_init: At 3FFB6388 len 00001C78 (7 KiB): DRAM[0m
[0;32mI (496) heap_init: At 3FFB9A20 len 00004108 (16 KiB): DRAM[0m
[0;32mI (502) heap_init: At 3FFC3E88 len 0001C178 (112 KiB): DRAM[0m
[0;32mI (509) heap_init: At 3FFE0440 len 00003AE0 (14 KiB): D/IRAM[0m
[0;32mI (515) heap_init: At 3FFE4350 len 0001BCB0 (111 KiB): D/IRAM[0m
[0;32mI (521) heap_init: At 400990B4 len 00006F4C (27 KiB): IRAM[0m
[0;32mI (529) spi_flash: detected chip: generic[0m
[0;32mI (532) spi_flash: flash io: dio[0m
[0;33mW (536) spi_flash: Detected size(4096k) larger than the size in the binary image header(2048k). Using the size in the binary image header.[0m
[0;32mI (550) coexist: coex firmware version: 77cd7f8[0m
[0;32mI (555) main_task: Started on CPU0[0m
[0;32mI (565) main_task: Calling app_main()[0m
[0;32mI (565) ils3000-arduino.main: **** ILS3000 ARDUINO CONTROLLER (0.1-beta)****[0m
[0;32mI (565) ils3000-arduino.main: Following GPIO ports will be used:[0m
[0;32mI (575) ils3000-arduino.main: GPIO_PORT_CHARGE_RELAY: 5[0m
[0;32mI (575) ils3000-arduino.main: GPIO_PORT_VENTILATOR_RELAY: 6[0m
[0;32mI (585) ils3000-arduino.main: GPIO_PORT_THERMOSTAT: 7[0m
[0;32mI (635) BTDM_INIT: BT controller compile version [a38dc5c][0m
[0;32mI (635) BTDM_INIT: Bluetooth MAC: b4:e6:2d:fa:bd:0f[0m
ESP_ERROR_CHECK failed: esp_err_t 0x103 (ESP_ERR_INVALID_STATE) at 0x400d7466
file: "./main/ils3000_main.c" line 85
func: setup_bluetooth
expression: esp_bt_controller_mem_release(ESP_BT_MODE_CLASSIC_BT)

abort() was called at PC 0x400915bf on core 0


Backtrace: 0x40081806:0x3ffbbaf0 0x400915c9:0x3ffbbb10 0x40097181:0x3ffbbb30 0x400915bf:0x3ffbbba0 0x400d7466:0x3ffbbbd0 0x400d7585:0x3ffbbc30 0x4015a237:0x3ffbbc50 0x40092071:0x3ffbbc80




ELF file SHA256: 98965d957

Rebooting...
ets Jun  8 2016 00:22:57

rst:0xc (SW_CPU_RESET),boot:0x13 (SPI_FAST_FLASH_BOOT)
configsip: 0, SPIWP:0xee
clk_drv:0x00,q_drv:0x00,d_drv:0x00,cs0_drv:0x00,hd_drv:0x00,wp_drv:0x00
mode:DIO, clock div:2
load:0x3fff0030,len:7172
load:0x40078000,len:15532
load:0x40080400,len:4
load:0x40080404,len:3904
entry 0x40080640
[0;32mI (29) boot: ESP-IDF v5.2 2nd stage bootloader[0m
[0;32mI (29) boot: compile time Apr  8 2024 18:18:03[0m
[0;32mI (29) boot: Multicore bootloader[0m
[0;32mI (33) boot: chip revision: v1.0[0m
[0;32mI (37) boot.esp32: SPI Speed      : 40MHz[0m
[0;32mI (42) boot.esp32: SPI Mode       : DIO[0m
[0;32mI (46) boot.esp32: SPI Flash Size : 2MB[0m
[0;32mI (51) boot: Enabling RNG early entropy source...[0m
[0;32mI (56) boot: Partition Table:[0m
[0;32mI (60) boot: ## Label            Usage          Type ST Offset   Length[0m
[0;32mI (67) boot:  0 nvs              WiFi data        01 02 00009000 00006000[0m
[0;32mI (74) boot:  1 phy_init         RF data          01 01 0000f000 00001000[0m
[0;32mI (82) boot:  2 factory          factory app      00 00 00010000 00100000[0m
[0;32mI (89) boot: End of partition table[0m
[0;32mI (94) esp_image: segment 0: paddr=00010020 vaddr=3f400020 size=256fch (153340) map[0m
[0;32mI (155) esp_image: segment 1: paddr=00035724 vaddr=3ffbdb60 size=04954h ( 18772) load[0m
[0;32mI (162) esp_image: segment 2: paddr=0003a080 vaddr=40080000 size=05f98h ( 24472) load[0m
[0;32mI (172) esp_image: segment 3: paddr=00040020 vaddr=400d0020 size=8c188h (573832) map[0m
[0;32mI (369) esp_image: segment 4: paddr=000cc1b0 vaddr=40085f98 size=1311ch ( 78108) load[0m
[0;32mI (412) boot: Loaded app from partition at offset 0x10000[0m
[0;32mI (412) boot: Disabling RNG early entropy source...[0m
[0;32mI (423) cpu_start: Multicore app[0m
[0;32mI (432) cpu_start: Pro cpu start user code[0m
[0;32mI (432) cpu_start: cpu freq: 160000000 Hz[0m
[0;32mI (432) cpu_start: Application information:[0m
[0;32mI (435) cpu_start: Project name:     ils3000-arduino[0m
[0;32mI (441) cpu_start: App version:      7108813-dirty[0m
[0;32mI (447) cpu_start: Compile time:     Apr  8 2024 18:18:01[0m
[0;32mI (453) cpu_start: ELF file SHA256:  98965d957...[0m
[0;32mI (458) cpu_start: ESP-IDF:          v5.2[0m
[0;32mI (463) cpu_start: Min chip rev:     v0.0[0m
[0;32mI (467) cpu_start: Max chip rev:     v3.99 [0m
[0;32mI (472) cpu_start: Chip rev:         v1.0[0m
[0;32mI (477) heap_init: Initializing. RAM available for dynamic allocation:[0m
[0;32mI (484) heap_init: At 3FFAFF10 len 000000F0 (0 KiB): DRAM[0m
[0;32mI (490) heap_init: At 3FFB6388 len 00001C78 (7 KiB): DRAM[0m
[0;32mI (496) heap_init: At 3FFB9A20 len 00004108 (16 KiB): DRAM[0m
[0;32mI (502) heap_init: At 3FFC3E88 len 0001C178 (112 KiB): DRAM[0m
[0;32mI (509) heap_init: At 3FFE0440 len 00003AE0 (14 KiB): D/IRAM[0m
[0;32mI (515) heap_init: At 3FFE4350 len 0001BCB0 (111 KiB): D/IRAM[0m
[0;32mI (521) heap_init: At 400990B4 len 00006F4C (27 KiB): IRAM[0m
[0;32mI (529) spi_flash: detected chip: generic[0m
[0;32mI (532) spi_flash: flash io: dio[0m
[0;33mW (536) spi_flash: Detected size(4096k) larger than the size in the binary image header(2048k). Using the size in the binary image header.[0m
[0;32mI (550) coexist: coex firmware version: 77cd7f8[0m
[0;32mI (555) main_task: Started on CPU0[0m
[0;32mI (565) main_task: Calling app_main()[0m
[0;32mI (565) ils3000-arduino.main: **** ILS3000 ARDUINO CONTROLLER (0.1-beta)****[0m
[0;32mI (565) ils3000-arduino.main: Following GPIO ports will be used:[0m
[0;32mI (575) ils3000-arduino.main: GPIO_PORT_CHARGE_RELAY: 5[0m
[0;32mI (575) ils3000-arduino.main: GPIO_PORT_VENTILATOR_RELAY: 6[0m
[0;32mI (585) ils3000-arduino.main: GPIO_PORT_THERMOSTAT: 7[0m
[0;32mI (635) BTDM_INIT: BT controller compile version [a38dc5c][0m
[0;32mI (635) BTDM_INIT: Bluetooth MAC: b4:e6:2d:fa:bd:0f[0m
ESP_ERROR_CHECK failed: esp_err_t 0x103 (ESP_ERR_INVALID_STATE) at 0x400d7466
file: "./main/ils3000_main.c" line 85
func: setup_bluetooth
expression: esp_bt_controller_mem_release(ESP_BT_MODE_CLASSIC_BT)

abort() was called at PC 0x400915bf on core 0


Backtrace: 0x40081806:0x3ffbbaf0 0x400915c9:0x3ffbbb10 0x40097181:0x3ffbbb30 0x400915bf:0x3ffbbba0 0x400d7466:0x3ffbbbd0 0x400d7585:0x3ffbbc30 0x4015a237:0x3ffbbc50 0x40092071:0x3ffbbc80




ELF file SHA256: 98965d957

Rebooting...
ets Jun  8 2016 00:22:57

rst:0xc (SW_CPU_RESET),boot:0x13 (SPI_FAST_FLASH_BOOT)
configsip: 0, SPIWP:0xee
clk_drv:0x00,q_drv:0x00,d_drv:0x00,cs0_drv:0x00,hd_drv:0x00,wp_drv:0x00
mode:DIO, clock div:2
load:0x3fff0030,len:7172
load:0x40078000,len:15532
load:0x40080400,len:4
load:0x40080404,len:3904
entry 0x40080640
[0;32mI (29) boot: ESP-IDF v5.2 2nd stage bootloader[0m
[0;32mI (29) boot: compile time Apr  8 2024 18:18:03[0m
[0;32mI (29) boot: Multicore bootloader[0m
[0;32mI (33) boot: chip revision: v1.0[0m
[0;32mI (37) boot.esp32: SPI Speed      : 40MHz[0m
[0;32mI (42) boot.esp32: SPI Mode       : DIO[0m
[0;32mI (46) boot.esp32: SPI Flash Size : 2MB[0m
[0;32mI (51) boot: Enabling RNG early entropy source...[0m
[0;32mI (56) boot: Partition Table:[0m
[0;32mI (60) boot: ## Label            Usage          Type ST Offset   Length[0m
[0;32mI (67) boot:  0 nvs              WiFi data        01 02 00009000 00006000[0m
[0;32mI (74) boot:  1 phy_init         RF data          01 01 0000f000 00001000[0m
[0;32mI (82) boot:  2 factory          factory app      00 00 00010000 00100000[0m
[0;32mI (89) boot: End of partition table[0m
[0;32mI (94) esp_image: segment 0: paddr=00010020 vaddr=3f400020 size=256fch (153340) map[0m
[0;32mI (155) esp_image: segment 1: paddr=00035724 vaddr=3ffbdb60 size=04954h ( 18772) load[0m
[0;32mI (162) esp_image: segment 2: paddr=0003a080 vaddr=40080000 size=05f98h ( 24472) load[0m
[0;32mI (172) esp_image: segment 3: paddr=00040020 vaddr=400d0020 size=8c188h (573832) map[0m
[0;32mI (369) esp_image: segment 4: paddr=000cc1b0 vaddr=40085f98 size=1311ch ( 78108) load[0m
[0;32mI (412) boot: Loaded app from partition at offset 0x10000[0m
[0;32mI (412) boot: Disabling RNG early entropy source...[0m
[0;32mI (424) cpu_start: Multicore app[0m
[0;32mI (432) cpu_start: Pro cpu start user code[0m
[0;32mI (432) cpu_start: cpu freq: 160000000 Hz[0m
[0;32mI (432) cpu_start: Application information:[0m
[0;32mI (435) cpu_start: Project name:     ils3000-arduino[0m
[0;32mI (441) cpu_start: App version:      7108813-dirty[0m
[0;32mI (447) cpu_start: Compile time:     Apr  8 2024 18:18:01[0m
[0;32mI (453) cpu_start: ELF file SHA256:  98965d957...[0m
[0;32mI (458) cpu_start: ESP-IDF:          v5.2[0m
[0;32mI (463) cpu_start: Min chip rev:     v0.0[0m
[0;32mI (467) cpu_start: Max chip rev:     v3.99 [0m
[0;32mI (472) cpu_start: Chip rev:         v1.0[0m
[0;32mI (477) heap_init: Initializing. RAM available for dynamic allocation:[0m
[0;32mI (484) heap_init: At 3FFAFF10 len 000000F0 (0 KiB): DRAM[0m
[0;32mI (490) heap_init: At 3FFB6388 len 00001C78 (7 KiB): DRAM[0m
[0;32mI (496) heap_init: At 3FFB9A20 len 00004108 (16 KiB): DRAM[0m
[0;32mI (502) heap_init: At 3FFC3E88 len 0001C178 (112 KiB): DRAM[0m
[0;32mI (509) heap_init: At 3FFE0440 len 00003AE0 (14 KiB): D/IRAM[0m
[0;32mI (515) heap_init: At 3FFE4350 len 0001BCB0 (111 KiB): D/IRAM[0m
[0;32mI (521) heap_init: At 400990B4 len 00006F4C (27 KiB): IRAM[0m
[0;32mI (529) spi_flash: detected chip: generic[0m
[0;32mI (532) spi_flash: flash io: dio[0m
[0;33mW (536) spi_flash: Detected size(4096k) larger than the size in the binary image header(2048k). Using the size in the binary image header.[0m
[0;32mI (550) coexist: coex firmware version: 77cd7f8[0m
[0;32mI (555) main_task: Started on CPU0[0m
[0;32mI (565) main_task: Calling app_main()[0m
[0;32mI (565) ils3000-arduino.main: **** ILS3000 ARDUINO CONTROLLER (0.1-beta)****[0m
[0;32mI (565) ils3000-arduino.main: Following GPIO ports will be used:[0m
[0;32mI (575) ils3000-arduino.main: GPIO_PORT_CHARGE_RELAY: 5[0m
[0;32mI (575) ils3000-arduino.main: GPIO_PORT_VENTILATOR_RELAY: 6[0m
[0;32mI (585) ils3000-arduino.main: GPIO_PORT_THERMOSTAT: 7[0m
[0;32mI (635) BTDM_INIT: BT controller compile version [a38dc5c][0m
[0;32mI (635) BTDM_INIT: Bluetooth MAC: b4:e6:2d:fa:bd:0f[0m
ESP_ERROR_CHECK failed: esp_err_t 0x103 (ESP_ERR_INVALID_STATE) at 0x400d7466
file: "./main/ils3000_main.c" line 85
func: setup_bluetooth
expression: esp_bt_controller_mem_release(ESP_BT_MODE_CLASSIC_BT)

abort() was called at PC 0x400915bf on core 0


Backtrace: 0x40081806:0x3ffbbaf0 0x400915c9:0x3ffbbb10 0x40097181:0x3ffbbb30 0x400915bf:0x3ffbbba0 0x400d7466:0x3ffbbbd0 0x400d7585:0x3ffbbc30 0x4015a237:0x3ffbbc50 0x40092071:0x3ffbbc80




ELF file SHA256: 98965d957

Rebooting...
ets Jun  8 2016 00:22:57

rst:0xc (SW_CPU_RESET),boot:0x13 (SPI_FAST_FLASH_BOOT)
configsip: 0, SPIWP:0xee
clk_drv:0x00,q_drv:0x00,d_drv:0x00,cs0_drv:0x00,hd_drv:0x00,wp_drv:0x00
mode:DIO, clock div:2
load:0x3fff0030,len:7172
load:0x40078000,len:15532
load:0x40080400,len:4
load:0x40080404,len:3904
entry 0x40080640
[0;32mI (29) boot: ESP-IDF v5.2 2nd stage bootloader[0m
[0;32mI (29) boot: compile time Apr  8 2024 18:18:03[0m
[0;32mI (29) boot: Multicore bootloader[0m
[0;32mI (33) boot: chip revision: v1.0[0m
[0;32mI (37) boot.esp32: SPI Speed      : 40MHz[0m
[0;32mI (42) boot.esp32: SPI Mode       : DIO[0m
[0;32mI (46) boot.esp32: SPI Flash Size : 2MB[0m
[0;32mI (51) boot: Enabling RNG early entropy source...[0m
[0;32mI (56) boot: Partition Table:[0m
[0;32mI (60) boot: ## Label            Usage          Type ST Offset   Length[0m
[0;32mI (67) boot:  0 nvs              WiFi data        01 02 00009000 00006000[0m
[0;32mI (74) boot:  1 phy_init         RF data          01 01 0000f000 00001000[0m
[0;32mI (82) boot:  2 factory          factory app      00 00 00010000 00100000[0m
[0;32mI (89) boot: End of partition table[0m
[0;32mI (94) esp_image: segment 0: paddr=00010020 vaddr=3f400020 size=256fch (153340) map[0m
[0;32mI (155) esp_image: segment 1: paddr=00035724 vaddr=3ffbdb60 size=04954h ( 18772) load[0m
[0;32mI (162) esp_image: segment 2: paddr=0003a080 vaddr=40080000 size=05f98h ( 24472) load[0m
[0;32mI (172) esp_image: segment 3: paddr=00040020 vaddr=400d0020 size=8c188h (573832) map[0m
[0;32mI (368) esp_image: segment 4: paddr=000cc1b0 vaddr=40085f98 size=1311ch ( 78108) load[0m
[0;32mI (412) boot: Loaded app from partition at offset 0x10000[0m
[0;32mI (412) boot: Disabling RNG early entropy source...[0m
[0;32mI (423) cpu_start: Multicore app[0m
[0;32mI (432) cpu_start: Pro cpu start user code[0m
[0;32mI (432) cpu_start: cpu freq: 160000000 Hz[0m
[0;32mI (432) cpu_start: Application information:[0m
[0;32mI (435) cpu_start: Project name:     ils3000-arduino[0m
[0;32mI (441) cpu_start: App version:      7108813-dirty[0m
[0;32mI (447) cpu_start: Compile time:     Apr  8 2024 18:18:01[0m
[0;32mI (453) cpu_start: ELF file SHA256:  98965d957...[0m
[0;32mI (458) cpu_start: ESP-IDF:          v5.2[0m
[0;32mI (463) cpu_start: Min chip rev:     v0.0[0m
[0;32mI (467) cpu_start: Max chip rev:     v3.99 [0m
[0;32mI (472) cpu_start: Chip rev:         v1.0[0m
[0;32mI (477) heap_init: Initializing. RAM available for dynamic allocation:[0m
[0;32mI (484) heap_init: At 3FFAFF10 len 000000F0 (0 KiB): DRAM[0m
[0;32mI (490) heap_init: At 3FFB6388 len 00001C78 (7 KiB): DRAM[0m
[0;32mI (496) heap_init: At 3FFB9A20 len 00004108 (16 KiB): DRAM[0m
[0;32mI (502) heap_init: At 3FFC3E88 len 0001C178 (112 KiB): DRAM[0m
[0;32mI (509) heap_init: At 3FFE0440 len 00003AE0 (14 KiB): D/IRAM[0m
[0;32mI (515) heap_init: At 3FFE4350 len 0001BCB0 (111 KiB): D/IRAM[0m
[0;32mI (521) heap_init: At 400990B4 len 00006F4C (27 KiB): IRAM[0m
[0;32mI (529) spi_flash: detected chip: generic[0m
[0;32mI (532) spi_flash: flash io: dio[0m
[0;33mW (536) spi_flash: Detected size(4096k) larger than the size in the binary image header(2048k). Using the size in the binary image header.[0m
[0;32mI (550) coexist: coex firmware version: 77cd7f8[0m
[0;32mI (555) main_task: Started on CPU0[0m
[0;32mI (565) main_task: Calling app_main()[0m
[0;32mI (565) ils3000-arduino.main: **** ILS3000 ARDUINO CONTROLLER (0.1-beta)****[0m
[0;32mI (565) ils3000-arduino.main: Following GPIO ports will be used:[0m
[0;32mI (575) ils3000-arduino.main: GPIO_PORT_CHARGE_RELAY: 5[0m
[0;32mI (575) ils3000-arduino.main: GPIO_PORT_VENTILATOR_RELAY: 6[0m
[0;32mI (585) ils3000-arduino.main: GPIO_PORT_THERMOSTAT: 7[0m
[0;32mI (635) BTDM_INIT: BT controller compile version [a38dc5c][0m
[0;32mI (635) BTDM_INIT: Bluetooth MAC: b4:e6:2d:fa:bd:0f[0m
ESP_ERROR_CHECK failed: esp_err_t 0x103 (ESP_ERR_INVALID_STATE) at 0x400d7466
file: "./main/ils3000_main.c" line 85
func: setup_bluetooth
expression: esp_bt_controller_mem_release(ESP_BT_MODE_CLASSIC_BT)

abort() was called at PC 0x400915bf on core 0


Backtrace: 0x40081806:0x3ffbbaf0 0x400915c9:0x3ffbbb10 0x40097181:0x3ffbbb30 0x400915bf:0x3ffbbba0 0x400d7466:0x3ffbbbd0 0x400d7585:0x3ffbbc30 0x4015a237:0x3ffbbc50 0x40092071:0x3ffbbc80




ELF file SHA256: 98965d957

Rebooting...
ets Jun  8 2016 00:22:57

rst:0xc (SW_CPU_RESET),boot:0x13 (SPI_FAST_FLASH_BOOT)
configsip: 0, SPIWP:0xee
clk_drv:0x00,q_drv:0x00,d_drv:0x00,cs0_drv:0x00,hd_drv:0x00,wp_drv:0x00
mode:DIO, clock div:2
load:0x3fff0030,len:7172
load:0x40078000,len:15532
load:0x40080400,len:4
load:0x40080404,len:3904
entry 0x40080640
[0;32mI (29) boot: ESP-IDF v5.2 2nd stage bootloader[0m
[0;32mI (29) boot: compile time Apr  8 2024 18:18:03[0m
[0;32mI (29) boot: Multicore bootloader[0m
[0;32mI (33) boot: chip revision: v1.0[0m
[0;32mI (37) boot.esp32: SPI Speed      : 40MHz[0m
[0;32mI (42) boot.esp32: SPI Mode       : DIO[0m
[0;32mI (46) boot.esp32: SPI Flash Size : 2MB[0m
[0;32mI (51) boot: Enabling RNG early entropy source...[0m
[0;32mI (56) boot: Partition Table:[0m
[0;32mI (60) boot: ## Label            Usage          Type ST Offset   Length[0m
[0;32mI (67) boot:  0 nvs              WiFi data        01 02 00009000 00006000[0m
[0;32mI (74) boot:  1 phy_init         RF data          01 01 0000f000 00001000[0m
[0;32mI (82) boot:  2 factory          factory app      00 00 00010000 00100000[0m
[0;32mI (89) boot: End of partition table[0m
[0;32mI (94) esp_image: segment 0: paddr=00010020 vaddr=3f400020 size=256fch (153340) map[0m
[0;32mI (155) esp_image: segment 1: paddr=00035724 vaddr=3ffbdb60 size=04954h ( 18772) load[0m
[0;32mI (162) esp_image: segment 2: paddr=0003a080 vaddr=40080000 size=05f98h ( 24472) load[0m
[0;32mI (172) esp_image: segment 3: paddr=00040020 vaddr=400d0020 size=8c188h (573832) map[0m
[0;32mI (369) esp_image: segment 4: paddr=000cc1b0 vaddr=40085f98 size=1311ch ( 78108) load[0m
[0;32mI (412) boot: Loaded app from partition at offset 0x10000[0m
[0;32mI (412) boot: Disabling RNG early entropy source...[0m
[0;32mI (424) cpu_start: Multicore app[0m
[0;32mI (432) cpu_start: Pro cpu start user code[0m
[0;32mI (432) cpu_start: cpu freq: 160000000 Hz[0m
[0;32mI (432) cpu_start: Application information:[0m
[0;32mI (435) cpu_start: Project name:     ils3000-arduino[0m
[0;32mI (441) cpu_start: App version:      7108813-dirty[0m
[0;32mI (447) cpu_start: Compile time:     Apr  8 2024 18:18:01[0m
[0;32mI (453) cpu_start: ELF file SHA256:  98965d957...[0m
[0;32mI (458) cpu_start: ESP-IDF:          v5.2[0m
[0;32mI (463) cpu_start: Min chip rev:     v0.0[0m
[0;32mI (467) cpu_start: Max chip rev:     v3.99 [0m
[0;32mI (472) cpu_start: Chip rev:         v1.0[0m
[0;32mI (477) heap_init: Initializing. RAM available for dynamic allocation:[0m
[0;32mI (484) heap_init: At 3FFAFF10 len 000000F0 (0 KiB): DRAM[0m
[0;32mI (490) heap_init: At 3FFB6388 len 00001C78 (7 KiB): DRAM[0m
[0;32mI (496) heap_init: At 3FFB9A20 len 00004108 (16 KiB): DRAM[0m
[0;32mI (502) heap_init: At 3FFC3E88 len 0001C178 (112 KiB): DRAM[0m
[0;32mI (509) heap_init: At 3FFE0440 len 00003AE0 (14 KiB): D/IRAM[0m
[0;32mI (515) heap_init: At 3FFE4350 len 0001BCB0 (111 KiB): D/IRAM[0m
[0;32mI (521) heap_init: At 400990B4 len 00006F4C (27 KiB): IRAM[0m
[0;32mI (529) spi_flash: detected chip: generic[0m
[0;32mI (532) spi_flash: flash io: dio[0m
[0;33mW (536) spi_flash: Detected size(4096k) larger than the size in the binary image header(2048k). Using the size in the binary image header.[0m
[0;32mI (550) coexist: coex firmware version: 77cd7f8[0m
[0;32mI (555) main_task: Started on CPU0[0m
[0;32mI (565) main_task: Calling app_main()[0m
[0;32mI (565) ils3000-arduino.main: **** ILS3000 ARDUINO CONTROLLER (0.1-beta)****[0m
[0;32mI (565) ils3000-arduino.main: Following GPIO ports will be used:[0m
[0;32mI (575) ils3000-arduino.main: GPIO_PORT_CHARGE_RELAY: 5[0m
[0;32mI (575) ils3000-arduino.main: GPIO_PORT_VENTILATOR_RELAY: 6[0m
[0;32mI (585) ils3000-arduino.main: GPIO_PORT_THERMOSTAT: 7[0m
[0;32mI (635) BTDM_INIT: BT controller compile version [a38dc5c][0m
[0;32mI (635) BTDM_INIT: Bluetooth MAC: b4:e6:2d:fa:bd:0f[0m
ESP_ERROR_CHECK failed: esp_err_t 0x103 (ESP_ERR_INVALID_STATE) at 0x400d7466
file: "./main/ils3000_main.c" line 85
func: setup_bluetooth
expression: esp_bt_controller_mem_release(ESP_BT_MODE_CLASSIC_BT)

abort() was called at PC 0x400915bf on core 0


Backtrace: 0x40081806:0x3ffbbaf0 0x400915c9:0x3ffbbb10 0x40097181:0x3ffbbb30 0x400915bf:0x3ffbbba0 0x400d7466:0x3ffbbbd0 0x400d7585:0x3ffbbc30 0x4015a237:0x3ffbbc50 0x40092071:0x3ffbbc80




ELF file SHA256: 98965d957

Rebooting...
ets Jun  8 2016 00:22:57

rst:0xc (SW_CPU_RESET),boot:0x13 (SPI_FAST_FLASH_BOOT)
configsip: 0, SPIWP:0xee
clk_drv:0x00,q_drv:0x00,d_drv:0x00,cs0_drv:0x00,hd_drv:0x00,wp_drv:0x00
mode:DIO, clock div:2
load:0x3fff0030,len:7172
load:0x40078000,len:15532
load:0x40080400,len:4
load:0x40080404,len:3904
entry 0x40080640
[0;32mI (29) boot: ESP-IDF v5.2 2nd stage bootloader[0m
[0;32mI (29) boot: compile time Apr  8 2024 18:18:03[0m
[0;32mI (29) boot: Multicore bootloader[0m
[0;32mI (33) boot: chip revision: v1.0[0m
[0;32mI (37) boot.esp32: SPI Speed      : 40MHz[0m
[0;32mI (42) boot.esp32: SPI Mode       : DIO[0m
[0;32mI (46) boot.esp32: SPI Flash Size : 2MB[0m
[0;32mI (51) boot: Enabling RNG early entropy source...[0m
[0;32mI (56) boot: Partition Table:[0m
[0;32mI (60) boot: ## Label            Usage          Type ST Offset   Length[0m
[0;32mI (67) boot:  0 nvs              WiFi data        01 02 00009000 00006000[0m
[0;32mI (74) boot:  1 phy_init         RF data          01 01 0000f000 00001000[0m
[0;32mI (82) boot:  2 factory          factory app      00 00 00010000 00100000[0m
[0;32mI (89) boot: End of partition table[0m
[0;32mI (94) esp_image: segment 0: paddr=00010020 vaddr=3f400020 size=256fch (153340) map[0m
[0;32mI (155) esp_image: segment 1: paddr=00035724 vaddr=3ffbdb60 size=04954h ( 18772) load[0m
[0;32mI (162) esp_image: segment 2: paddr=0003a080 vaddr=40080000 size=05f98h ( 24472) load[0m
[0;32mI (172) esp_image: segment 3: paddr=00040020 vaddr=400d0020 size=8c188h (573832) map[0m
[0;32mI (368) esp_image: segment 4: paddr=000cc1b0 vaddr=40085f98 size=1311ch ( 78108) load[0m
[0;32mI (412) boot: Loaded app from partition at offset 0x10000[0m
[0;32mI (412) boot: Disabling RNG early entropy source...[0m
[0;32mI (423) cpu_start: Multicore app[0m
[0;32mI (432) cpu_start: Pro cpu start user code[0m
[0;32mI (432) cpu_start: cpu freq: 160000000 Hz[0m
[0;32mI (432) cpu_start: Application information:[0m
[0;32mI (435) cpu_start: Project name:     ils3000-arduino[0m
[0;32mI (441) cpu_start: App version:      7108813-dirty[0m
[0;32mI (447) cpu_start: Compile time:     Apr  8 2024 18:18:01[0m
[0;32mI (453) cpu_start: ELF file SHA256:  98965d957...[0m
[0;32mI (458) cpu_start: ESP-IDF:          v5.2[0m
[0;32mI (463) cpu_start: Min chip rev:     v0.0[0m
[0;32mI (467) cpu_start: Max chip rev:     v3.99 [0m
[0;32mI (472) cpu_start: Chip rev:         v1.0[0m
[0;32mI (477) heap_init: Initializing. RAM available for dynamic allocation:[0m
[0;32mI (484) heap_init: At 3FFAFF10 len 000000F0 (0 KiB): DRAM[0m
[0;32mI (490) heap_init: At 3FFB6388 len 00001C78 (7 KiB): DRAM[0m
[0;32mI (496) heap_init: At 3FFB9A20 len 00004108 (16 KiB): DRAM[0m
[0;32mI (502) heap_init: At 3FFC3E88 len 0001C178 (112 KiB): DRAM[0m
[0;32mI (509) heap_init: At 3FFE0440 len 00003AE0 (14 KiB): D/IRAM[0m
[0;32mI (515) heap_init: At 3FFE4350 len 0001BCB0 (111 KiB): D/IRAM[0m
[0;32mI (521) heap_init: At 400990B4 len 00006F4C (27 KiB): IRAM[0m
[0;32mI (529) spi_flash: detected chip: generic[0m
[0;32mI (532) spi_flash: flash io: dio[0m
[0;33mW (536) spi_flash: Detected size(4096k) larger than the size in the binary image header(2048k). Using the size in the binary image header.[0m
[0;32mI (550) coexist: coex firmware version: 77cd7f8[0m
[0;32mI (555) main_task: Started on CPU0[0m
[0;32mI (565) main_task: Calling app_main()[0m
[0;32mI (565) ils3000-arduino.main: **** ILS3000 ARDUINO CONTROLLER (0.1-beta)****[0m
[0;32mI (565) ils3000-arduino.main: Following GPIO ports will be used:[0m
[0;32mI (575) ils3000-arduino.main: GPIO_PORT_CHARGE_RELAY: 5[0m
[0;32mI (575) ils3000-arduino.main: GPIO_PORT_VENTILATOR_RELAY: 6[0m
[0;32mI (585) ils3000-arduino.main: GPIO_PORT_THERMOSTAT: 7[0m
[0;32mI (635) BTDM_INIT: BT controller compile version [a38dc5c][0m
[0;32mI (635) BTDM_INIT: Bluetooth MAC: b4:e6:2d:fa:bd:0f[0m
ESP_ERROR_CHECK failed: esp_err_t 0x103 (ESP_ERR_INVALID_STATE) at 0x400d7466
file: "./main/ils3000_main.c" line 85
func: setup_bluetooth
expression: esp_bt_controller_mem_release(ESP_BT_MODE_CLASSIC_BT)

abort() was called at PC 0x400915bf on core 0


Backtrace: 0x40081806:0x3ffbbaf0 0x400915c9:0x3ffbbb10 0x40097181:0x3ffbbb30 0x400915bf:0x3ffbbba0 0x400d7466:0x3ffbbbd0 0x400d7585:0x3ffbbc30 0x4015a237:0x3ffbbc50 0x40092071:0x3ffbbc80




ELF file SHA256: 98965d957

Rebooting...
ets Jun  8 2016 00:22:57

rst:0xc (SW_CPU_RESET),boot:0x13 (SPI_FAST_FLASH_BOOT)
configsip: 0, SPIWP:0xee
clk_drv:0x00,q_drv:0x00,d_drv:0x00,cs0_drv:0x00,hd_drv:0x00,wp_drv:0x00
mode:DIO, clock div:2
load:0x3fff0030,len:7172
load:0x40078000,len:15532
load:0x40080400,len:4
load:0x40080404,len:3904
entry 0x40080640
[0;32mI (29) boot: ESP-IDF v5.2 2nd stage bootloader[0m
[0;32mI (29) boot: compile time Apr  8 2024 18:18:03[0m
[0;32mI (29) boot: Multicore bootloader[0m
[0;32mI (33) boot: chip revision: v1.0[0m
[0;32mI (37) boot.esp32: SPI Speed      : 40MHz[0m
[0;32mI (42) boot.esp32: SPI Mode       : DIO[0m
[0;32mI (46) boot.esp32: SPI Flash Size : 2MB[0m
[0;32mI (51) boot: Enabling RNG early entropy source...[0m
[0;32mI (56) boot: Partition Table:[0m
[0;32mI (60) boot: ## Label            Usage          Type ST Offset   Length[0m
[0;32mI (67) boot:  0 nvs              WiFi data        01 02 00009000 00006000[0m
[0;32mI (74) boot:  1 phy_init         RF data          01 01 0000f000 00001000[0m
[0;32mI (82) boot:  2 factory          factory app      00 00 00010000 00100000[0m
[0;32mI (89) boot: End of partition table[0m
[0;32mI (94) esp_image: segment 0: paddr=00010020 vaddr=3f400020 size=256fch (153340) map[0m
[0;32mI (155) esp_image: segment 1: paddr=00035724 vaddr=3ffbdb60 size=04954h ( 18772) load[0m
[0;32mI (162) esp_image: segment 2: paddr=0003a080 vaddr=40080000 size=05f98h ( 24472) load[0m
[0;32mI (172) esp_image: segment 3: paddr=00040020 vaddr=400d0020 size=8c188h (573832) map[0m
[0;32mI (369) esp_image: segment 4: paddr=000cc1b0 vaddr=40085f98 size=1311ch ( 78108) load[0m
[0;32mI (412) boot: Loaded app from partition at offset 0x10000[0m
[0;32mI (412) boot: Disabling RNG early entropy source...[0m
[0;32mI (423) cpu_start: Multicore app[0m
[0;32mI (432) cpu_start: Pro cpu start user code[0m
[0;32mI (432) cpu_start: cpu freq: 160000000 Hz[0m
[0;32mI (432) cpu_start: Application information:[0m
[0;32mI (435) cpu_start: Project name:     ils3000-arduino[0m
[0;32mI (441) cpu_start: App version:      7108813-dirty[0m
[0;32mI (447) cpu_start: Compile time:     Apr  8 2024 18:18:01[0m
[0;32mI (453) cpu_start: ELF file SHA256:  98965d957...[0m
[0;32mI (458) cpu_start: ESP-IDF:          v5.2[0m
[0;32mI (463) cpu_start: Min chip rev:     v0.0[0m
[0;32mI (467) cpu_start: Max chip rev:     v3.99 [0m
[0;32mI (472) cpu_start: Chip rev:         v1.0[0m
[0;32mI (477) heap_init: Initializing. RAM available for dynamic allocation:[0m
[0;32mI (484) heap_init: At 3FFAFF10 len 000000F0 (0 KiB): DRAM[0m
[0;32mI (490) heap_init: At 3FFB6388 len 00001C78 (7 KiB): DRAM[0m
[0;32mI (496) heap_init: At 3FFB9A20 len 00004108 (16 KiB): DRAM[0m
[0;32mI (502) heap_init: At 3FFC3E88 len 0001C178 (112 KiB): DRAM[0m
[0;32mI (509) heap_init: At 3FFE0440 len 00003AE0 (14 KiB): D/IRAM[0m
[0;32mI (515) heap_init: At 3FFE4350 len 0001BCB0 (111 KiB): D/IRAM[0m
[0;32mI (521) heap_init: At 400990B4 len 00006F4C (27 KiB): IRAM[0m
[0;32mI (529) spi_flash: detected chip: generic[0m
[0;32mI (532) spi_flash: flash io: dio[0m
[0;33mW (536) spi_flash: Detected size(4096k) larger than the size in the binary image header(2048k). Using the size in the binary image header.[0m
[0;32mI (550) coexist: coex firmware version: 77cd7f8[0m
[0;32mI (555) main_task: Started on CPU0[0m
[0;32mI (565) main_task: Calling app_main()[0m
[0;32mI (565) ils3000-arduino.main: **** ILS3000 ARDUINO CONTROLLER (0.1-beta)****[0m
[0;32mI (565) ils3000-arduino.main: Following GPIO ports will be used:[0m
[0;32mI (575) ils3000-arduino.main: GPIO_PORT_CHARGE_RELAY: 5[0m
[0;32mI (575) ils3000-arduino.main: GPIO_PORT_VENTILATOR_RELAY: 6[0m
[0;32mI (585) ils3000-arduino.main: GPIO_PORT_THERMOSTAT: 7[0m
[0;32mI (635) BTDM_INIT: BT controller compile version [a38dc5c][0m
[0;32mI (635) BTDM_INIT: Bluetooth MAC: b4:e6:2d:fa:bd:0f[0m
ESP_ERROR_CHECK failed: esp_err_t 0x103 (ESP_ERR_INVALID_STATE) at 0x400d7466
file: "./main/ils3000_main.c" line 85
func: setup_bluetooth
expression: esp_bt_controller_mem_release(ESP_BT_MODE_CLASSIC_BT)

abort() was called at PC 0x400915bf on core 0


Backtrace: 0x40081806:0x3ffbbaf0 0x400915c9:0x3ffbbb10 0x40097181:0x3ffbbb30 0x400915bf:0x3ffbbba0 0x400d7466:0x3ffbbbd0 0x400d7585:0x3ffbbc30 0x4015a237:0x3ffbbc50 0x40092071:0x3ffbbc80




ELF file SHA256: 98965d957

Rebooting...
ets Jun  8 2016 00:22:57

rst:0xc (SW_CPU_RESET),boot:0x13 (SPI_FAST_FLASH_BOOT)
configsip: 0, SPIWP:0xee
clk_drv:0x00,q_drv:0x00,d_drv:0x00,cs0_drv:0x00,hd_drv:0x00,wp_drv:0x00
mode:DIO, clock div:2
load:0x3fff0030,len:7172
load:0x40078000,len:15532
load:0x40080400,len:4
load:0x40080404,len:3904
entry 0x40080640
[0;32mI (29) boot: ESP-IDF v5.2 2nd stage bootloader[0m
[0;32mI (29) boot: compile time Apr  8 2024 18:18:03[0m
[0;32mI (29) boot: Multicore bootloader[0m
[0;32mI (33) boot: chip revision: v1.0[0m
[0;32mI (37) boot.esp32: SPI Speed      : 40MHz[0m
[0;32mI (42) boot.esp32: SPI Mode       : DIO[0m
[0;32mI (46) boot.esp32: SPI Flash Size : 2MB[0m
[0;32mI (51) boot: Enabling RNG early entropy source...[0m
[0;32mI (56) boot: Partition Table:[0m
[0;32mI (60) boot: ## Label            Usage          Type ST Offset   Length[0m
[0;32mI (67) boot:  0 nvs              WiFi data        01 02 00009000 00006000[0m
[0;32mI (74) boot:  1 phy_init         RF data          01 01 0000f000 00001000[0m
[0;32mI (82) boot:  2 factory          factory app      00 00 00010000 00100000[0m
[0;32mI (89) boot: End of partition table[0m
[0;32mI (94) esp_image: segment 0: paddr=00010020 vaddr=3f400020 size=256fch (153340) map[0m
[0;32mI (155) esp_image: segment 1: paddr=00035724 vaddr=3ffbdb60 size=04954h ( 18772) load[0m
[0;32mI (162) esp_image: segment 2: paddr=0003a080 vaddr=40080000 size=05f98h ( 24472) load[0m
[0;32mI (172) esp_image: segment 3: paddr=00040020 vaddr=400d0020 size=8c188h (573832) map[0m
[0;32mI (369) esp_image: segment 4: paddr=000cc1b0 vaddr=40085f98 size=1311ch ( 78108) load[0m
[0;32mI (412) boot: Loaded app from partition at offset 0x10000[0m
[0;32mI (412) boot: Disabling RNG early entropy source...[0m
[0;32mI (423) cpu_start: Multicore app[0m
[0;32mI (432) cpu_start: Pro cpu start user code[0m
[0;32mI (432) cpu_start: cpu freq: 160000000 Hz[0m
[0;32mI (432) cpu_start: Application information:[0m
[0;32mI (435) cpu_start: Project name:     ils3000-arduino[0m
[0;32mI (441) cpu_start: App version:      7108813-dirty[0m
[0;32mI (447) cpu_start: Compile time:     Apr  8 2024 18:18:01[0m
[0;32mI (453) cpu_start: ELF file SHA256:  98965d957...[0m
[0;32mI (458) cpu_start: ESP-IDF:          v5.2[0m
[0;32mI (463) cpu_start: Min chip rev:     v0.0[0m
[0;32mI (467) cpu_start: Max chip rev:     v3.99 [0m
[0;32mI (472) cpu_start: Chip rev:         v1.0[0m
[0;32mI (477) heap_init: Initializing. RAM available for dynamic allocation:[0m
[0;32mI (484) heap_init: At 3FFAFF10 len 000000F0 (0 KiB): DRAM[0m
[0;32mI (490) heap_init: At 3FFB6388 len 00001C78 (7 KiB): DRAM[0m
[0;32mI (496) heap_init: At 3FFB9A20 len 00004108 (16 KiB): DRAM[0m
[0;32mI (502) heap_init: At 3FFC3E88 len 0001C178 (112 KiB): DRAM[0m
[0;32mI (509) heap_init: At 3FFE0440 len 00003AE0 (14 KiB): D/IRAM[0m
[0;32mI (515) heap_init: At 3FFE4350 len 0001BCB0 (111 KiB): D/IRAM[0m
[0;32mI (521) heap_init: At 400990B4 len 00006F4C (27 KiB): IRAM[0m
[0;32mI (529) spi_flash: detected chip: generic[0m
[0;32mI (532) spi_flash: flash io: dio[0m
[0;33mW (536) spi_flash: Detected size(4096k) larger than the size in the binary image header(2048k). Using the size in the binary image header.[0m
[0;32mI (550) coexist: coex firmware version: 77cd7f8[0m
[0;32mI (555) main_task: Started on CPU0[0m
[0;32mI (565) main_task: Calling app_main()[0m
[0;32mI (565) ils3000-arduino.main: **** ILS3000 ARDUINO CONTROLLER (0.1-beta)****[0m
[0;32mI (565) ils3000-arduino.main: Following GPIO ports will be used:[0m
[0;32mI (575) ils3000-arduino.main: GPIO_PORT_CHARGE_RELAY: 5[0m
[0;32mI (575) ils3000-arduino.main: GPIO_PORT_VENTILATOR_RELAY: 6[0m
[0;32mI (585) ils3000-arduino.main: GPIO_PORT_THERMOSTAT: 7[0m
[0;32mI (635) BTDM_INIT: BT controller compile version [a38dc5c][0m
[0;32mI (635) BTDM_INIT: Bluetooth MAC: b4:e6:2d:fa:bd:0f[0m
ESP_ERROR_CHECK failed: esp_err_t 0x103 (ESP_ERR_INVALID_STATE) at 0x400d7466
file: "./main/ils3000_main.c" line 85
func: setup_bluetooth
expression: esp_bt_controller_mem_release(ESP_BT_MODE_CLASSIC_BT)

abort() was called at PC 0x400915bf on core 0


Backtrace: 0x40081806:0x3ffbbaf0 0x400915c9:0x3ffbbb10 0x40097181:0x3ffbbb30 0x400915bf:0x3ffbbba0 0x400d7466:0x3ffbbbd0 0x400d7585:0x3ffbbc30 0x4015a237:0x3ffbbc50 0x40092071:0x3ffbbc80




ELF file SHA256: 98965d957

Rebooting...
ets Jun  8 2016 00:22:57

rst:0xc (SW_CPU_RESET),boot:0x13 (SPI_FAST_FLASH_BOOT)
configsip: 0, SPIWP:0xee
clk_drv:0x00,q_drv:0x00,d_drv:0x00,cs0_drv:0x00,hd_drv:0x00,wp_drv:0x00
mode:DIO, clock div:2
load:0x3fff0030,len:7172
load:0x40078000,len:15532
load:0x40080400,len:4
load:0x40080404,len:3904
entry 0x40080640
[0;32mI (29) boot: ESP-IDF v5.2 2nd stage bootloader[0m
[0;32mI (29) boot: compile time Apr  8 2024 18:18:03[0m
[0;32mI (29) boot: Multicore bootloader[0m
[0;32mI (33) boot: chip revision: v1.0[0m
[0;32mI (37) boot.esp32: SPI Speed      : 40MHz[0m
[0;32mI (42) boot.esp32: SPI Mode       : DIO[0m
[0;32mI (46) boot.esp32: SPI Flash Size : 2MB[0m
[0;32mI (51) boot: Enabling RNG early entropy source...[0m
[0;32mI (56) boot: Partition Table:[0m
[0;32mI (60) boot: ## Label            Usage          Type ST Offset   Length[0m
[0;32mI (67) boot:  0 nvs              WiFi data        01 02 00009000 00006000[0m
[0;32mI (74) boot:  1 phy_init         RF data          01 01 0000f000 00001000[0m
[0;32mI (82) boot:  2 factory          factory app      00 00 00010000 00100000[0m
[0;32mI (89) boot: End of partition table[0m
[0;32mI (94) esp_image: segment 0: paddr=00010020 vaddr=3f400020 size=256fch (153340) map[0m
[0;32mI (155) esp_image: segment 1: paddr=00035724 vaddr=3ffbdb60 size=04954h ( 18772) load[0m
[0;32mI (162) esp_image: segment 2: paddr=0003a080 vaddr=40080000 size=05f98h ( 24472) load[0m
[0;32mI (172) esp_image: segment 3: paddr=00040020 vaddr=400d0020 size=8c188h (573832) map[0m
[0;32mI (369) esp_image: segment 4: paddr=000cc1b0 vaddr=40085f98 size=1311ch ( 78108) load[0m
[0;32mI (412) boot: Loaded app from partition at offset 0x10000[0m
[0;32mI (412) boot: Disabling RNG early entropy source...[0m
[0;32mI (423) cpu_start: Multicore app[0m
[0;32mI (432) cpu_start: Pro cpu start user code[0m
[0;32mI (432) cpu_start: cpu freq: 160000000 Hz[0m
[0;32mI (432) cpu_start: Application information:[0m
[0;32mI (435) cpu_start: Project name:     ils3000-arduino[0m
[0;32mI (441) cpu_start: App version:      7108813-dirty[0m
[0;32mI (447) cpu_start: Compile time:     Apr  8 2024 18:18:01[0m
[0;32mI (453) cpu_start: ELF file SHA256:  98965d957...[0m
[0;32mI (458) cpu_start: ESP-IDF:          v5.2[0m
[0;32mI (463) cpu_start: Min chip rev:     v0.0[0m
[0;32mI (467) cpu_start: Max chip rev:     v3.99 [0m
[0;32mI (472) cpu_start: Chip rev:         v1.0[0m
[0;32mI (477) heap_init: Initializing. RAM available for dynamic allocation:[0m
[0;32mI (484) heap_init: At 3FFAFF10 len 000000F0 (0 KiB): DRAM[0m
[0;32mI (490) heap_init: At 3FFB6388 len 00001C78 (7 KiB): DRAM[0m
[0;32mI (496) heap_init: At 3FFB9A20 len 00004108 (16 KiB): DRAM[0m
[0;32mI (502) heap_init: At 3FFC3E88 len 0001C178 (112 KiB): DRAM[0m
[0;32mI (509) heap_init: At 3FFE0440 len 00003AE0 (14 KiB): D/IRAM[0m
[0;32mI (515) heap_init: At 3FFE4350 len 0001BCB0 (111 KiB): D/IRAM[0m
[0;32mI (521) heap_init: At 400990B4 len 00006F4C (27 KiB): IRAM[0m
[0;32mI (529) spi_flash: detected chip: generic[0m
[0;32mI (532) spi_flash: flash io: dio[0m
[0;33mW (536) spi_flash: Detected size(4096k) larger than the size in the binary image header(2048k). Using the size in the binary image header.[0m
[0;32mI (550) coexist: coex firmware version: 77cd7f8[0m
[0;32mI (555) main_task: Started on CPU0[0m
[0;32mI (565) main_task: Calling app_main()[0m
[0;32mI (565) ils3000-arduino.main: **** ILS3000 ARDUINO CONTROLLER (0.1-beta)****[0m
[0;32mI (565) ils3000-arduino.main: Following GPIO ports will be used:[0m
[0;32mI (575) ils3000-arduino.main: GPIO_PORT_CHARGE_RELAY: 5[0m
[0;32mI (575) ils3000-arduino.main: GPIO_PORT_VENTILATOR_RELAY: 6[0m
[0;32mI (585) ils3000-arduino.main: GPIO_PORT_THERMOSTAT: 7[0m
[0;32mI (635) BTDM_INIT: BT controller compile version [a38dc5c][0m
[0;32mI (635) BTDM_INIT: Bluetooth MAC: b4:e6:2d:fa:bd:0f[0m
ESP_ERROR_CHECK failed: esp_err_t 0x103 (ESP_ERR_INVALID_STATE) at 0x400d7466
file: "./main/ils3000_main.c" line 85
func: setup_bluetooth
expression: esp_bt_controller_mem_release(ESP_BT_MODE_CLASSIC_BT)

abort() was called at PC 0x400915bf on core 0


Backtrace: 0x40081806:0x3ffbbaf0 0x400915c9:0x3ffbbb10 0x40097181:0x3ffbbb30 0x400915bf:0x3ffbbba0 0x400d7466:0x3ffbbbd0 0x400d7585:0x3ffbbc30 0x4015a237:0x3ffbbc50 0x40092071:0x3ffbbc80




ELF file SHA256: 98965d957

Rebooting...
ets Jun  8 2016 00:22:57

rst:0xc (SW_CPU_RESET),boot:0x13 (SPI_FAST_FLASH_BOOT)
configsip: 0, SPIWP:0xee
clk_drv:0x00,q_drv:0x00,d_drv:0x00,cs0_drv:0x00,hd_drv:0x00,wp_drv:0x00
mode:DIO, clock div:2
load:0x3fff0030,len:7172
load:0x40078000,len:15532
load:0x40080400,len:4
load:0x40080404,len:3904
entry 0x40080640
[0;32mI (29) boot: ESP-IDF v5.2 2nd stage bootloader[0m
[0;32mI (29) boot: compile time Apr  8 2024 18:18:03[0m
[0;32mI (29) boot: Multicore bootloader[0m
[0;32mI (33) boot: chip revision: v1.0[0m
[0;32mI (37) boot.esp32: SPI Speed      : 40MHz[0m
[0;32mI (42) boot.esp32: SPI Mode       : DIO[0m
[0;32mI (46) boot.esp32: SPI Flash Size : 2MB[0m
[0;32mI (51) boot: Enabling RNG early entropy source...[0m
[0;32mI (56) boot: Partition Table:[0m
[0;32mI (60) boot: ## Label            Usage          Type ST Offset   Length[0m
[0;32mI (67) boot:  0 nvs              WiFi data        01 02 00009000 00006000[0m
[0;32mI (74) boot:  1 phy_init         RF data          01 01 0000f000 00001000[0m
[0;32mI (82) boot:  2 factory          factory app      00 00 00010000 00100000[0m
[0;32mI (89) boot: End of partition table[0m
[0;32mI (94) esp_image: segment 0: paddr=00010020 vaddr=3f400020 size=256fch (153340) map[0m
[0;32mI (155) esp_image: segment 1: paddr=00035724 vaddr=3ffbdb60 size=04954h ( 18772) load[0m
[0;32mI (162) esp_image: segment 2: paddr=0003a080 vaddr=40080000 size=05f98h ( 24472) load[0m
[0;32mI (172) esp_image: segment 3: paddr=00040020 vaddr=400d0020 size=8c188h (573832) map[0m
[0;32mI (369) esp_image: segment 4: paddr=000cc1b0 vaddr=40085f98 size=1311ch ( 78108) load[0m
[0;32mI (412) boot: Loaded app from partition at offset 0x10000[0m
[0;32mI (412) boot: Disabling RNG early entropy source...[0m
[0;32mI (423) cpu_start: Multicore app[0m
[0;32mI (432) cpu_start: Pro cpu start user code[0m
[0;32mI (432) cpu_start: cpu freq: 160000000 Hz[0m
[0;32mI (432) cpu_start: Application information:[0m
[0;32mI (435) cpu_start: Project name:     ils3000-arduino[0m
[0;32mI (441) cpu_start: App version:      7108813-dirty[0m
[0;32mI (447) cpu_start: Compile time:     Apr  8 2024 18:18:01[0m
[0;32mI (453) cpu_start: ELF file SHA256:  98965d957...[0m
[0;32mI (458) cpu_start: ESP-IDF:          v5.2[0m
[0;32mI (463) cpu_start: Min chip rev:     v0.0[0m
[0;32mI (467) cpu_start: Max chip rev:     v3.99 [0m
[0;32mI (472) cpu_start: Chip rev:         v1.0[0m
[0;32mI (477) heap_init: Initializing. RAM available for dynamic allocation:[0m
[0;32mI (484) heap_init: At 3FFAFF10 len 000000F0 (0 KiB): DRAM[0m
[0;32mI (490) heap_init: At 3FFB6388 len 00001C78 (7 KiB): DRAM[0m
[0;32mI (496) heap_init: At 3FFB9A20 len 00004108 (16 KiB): DRAM[0m
[0;32mI (502) heap_init: At 3FFC3E88 len 0001C178 (112 KiB): DRAM[0m
[0;32mI (509) heap_init: At 3FFE0440 len 00003AE0 (14 KiB): D/IRAM[0m
[0;32mI (515) heap_init: At 3FFE4350 len 0001BCB0 (111 KiB): D/IRAM[0m
[0;32mI (522) heap_init: At 400990B4 len 00006F4C (27 KiB): IRAM[0m
[0;32mI (529) spi_flash: detected chip: generic[0m
[0;32mI (532) spi_flash: flash io: dio[0m
[0;33mW (536) spi_flash: Detected size(4096k) larger than the size in the binary image header(2048k). Using the size in the binary image header.[0m
[0;32mI (550) coexist: coex firmware version: 77cd7f8[0m
[0;32mI (555) main_task: Started on CPU0[0m
[0;32mI (565) main_task: Calling app_main()[0m
[0;32mI (565) ils3000-arduino.main: **** ILS3000 ARDUINO CONTROLLER (0.1-beta)****[0m
[0;32mI (565) ils3000-arduino.main: Following GPIO ports will be used:[0m
[0;32mI (575) ils3000-arduino.main: GPIO_PORT_CHARGE_RELAY: 5[0m
[0;32mI (575) ils3000-arduino.main: GPIO_PORT_VENTILATOR_RELAY: 6[0m
[0;32mI (585) ils3000-arduino.main: GPIO_PORT_THERMOSTAT: 7[0m
[0;32mI (635) BTDM_INIT: BT controller compile version [a38dc5c][0m
[0;32mI (635) BTDM_INIT: Bluetooth MAC: b4:e6:2d:fa:bd:0f[0m
ESP_ERROR_CHECK failed: esp_err_t 0x103 (ESP_ERR_INVALID_STATE) at 0x400d7466
file: "./main/ils3000_main.c" line 85
func: setup_bluetooth
expression: esp_bt_controller_mem_release(ESP_BT_MODE_CLASSIC_BT)

abort() was called at PC 0x400915bf on core 0


Backtrace: 0x40081806:0x3ffbbaf0 0x400915c9:0x3ffbbb10 0x40097181:0x3ffbbb30 0x400915bf:0x3ffbbba0 0x400d7466:0x3ffbbbd0 0x400d7585:0x3ffbbc30 0x4015a237:0x3ffbbc50 0x40092071:0x3ffbbc80




ELF file SHA256: 98965d957

Rebooting...
ets Jun  8 2016 00:22:57

rst:0xc (SW_CPU_RESET),boot:0x13 (SPI_FAST_FLASH_BOOT)
configsip: 0, SPIWP:0xee
clk_drv:0x00,q_drv:0x00,d_drv:0x00,cs0_drv:0x00,hd_drv:0x00,wp_drv:0x00
mode:DIO, clock div:2
load:0x3fff0030,len:7172
load:0x40078000,len:15532
load:0x40080400,len:4
load:0x40080404,len:3904
entry 0x40080640
[0;32mI (29) boot: ESP-IDF v5.2 2nd stage bootloader[0m
[0;32mI (29) boot: compile time Apr  8 2024 18:18:03[0m
[0;32mI (29) boot: Multicore bootloader[0m
[0;32mI (33) boot: chip revision: v1.0[0m
[0;32mI (37) boot.esp32: SPI Speed      : 40MHz[0m
[0;32mI (42) boot.esp32: SPI Mode       : DIO[0m
[0;32mI (46) boot.esp32: SPI Flash Size : 2MB[0m
[0;32mI (51) boot: Enabling RNG early entropy source...[0m
[0;32mI (56) boot: Partition Table:[0m
[0;32mI (60) boot: ## Label            Usage          Type ST Offset   Length[0m
[0;32mI (67) boot:  0 nvs              WiFi data        01 02 00009000 00006000[0m
[0;32mI (74) boot:  1 phy_init         RF data          01 01 0000f000 00001000[0m
[0;32mI (82) boot:  2 factory          factory app      00 00 00010000 00100000[0m
[0;32mI (89) boot: End of partition table[0m
[0;32mI (94) esp_image: segment 0: paddr=00010020 vaddr=3f400020 size=256fch (153340) map[0m
[0;32mI (155) esp_image: segment 1: paddr=00035724 vaddr=3ffbdb60 size=04954h ( 18772) load[0m
[0;32mI (162) esp_image: segment 2: paddr=0003a080 vaddr=40080000 size=05f98h ( 24472) load[0m
[0;32mI (172) esp_image: segment 3: paddr=00040020 vaddr=400d0020 size=8c188h (573832) map[0m
[0;32mI (368) esp_image: segment 4: paddr=000cc1b0 vaddr=40085f98 size=1311ch ( 78108) load[0m
[0;32mI (412) boot: Loaded app from partition at offset 0x10000[0m
[0;32mI (412) boot: Disabling RNG early entropy source...[0m
[0;32mI (423) cpu_start: Multicore app[0m
[0;32mI (432) cpu_start: Pro cpu start user code[0m
[0;32mI (432) cpu_start: cpu freq: 160000000 Hz[0m
[0;32mI (432) cpu_start: Application information:[0m
[0;32mI (435) cpu_start: Project name:     ils3000-arduino[0m
[0;32mI (441) cpu_start: App version:      7108813-dirty[0m
[0;32mI (447) cpu_start: Compile time:     Apr  8 2024 18:18:01[0m
[0;32mI (453) cpu_start: ELF file SHA256:  98965d957...[0m
[0;32mI (458) cpu_start: ESP-IDF:          v5.2[0m
[0;32mI (463) cpu_start: Min chip rev:     v0.0[0m
[0;32mI (467) cpu_start: Max chip rev:     v3.99 [0m
[0;32mI (472) cpu_start: Chip rev:         v1.0[0m
[0;32mI (477) heap_init: Initializing. RAM available for dynamic allocation:[0m
[0;32mI (484) heap_init: At 3FFAFF10 len 000000F0 (0 KiB): DRAM[0m
[0;32mI (490) heap_init: At 3FFB6388 len 00001C78 (7 KiB): DRAM[0m
[0;32mI (496) heap_init: At 3FFB9A20 len 00004108 (16 KiB): DRAM[0m
[0;32mI (502) heap_init: At 3FFC3E88 len 0001C178 (112 KiB): DRAM[0m
[0;32mI (509) heap_init: At 3FFE0440 len 00003AE0 (14 KiB): D/IRAM[0m
[0;32mI (515) heap_init: At 3FFE4350 len 0001BCB0 (111 KiB): D/IRAM[0m
[0;32mI (521) heap_init: At 400990B4 len 00006F4C (27 KiB): IRAM[0m
[0;32mI (529) spi_flash: detected chip: generic[0m
[0;32mI (532) spi_flash: flash io: dio[0m
[0;33mW (536) spi_flash: Detected size(4096k) larger than the size in the binary image header(2048k). Using the size in the binary image header.[0m
[0;32mI (550) coexist: coex firmware version: 77cd7f8[0m
[0;32mI (555) main_task: Started on CPU0[0m
[0;32mI (565) main_task: Calling app_main()[0m
[0;32mI (565) ils3000-arduino.main: **** ILS3000 ARDUINO CONTROLLER (0.1-beta)****[0m
[0;32mI (565) ils3000-arduino.main: Following GPIO ports will be used:[0m
[0;32mI (575) ils3000-arduino.main: GPIO_PORT_CHARGE_RELAY: 5[0m
[0;32mI (575) ils3000-arduino.main: GPIO_PORT_VENTILATOR_RELAY: 6[0m
[0;32mI (585) ils3000-arduino.main: GPIO_PORT_THERMOSTAT: 7[0m
[0;32mI (635) BTDM_INIT: BT controller compile version [a38dc5c][0m
[0;32mI (635) BTDM_INIT: Bluetooth MAC: b4:e6:2d:fa:bd:0f[0m
ESP_ERROR_CHECK failed: esp_err_t 0x103 (ESP_ERR_INVALID_STATE) at 0x400d7466
file: "./main/ils3000_main.c" line 85
func: setup_bluetooth
expression: esp_bt_controller_mem_release(ESP_BT_MODE_CLASSIC_BT)

abort() was called at PC 0x400915bf on core 0


Backtrace: 0x40081806:0x3ffbbaf0 0x400915c9:0x3ffbbb10 0x40097181:0x3ffbbb30 0x400915bf:0x3ffbbba0 0x400d7466:0x3ffbbbd0 0x400d7585:0x3ffbbc30 0x4015a237:0x3ffbbc50 0x40092071:0x3ffbbc80




ELF file SHA256: 98965d957

Rebooting...
ets Jun  8 2016 00:22:57

rst:0xc (SW_CPU_RESET),boot:0x13 (SPI_FAST_FLASH_BOOT)
configsip: 0, SPIWP:0xee
clk_drv:0x00,q_drv:0x00,d_drv:0x00,cs0_drv:0x00,hd_drv:0x00,wp_drv:0x00
mode:DIO, clock div:2
load:0x3fff0030,len:7172
load:0x40078000,len:15532
load:0x40080400,len:4
load:0x40080404,len:3904
entry 0x40080640
[0;32mI (29) boot: ESP-IDF v5.2 2nd stage bootloader[0m
[0;32mI (29) boot: compile time Apr  8 2024 18:18:03[0m
[0;32mI (29) boot: Multicore bootloader[0m
[0;32mI (33) boot: chip revision: v1.0[0m
[0;32mI (37) boot.esp32: SPI Speed      : 40MHz[0m
[0;32mI (42) boot.esp32: SPI Mode       : DIO[0m
[0;32mI (46) boot.esp32: SPI Flash Size : 2MB[0m
[0;32mI (51) boot: Enabling RNG early entropy source...[0m
[0;32mI (56) boot: Partition Table:[0m
[0;32mI (60) boot: ## Label            Usage          Type ST Offset   Length[0m
[0;32mI (67) boot:  0 nvs              WiFi data        01 02 00009000 00006000[0m
[0;32mI (74) boot:  1 phy_init         RF data          01 01 0000f000 00001000[0m
[0;32mI (82) boot:  2 factory          factory app      00 00 00010000 00100000[0m
[0;32mI (89) boot: End of partition table[0m
[0;32mI (94) esp_image: segment 0: paddr=00010020 vaddr=3f400020 size=256fch (153340) map[0m
[0;32mI (155) esp_image: segment 1: paddr=00035724 vaddr=3ffbdb60 size=04954h ( 18772) load[0m
[0;32mI (162) esp_image: segment 2: paddr=0003a080 vaddr=40080000 size=05f98h ( 24472) load[0m
[0;32mI (172) esp_image: segment 3: paddr=00040020 vaddr=400d0020 size=8c188h (573832) map[0m
[0;32mI (369) esp_image: segment 4: paddr=000cc1b0 vaddr=40085f98 size=1311ch ( 78108) load[0m
[0;32mI (412) boot: Loaded app from partition at offset 0x10000[0m
[0;32mI (412) boot: Disabling RNG early entropy source...[0m
[0;32mI (424) cpu_start: Multicore app[0m
[0;32mI (432) cpu_start: Pro cpu start user code[0m
[0;32mI (432) cpu_start: cpu freq: 160000000 Hz[0m
[0;32mI (432) cpu_start: Application information:[0m
[0;32mI (435) cpu_start: Project name:     ils3000-arduino[0m
[0;32mI (441) cpu_start: App version:      7108813-dirty[0m
[0;32mI (447) cpu_start: Compile time:     Apr  8 2024 18:18:01[0m
[0;32mI (453) cpu_start: ELF file SHA256:  98965d957...[0m
[0;32mI (458) cpu_start: ESP-IDF:          v5.2[0m
[0;32mI (463) cpu_start: Min chip rev:     v0.0[0m
[0;32mI (467) cpu_start: Max chip rev:     v3.99 [0m
[0;32mI (472) cpu_start: Chip rev:         v1.0[0m
[0;32mI (477) heap_init: Initializing. RAM available for dynamic allocation:[0m
[0;32mI (484) heap_init: At 3FFAFF10 len 000000F0 (0 KiB): DRAM[0m
[0;32mI (490) heap_init: At 3FFB6388 len 00001C78 (7 KiB): DRAM[0m
[0;32mI (496) heap_init: At 3FFB9A20 len 00004108 (16 KiB): DRAM[0m
[0;32mI (502) heap_init: At 3FFC3E88 len 0001C178 (112 KiB): DRAM[0m
[0;32mI (509) heap_init: At 3FFE0440 len 00003AE0 (14 KiB): D/IRAM[0m
[0;32mI (515) heap_init: At 3FFE4350 len 0001BCB0 (111 KiB): D/IRAM[0m
[0;32mI (521) heap_init: At 400990B4 len 00006F4C (27 KiB): IRAM[0m
[0;32mI (529) spi_flash: detected chip: generic[0m
[0;32mI (532) spi_flash: flash io: dio[0m
[0;33mW (536) spi_flash: Detected size(4096k) larger than the size in the binary image header(2048k). Using the size in the binary image header.[0m
[0;32mI (550) coexist: coex firmware version: 77cd7f8[0m
[0;32mI (555) main_task: Started on CPU0[0m
[0;32mI (565) main_task: Calling app_main()[0m
[0;32mI (565) ils3000-arduino.main: **** ILS3000 ARDUINO CONTROLLER (0.1-beta)****[0m
[0;32mI (565) ils3000-arduino.main: Following GPIO ports will be used:[0m
[0;32mI (575) ils3000-arduino.main: GPIO_PORT_CHARGE_RELAY: 5[0m
[0;32mI (575) ils3000-arduino.main: GPIO_PORT_VENTILATOR_RELAY: 6[0m
[0;32mI (585) ils3000-arduino.main: GPIO_PORT_THERMOSTAT: 7[0m
[0;32mI (635) BTDM_INIT: BT controller compile version [a38dc5c][0m
[0;32mI (635) BTDM_INIT: Bluetooth MAC: b4:e6:2d:fa:bd:0f[0m
ESP_ERROR_CHECK failed: esp_err_t 0x103 (ESP_ERR_INVALID_STATE) at 0x400d7466
file: "./main/ils3000_main.c" line 85
func: setup_bluetooth
expression: esp_bt_controller_mem_release(ESP_BT_MODE_CLASSIC_BT)

abort() was called at PC 0x400915bf on core 0


Backtrace: 0x40081806:0x3ffbbaf0 0x400915c9:0x3ffbbb10 0x40097181:0x3ffbbb30 0x400915bf:0x3ffbbba0 0x400d7466:0x3ffbbbd0 0x400d7585:0x3ffbbc30 0x4015a237:0x3ffbbc50 0x40092071:0x3ffbbc80




ELF file SHA256: 98965d957

Rebooting...
ets Jun  8 2016 00:22:57

rst:0xc (SW_CPU_RESET),boot:0x13 (SPI_FAST_FLASH_BOOT)
configsip: 0, SPIWP:0xee
clk_drv:0x00,q_drv:0x00,d_drv:0x00,cs0_drv:0x00,hd_drv:0x00,wp_drv:0x00
mode:DIO, clock div:2
load:0x3fff0030,len:7172
load:0x40078000,len:15532
load:0x40080400,len:4
load:0x40080404,len:3904
entry 0x40080640
[0;32mI (29) boot: ESP-IDF v5.2 2nd stage bootloader[0m
[0;32mI (29) boot: compile time Apr  8 2024 18:18:03[0m
[0;32mI (29) boot: Multicore bootloader[0m
[0;32mI (33) boot: chip revision: v1.0[0m
[0;32mI (37) boot.esp32: SPI Speed      : 40MHz[0m
[0;32mI (42) boot.esp32: SPI Mode       : DIO[0m
[0;32mI (46) boot.esp32: SPI Flash Size : 2MB[0m
[0;32mI (51) boot: Enabling RNG early entropy source...[0m
[0;32mI (56) boot: Partition Table:[0m
[0;32mI (60) boot: ## Label            Usage          Type ST Offset   Length[0m
[0;32mI (67) boot:  0 nvs              WiFi data        01 02 00009000 00006000[0m
[0;32mI (74) boot:  1 phy_init         RF data          01 01 0000f000 00001000[0m
[0;32mI (82) boot:  2 factory          factory app      00 00 00010000 00100000[0m
[0;32mI (89) boot: End of partition table[0m
[0;32mI (94) esp_image: segment 0: paddr=00010020 vaddr=3f400020 size=256fch (153340) map[0m
[0;32mI (155) esp_image: segment 1: paddr=00035724 vaddr=3ffbdb60 size=04954h ( 18772) load[0m
[0;32mI (162) esp_image: segment 2: paddr=0003a080 vaddr=40080000 size=05f98h ( 24472) load[0m
[0;32mI (172) esp_image: segment 3: paddr=00040020 vaddr=400d0020 size=8c188h (573832) map[0m
[0;32mI (368) esp_image: segment 4: paddr=000cc1b0 vaddr=40085f98 size=1311ch ( 78108) load[0m
[0;32mI (412) boot: Loaded app from partition at offset 0x10000[0m
[0;32mI (412) boot: Disabling RNG early entropy source...[0m
[0;32mI (423) cpu_start: Multicore app[0m
[0;32mI (432) cpu_start: Pro cpu start user code[0m
[0;32mI (432) cpu_start: cpu freq: 160000000 Hz[0m
[0;32mI (432) cpu_start: Application information:[0m
[0;32mI (435) cpu_start: Project name:     ils3000-arduino[0m
[0;32mI (441) cpu_start: App version:      7108813-dirty[0m
[0;32mI (447) cpu_start: Compile time:     Apr  8 2024 18:18:01[0m
[0;32mI (453) cpu_start: ELF file SHA256:  98965d957...[0m
[0;32mI (458) cpu_start: ESP-IDF:          v5.2[0m
[0;32mI (463) cpu_start: Min chip rev:     v0.0[0m
[0;32mI (467) cpu_start: Max chip rev:     v3.99 [0m
[0;32mI (472) cpu_start: Chip rev:         v1.0[0m
[0;32mI (477) heap_init: Initializing. RAM available for dynamic allocation:[0m
[0;32mI (484) heap_init: At 3FFAFF10 len 000000F0 (0 KiB): DRAM[0m
[0;32mI (490) heap_init: At 3FFB6388 len 00001C78 (7 KiB): DRAM[0m
[0;32mI (496) heap_init: At 3FFB9A20 len 00004108 (16 KiB): DRAM[0m
[0;32mI (502) heap_init: At 3FFC3E88 len 0001C178 (112 KiB): DRAM[0m
[0;32mI (509) heap_init: At 3FFE0440 len 00003AE0 (14 KiB): D/IRAM[0m
[0;32mI (515) heap_init: At 3FFE4350 len 0001BCB0 (111 KiB): D/IRAM[0m
[0;32mI (521) heap_init: At 400990B4 len 00006F4C (27 KiB): IRAM[0m
[0;32mI (529) spi_flash: detected chip: generic[0m
[0;32mI (532) spi_flash: flash io: dio[0m
[0;33mW (536) spi_flash: Detected size(4096k) larger than the size in the binary image header(2048k). Using the size in the binary image header.[0m
[0;32mI (550) coexist: coex firmware version: 77cd7f8[0m
[0;32mI (555) main_task: Started on CPU0[0m
[0;32mI (565) main_task: Calling app_main()[0m
[0;32mI (565) ils3000-arduino.main: **** ILS3000 ARDUINO CONTROLLER (0.1-beta)****[0m
[0;32mI (565) ils3000-arduino.main: Following GPIO ports will be used:[0m
[0;32mI (575) ils3000-arduino.main: GPIO_PORT_CHARGE_RELAY: 5[0m
[0;32mI (575) ils3000-arduino.main: GPIO_PORT_VENTILATOR_RELAY: 6[0m
[0;32mI (585) ils3000-arduino.main: GPIO_PORT_THERMOSTAT: 7[0m
[0;32mI (635) BTDM_INIT: BT controller compile version [a38dc5c][0m
[0;32mI (635) BTDM_INIT: Bluetooth MAC: b4:e6:2d:fa:bd:0f[0m
ESP_ERROR_CHECK failed: esp_err_t 0x103 (ESP_ERR_INVALID_STATE) at 0x400d7466
file: "./main/ils3000_main.c" line 85
func: setup_bluetooth
expression: esp_bt_controller_mem_release(ESP_BT_MODE_CLASSIC_BT)

abort() was called at PC 0x400915bf on core 0


Backtrace: 0x40081806:0x3ffbbaf0 0x400915c9:0x3ffbbb10 0x40097181:0x3ffbbb30 0x400915bf:0x3ffbbba0 0x400d7466:0x3ffbbbd0 0x400d7585:0x3ffbbc30 0x4015a237:0x3ffbbc50 0x40092071:0x3ffbbc80




ELF file SHA256: 98965d957

Rebooting...
ets Jun  8 2016 00:22:57

rst:0xc (SW_CPU_RESET),boot:0x13 (SPI_FAST_FLASH_BOOT)
configsip: 0, SPIWP:0xee
clk_drv:0x00,q_drv:0x00,d_drv:0x00,cs0_drv:0x00,hd_drv:0x00,wp_drv:0x00
mode:DIO, clock div:2
load:0x3fff0030,len:7172
load:0x40078000,len:15532
load:0x40080400,len:4
load:0x40080404,len:3904
entry 0x40080640
[0;32mI (29) boot: ESP-IDF v5.2 2nd stage bootloader[0m
[0;32mI (29) boot: compile time Apr  8 2024 18:18:03[0m
[0;32mI (29) boot: Multicore bootloader[0m
[0;32mI (33) boot: chip revision: v1.0[0m
[0;32mI (37) boot.esp32: SPI Speed      : 40MHz[0m
[0;32mI (42) boot.esp32: SPI Mode       : DIO[0m
[0;32mI (46) boot.esp32: SPI Flash Size : 2MB[0m
[0;32mI (51) boot: Enabling RNG early entropy source...[0m
[0;32mI (56) boot: Partition Table:[0m
[0;32mI (60) boot: ## Label            Usage          Type ST Offset   Length[0m
[0;32mI (67) boot:  0 nvs              WiFi data        01 02 00009000 00006000[0m
[0;32mI (74) boot:  1 phy_init         RF data          01 01 0000f000 00001000[0m
[0;32mI (82) boot:  2 factory          factory app      00 00 00010000 00100000[0m
[0;32mI (89) boot: End of partition table[0m
[0;32mI (94) esp_image: segment 0: paddr=00010020 vaddr=3f400020 size=256fch (153340) map[0m
[0;32mI (155) esp_image: segment 1: paddr=00035724 vaddr=3ffbdb60 size=04954h ( 18772) load[0m
[0;32mI (162) esp_image: segment 2: paddr=0003a080 vaddr=40080000 size=05f98h ( 24472) load[0m
[0;32mI (172) esp_image: segment 3: paddr=00040020 vaddr=400d0020 size=8c188h (573832) map[0m
[0;32mI (368) esp_image: segment 4: paddr=000cc1b0 vaddr=40085f98 size=1311ch ( 78108) load[0m
[0;32mI (412) boot: Loaded app from partition at offset 0x10000[0m
[0;32mI (412) boot: Disabling RNG early entropy source...[0m
[0;32mI (423) cpu_start: Multicore app[0m
[0;32mI (432) cpu_start: Pro cpu start user code[0m
[0;32mI (432) cpu_start: cpu freq: 160000000 Hz[0m
[0;32mI (432) cpu_start: Application information:[0m
[0;32mI (435) cpu_start: Project name:     ils3000-arduino[0m
[0;32mI (441) cpu_start: App version:      7108813-dirty[0m
[0;32mI (447) cpu_start: Compile time:     Apr  8 2024 18:18:01[0m
[0;32mI (453) cpu_start: ELF file SHA256:  98965d957...[0m
[0;32mI (458) cpu_start: ESP-IDF:          v5.2[0m
[0;32mI (463) cpu_start: Min chip rev:     v0.0[0m
[0;32mI (467) cpu_start: Max chip rev:     v3.99 [0m
[0;32mI (472) cpu_start: Chip rev:         v1.0[0m
[0;32mI (477) heap_init: Initializing. RAM available for dynamic allocation:[0m
[0;32mI (484) heap_init: At 3FFAFF10 len 000000F0 (0 KiB): DRAM[0m
[0;32mI (490) heap_init: At 3FFB6388 len 00001C78 (7 KiB): DRAM[0m
[0;32mI (496) heap_init: At 3FFB9A20 len 00004108 (16 KiB): DRAM[0m
[0;32mI (502) heap_init: At 3FFC3E88 len 0001C178 (112 KiB): DRAM[0m
[0;32mI (509) heap_init: At 3FFE0440 len 00003AE0 (14 KiB): D/IRAM[0m
[0;32mI (515) heap_init: At 3FFE4350 len 0001BCB0 (111 KiB): D/IRAM[0m
[0;32mI (521) heap_init: At 400990B4 len 00006F4C (27 KiB): IRAM[0m
[0;32mI (529) spi_flash: detected chip: generic[0m
[0;32mI (532) spi_flash: flash io: dio[0m
[0;33mW (536) spi_flash: Detected size(4096k) larger than the size in the binary image header(2048k). Using the size in the binary image header.[0m
[0;32mI (550) coexist: coex firmware version: 77cd7f8[0m
[0;32mI (555) main_task: Started on CPU0[0m
[0;32mI (565) main_task: Calling app_main()[0m
[0;32mI (565) ils3000-arduino.main: **** ILS3000 ARDUINO CONTROLLER (0.1-beta)****[0m
[0;32mI (565) ils3000-arduino.main: Following GPIO ports will be used:[0m
[0;32mI (575) ils3000-arduino.main: GPIO_PORT_CHARGE_RELAY: 5[0m
[0;32mI (575) ils3000-arduino.main: GPIO_PORT_VENTILATOR_RELAY: 6[0m
[0;32mI (585) ils3000-arduino.main: GPIO_PORT_THERMOSTAT: 7[0m
[0;32mI (635) BTDM_INIT: BT controller compile version [a38dc5c][0m
[0;32mI (635) BTDM_INIT: Bluetooth MAC: b4:e6:2d:fa:bd:0f[0m
ESP_ERROR_CHECK failed: esp_err_t 0x103 (ESP_ERR_INVALID_STATE) at 0x400d7466
file: "./main/ils3000_main.c" line 85
func: setup_bluetooth
expression: esp_bt_controller_mem_release(ESP_BT_MODE_CLASSIC_BT)

abort() was called at PC 0x400915bf on core 0


Backtrace: 0x40081806:0x3ffbbaf0 0x400915c9:0x3ffbbb10 0x40097181:0x3ffbbb30 0x400915bf:0x3ffbbba0 0x400d7466:0x3ffbbbd0 0x400d7585:0x3ffbbc30 0x4015a237:0x3ffbbc50 0x40092071:0x3ffbbc80




ELF file SHA256: 98965d957

Rebooting...
ets Jun  8 2016 00:22:57

rst:0xc (SW_CPU_RESET),boot:0x13 (SPI_FAST_FLASH_BOOT)
configsip: 0, SPIWP:0xee
clk_drv:0x00,q_drv:0x00,d_drv:0x00,cs0_drv:0x00,hd_drv:0x00,wp_drv:0x00
mode:DIO, clock div:2
load:0x3fff0030,len:7172
load:0x40078000,len:15532
load:0x40080400,len:4
load:0x40080404,len:3904
entry 0x40080640
[0;32mI (29) boot: ESP-IDF v5.2 2nd stage bootloader[0m
[0;32mI (29) boot: compile time Apr  8 2024 18:18:03[0m
[0;32mI (29) boot: Multicore bootloader[0m
[0;32mI (33) boot: chip revision: v1.0[0m
[0;32mI (37) boot.esp32: SPI Speed      : 40MHz[0m
[0;32mI (42) boot.esp32: SPI Mode       : DIO[0m
[0;32mI (46) boot.esp32: SPI Flash Size : 2MB[0m
[0;32mI (51) boot: Enabling RNG early entropy source...[0m
[0;32mI (56) boot: Partition Table:[0m
[0;32mI (60) boot: ## Label            Usage          Type ST Offset   Length[0m
[0;32mI (67) boot:  0 nvs              WiFi data        01 02 00009000 00006000[0m
[0;32mI (74) boot:  1 phy_init         RF data          01 01 0000f000 00001000[0m
[0;32mI (82) boot:  2 factory          factory app      00 00 00010000 00100000[0m
[0;32mI (89) boot: End of partition table[0m
[0;32mI (94) esp_image: segment 0: paddr=00010020 vaddr=3f400020 size=256fch (153340) map[0m
[0;32mI (155) esp_image: segment 1: paddr=00035724 vaddr=3ffbdb60 size=04954h ( 18772) load[0m
[0;32mI (162) esp_image: segment 2: paddr=0003a080 vaddr=40080000 size=05f98h ( 24472) load[0m
[0;32mI (172) esp_image: segment 3: paddr=00040020 vaddr=400d0020 size=8c188h (573832) map[0m
[0;32mI (369) esp_image: segment 4: paddr=000cc1b0 vaddr=40085f98 size=1311ch ( 78108) load[0m
[0;32mI (412) boot: Loaded app from partition at offset 0x10000[0m
[0;32mI (412) boot: Disabling RNG early entropy source...[0m
[0;32mI (424) cpu_start: Multicore app[0m
[0;32mI (432) cpu_start: Pro cpu start user code[0m
[0;32mI (432) cpu_start: cpu freq: 160000000 Hz[0m
[0;32mI (432) cpu_start: Application information:[0m
[0;32mI (435) cpu_start: Project name:     ils3000-arduino[0m
[0;32mI (441) cpu_start: App version:      7108813-dirty[0m
[0;32mI (447) cpu_start: Compile time:     Apr  8 2024 18:18:01[0m
[0;32mI (453) cpu_start: ELF file SHA256:  98965d957...[0m
[0;32mI (458) cpu_start: ESP-IDF:          v5.2[0m
[0;32mI (463) cpu_start: Min chip rev:     v0.0[0m
[0;32mI (467) cpu_start: Max chip rev:     v3.99 [0m
[0;32mI (472) cpu_start: Chip rev:         v1.0[0m
[0;32mI (477) heap_init: Initializing. RAM available for dynamic allocation:[0m
[0;32mI (484) heap_init: At 3FFAFF10 len 000000F0 (0 KiB): DRAM[0m
[0;32mI (490) heap_init: At 3FFB6388 len 00001C78 (7 KiB): DRAM[0m
[0;32mI (496) heap_init: At 3FFB9A20 len 00004108 (16 KiB): DRAM[0m
[0;32mI (502) heap_init: At 3FFC3E88 len 0001C178 (112 KiB): DRAM[0m
[0;32mI (509) heap_init: At 3FFE0440 len 00003AE0 (14 KiB): D/IRAM[0m
[0;32mI (515) heap_init: At 3FFE4350 len 0001BCB0 (111 KiB): D/IRAM[0m
[0;32mI (521) heap_init: At 400990B4 len 00006F4C (27 KiB): IRAM[0m
[0;32mI (529) spi_flash: detected chip: generic[0m
[0;32mI (532) spi_flash: flash io: dio[0m
[0;33mW (536) spi_flash: Detected size(4096k) larger than the size in the binary image header(2048k). Using the size in the binary image header.[0m
[0;32mI (550) coexist: coex firmware version: 77cd7f8[0m
[0;32mI (555) main_task: Started on CPU0[0m
[0;32mI (565) main_task: Calling app_main()[0m
[0;32mI (565) ils3000-arduino.main: **** ILS3000 ARDUINO CONTROLLER (0.1-beta)****[0m
[0;32mI (565) ils3000-arduino.main: Following GPIO ports will be used:[0m
[0;32mI (575) ils3000-arduino.main: GPIO_PORT_CHARGE_RELAY: 5[0m
[0;32mI (575) ils3000-arduino.main: GPIO_PORT_VENTILATOR_RELAY: 6[0m
[0;32mI (585) ils3000-arduino.main: GPIO_PORT_THERMOSTAT: 7[0m
[0;32mI (635) BTDM_INIT: BT controller compile version [a38dc5c][0m
[0;32mI (635) BTDM_INIT: Bluetooth MAC: b4:e6:2d:fa:bd:0f[0m
ESP_ERROR_CHECK failed: esp_err_t 0x103 (ESP_ERR_INVALID_STATE) at 0x400d7466
file: "./main/ils3000_main.c" line 85
func: setup_bluetooth
expression: esp_bt_controller_mem_release(ESP_BT_MODE_CLASSIC_BT)

abort() was called at PC 0x400915bf on core 0


Backtrace: 0x40081806:0x3ffbbaf0 0x400915c9:0x3ffbbb10 0x40097181:0x3ffbbb30 0x400915bf:0x3ffbbba0 0x400d7466:0x3ffbbbd0 0x400d7585:0x3ffbbc30 0x4015a237:0x3ffbbc50 0x40092071:0x3ffbbc80




ELF file SHA256: 98965d957

Rebooting...
ets Jun  8 2016 00:22:57

rst:0xc (SW_CPU_RESET),boot:0x13 (SPI_FAST_FLASH_BOOT)
configsip: 0, SPIWP:0xee
clk_drv:0x00,q_drv:0x00,d_drv:0x00,cs0_drv:0x00,hd_drv:0x00,wp_drv:0x00
mode:DIO, clock div:2
load:0x3fff0030,len:7172
load:0x40078000,len:15532
load:0x40080400,len:4
load:0x40080404,len:3904
entry 0x40080640
[0;32mI (29) boot: ESP-IDF v5.2 2nd stage bootloader[0m
[0;32mI (29) boot: compile time Apr  8 2024 18:18:03[0m
[0;32mI (29) boot: Multicore bootloader[0m
[0;32mI (33) boot: chip revision: v1.0[0m
[0;32mI (37) boot.esp32: SPI Speed      : 40MHz[0m
[0;32mI (42) boot.esp32: SPI Mode       : DIO[0m
[0;32mI (46) boot.esp32: SPI Flash Size : 2MB[0m
[0;32mI (51) boot: Enabling RNG early entropy source...[0m
[0;32mI (56) boot: Partition Table:[0m
[0;32mI (60) boot: ## Label            Usage          Type ST Offset   Length[0m
[0;32mI (67) boot:  0 nvs              WiFi data        01 02 00009000 00006000[0m
[0;32mI (74) boot:  1 phy_init         RF data          01 01 0000f000 00001000[0m
[0;32mI (82) boot:  2 factory          factory app      00 00 00010000 00100000[0m
[0;32mI (89) boot: End of partition table[0m
[0;32mI (94) esp_image: segment 0: paddr=00010020 vaddr=3f400020 size=256fch (153340) map[0m
[0;32mI (155) esp_image: segment 1: paddr=00035724 vaddr=3ffbdb60 size=04954h ( 18772) load[0m
[0;32mI (162) esp_image: segment 2: paddr=0003a080 vaddr=40080000 size=05f98h ( 24472) load[0m
[0;32mI (172) esp_image: segment 3: paddr=00040020 vaddr=400d0020 size=8c188h (573832) map[0m
[0;32mI (369) esp_image: segment 4: paddr=000cc1b0 vaddr=40085f98 size=1311ch ( 78108) load[0m
[0;32mI (412) boot: Loaded app from partition at offset 0x10000[0m
[0;32mI (412) boot: Disabling RNG early entropy source...[0m
[0;32mI (423) cpu_start: Multicore app[0m
[0;32mI (432) cpu_start: Pro cpu start user code[0m
[0;32mI (432) cpu_start: cpu freq: 160000000 Hz[0m
[0;32mI (432) cpu_start: Application information:[0m
[0;32mI (435) cpu_start: Project name:     ils3000-arduino[0m
[0;32mI (441) cpu_start: App version:      7108813-dirty[0m
[0;32mI (447) cpu_start: Compile time:     Apr  8 2024 18:18:01[0m
[0;32mI (453) cpu_start: ELF file SHA256:  98965d957...[0m
[0;32mI (458) cpu_start: ESP-IDF:          v5.2[0m
[0;32mI (463) cpu_start: Min chip rev:     v0.0[0m
[0;32mI (467) cpu_start: Max chip rev:     v3.99 [0m
[0;32mI (472) cpu_start: Chip rev:         v1.0[0m
[0;32mI (477) heap_init: Initializing. RAM available for dynamic allocation:[0m
[0;32mI (484) heap_init: At 3FFAFF10 len 000000F0 (0 KiB): DRAM[0m
[0;32mI (490) heap_init: At 3FFB6388 len 00001C78 (7 KiB): DRAM[0m
[0;32mI (496) heap_init: At 3FFB9A20 len 00004108 (16 KiB): DRAM[0m
[0;32mI (502) heap_init: At 3FFC3E88 len 0001C178 (112 KiB): DRAM[0m
[0;32mI (509) heap_init: At 3FFE0440 len 00003AE0 (14 KiB): D/IRAM[0m
[0;32mI (515) heap_init: At 3FFE4350 len 0001BCB0 (111 KiB): D/IRAM[0m
[0;32mI (521) heap_init: At 400990B4 len 00006F4C (27 KiB): IRAM[0m
[0;32mI (529) spi_flash: detected chip: generic[0m
[0;32mI (532) spi_flash: flash io: dio[0m
[0;33mW (536) spi_flash: Detected size(4096k) larger than the size in the binary image header(2048k). Using the size in the binary image header.[0m
[0;32mI (550) coexist: coex firmware version: 77cd7f8[0m
[0;32mI (555) main_task: Started on CPU0[0m
[0;32mI (565) main_task: Calling app_main()[0m
[0;32mI (565) ils3000-arduino.main: **** ILS3000 ARDUINO CONTROLLER (0.1-beta)****[0m
[0;32mI (565) ils3000-arduino.main: Following GPIO ports will be used:[0m
[0;32mI (575) ils3000-arduino.main: GPIO_PORT_CHARGE_RELAY: 5[0m
[0;32mI (575) ils3000-arduino.main: GPIO_PORT_VENTILATOR_RELAY: 6[0m
[0;32mI (585) ils3000-arduino.main: GPIO_PORT_THERMOSTAT: 7[0m
[0;32mI (635) BTDM_INIT: BT controller compile version [a38dc5c][0m
[0;32mI (635) BTDM_INIT: Bluetooth MAC: b4:e6:2d:fa:bd:0f[0m
ESP_ERROR_CHECK failed: esp_err_t 0x103 (ESP_ERR_INVALID_STATE) at 0x400d7466
file: "./main/ils3000_main.c" line 85
func: setup_bluetooth
expression: esp_bt_controller_mem_release(ESP_BT_MODE_CLASSIC_BT)

abort() was called at PC 0x400915bf on core 0


Backtrace: 0x40081806:0x3ffbbaf0 0x400915c9:0x3ffbbb10 0x40097181:0x3ffbbb30 0x400915bf:0x3ffbbba0 0x400d7466:0x3ffbbbd0 0x400d7585:0x3ffbbc30 0x4015a237:0x3ffbbc50 0x40092071:0x3ffbbc80




ELF file SHA256: 98965d957

Rebooting...
ets Jun  8 2016 00:22:57

rst:0xc (SW_CPU_RESET),boot:0x13 (SPI_FAST_FLASH_BOOT)
configsip: 0, SPIWP:0xee
clk_drv:0x00,q_drv:0x00,d_drv:0x00,cs0_drv:0x00,hd_drv:0x00,wp_drv:0x00
mode:DIO, clock div:2
load:0x3fff0030,len:7172
load:0x40078000,len:15532
load:0x40080400,len:4
load:0x40080404,len:3904
entry 0x40080640
[0;32mI (29) boot: ESP-IDF v5.2 2nd stage bootloader[0m
[0;32mI (29) boot: compile time Apr  8 2024 18:18:03[0m
[0;32mI (29) boot: Multicore bootloader[0m
[0;32mI (33) boot: chip revision: v1.0[0m
[0;32mI (37) boot.esp32: SPI Speed      : 40MHz[0m
[0;32mI (42) boot.esp32: SPI Mode       : DIO[0m
[0;32mI (46) boot.esp32: SPI Flash Size : 2MB[0m
[0;32mI (51) boot: Enabling RNG early entropy source...[0m
[0;32mI (56) boot: Partition Table:[0m
[0;32mI (60) boot: ## Label            Usage          Type ST Offset   Length[0m
[0;32mI (67) boot:  0 nvs              WiFi data        01 02 00009000 00006000[0m
[0;32mI (74) boot:  1 phy_init         RF data          01 01 0000f000 00001000[0m
[0;32mI (82) boot:  2 factory          factory app      00 00 00010000 00100000[0m
[0;32mI (89) boot: End of partition table[0m
[0;32mI (94) esp_image: segment 0: paddr=00010020 vaddr=3f400020 size=256fch (153340) map[0m
[0;32mI (155) esp_image: segment 1: paddr=00035724 vaddr=3ffbdb60 size=04954h ( 18772) load[0m
[0;32mI (162) esp_image: segment 2: paddr=0003a080 vaddr=40080000 size=05f98h ( 24472) load[0m
[0;32mI (172) esp_image: segment 3: paddr=00040020 vaddr=400d0020 size=8c188h (573832) map[0m
[0;32mI (368) esp_image: segment 4: paddr=000cc1b0 vaddr=40085f98 size=1311ch ( 78108) load[0m
[0;32mI (412) boot: Loaded app from partition at offset 0x10000[0m
[0;32mI (412) boot: Disabling RNG early entropy source...[0m
[0;32mI (423) cpu_start: Multicore app[0m
[0;32mI (432) cpu_start: Pro cpu start user code[0m
[0;32mI (432) cpu_start: cpu freq: 160000000 Hz[0m
[0;32mI (432) cpu_start: Application information:[0m
[0;32mI (435) cpu_start: Project name:     ils3000-arduino[0m
[0;32mI (441) cpu_start: App version:      7108813-dirty[0m
[0;32mI (447) cpu_start: Compile time:     Apr  8 2024 18:18:01[0m
[0;32mI (453) cpu_start: ELF file SHA256:  98965d957...[0m
[0;32mI (458) cpu_start: ESP-IDF:          v5.2[0m
[0;32mI (463) cpu_start: Min chip rev:     v0.0[0m
[0;32mI (467) cpu_start: Max chip rev:     v3.99 [0m
[0;32mI (472) cpu_start: Chip rev:         v1.0[0m
[0;32mI (477) heap_init: Initializing. RAM available for dynamic allocation:[0m
[0;32mI (484) heap_init: At 3FFAFF10 len 000000F0 (0 KiB): DRAM[0m
[0;32mI (490) heap_init: At 3FFB6388 len 00001C78 (7 KiB): DRAM[0m
[0;32mI (496) heap_init: At 3FFB9A20 len 00004108 (16 KiB): DRAM[0m
[0;32mI (502) heap_init: At 3FFC3E88 len 0001C178 (112 KiB): DRAM[0m
[0;32mI (509) heap_init: At 3FFE0440 len 00003AE0 (14 KiB): D/IRAM[0m
[0;32mI (515) heap_init: At 3FFE4350 len 0001BCB0 (111 KiB): D/IRAM[0m
[0;32mI (521) heap_init: At 400990B4 len 00006F4C (27 KiB): IRAM[0m
[0;32mI (529) spi_flash: detected chip: generic[0m
[0;32mI (532) spi_flash: flash io: dio[0m
[0;33mW (536) spi_flash: Detected size(4096k) larger than the size in the binary image header(2048k). Using the size in the binary image header.[0m
[0;32mI (550) coexist: coex firmware version: 77cd7f8[0m
[0;32mI (555) main_task: Started on CPU0[0m
[0;32mI (565) main_task: Calling app_main()[0m
[0;32mI (565) ils3000-arduino.main: **** ILS3000 ARDUINO CONTROLLER (0.1-beta)****[0m
[0;32mI (565) ils3000-arduino.main: Following GPIO ports will be used:[0m
[0;32mI (575) ils3000-arduino.main: GPIO_PORT_CHARGE_RELAY: 5[0m
[0;32mI (575) ils3000-arduino.main: GPIO_PORT_VENTILATOR_RELAY: 6[0m
[0;32mI (585) ils3000-arduino.main: GPIO_PORT_THERMOSTAT: 7[0m
[0;32mI (635) BTDM_INIT: BT controller compile version [a38dc5c][0m
[0;32mI (635) BTDM_INIT: Bluetooth MAC: b4:e6:2d:fa:bd:0f[0m
ESP_ERROR_CHECK failed: esp_err_t 0x103 (ESP_ERR_INVALID_STATE) at 0x400d7466
file: "./main/ils3000_main.c" line 85
func: setup_bluetooth
expression: esp_bt_controller_mem_release(ESP_BT_MODE_CLASSIC_BT)

abort() was called at PC 0x400915bf on core 0


Backtrace: 0x40081806:0x3ffbbaf0 0x400915c9:0x3ffbbb10 0x40097181:0x3ffbbb30 0x400915bf:0x3ffbbba0 0x400d7466:0x3ffbbbd0 0x400d7585:0x3ffbbc30 0x4015a237:0x3ffbbc50 0x40092071:0x3ffbbc80




ELF file SHA256: 98965d957

Rebooting...
ets Jun  8 2016 00:22:57

rst:0xc (SW_CPU_RESET),boot:0x13 (SPI_FAST_FLASH_BOOT)
configsip: 0, SPIWP:0xee
clk_drv:0x00,q_drv:0x00,d_drv:0x00,cs0_drv:0x00,hd_drv:0x00,wp_drv:0x00
mode:DIO, clock div:2
load:0x3fff0030,len:7172
load:0x40078000,len:15532
load:0x40080400,len:4
load:0x40080404,len:3904
entry 0x40080640
[0;32mI (29) boot: ESP-IDF v5.2 2nd stage bootloader[0m
[0;32mI (29) boot: compile time Apr  8 2024 18:18:03[0m
[0;32mI (29) boot: Multicore bootloader[0m
[0;32mI (33) boot: chip revision: v1.0[0m
[0;32mI (37) boot.esp32: SPI Speed      : 40MHz[0m
[0;32mI (42) boot.esp32: SPI Mode       : DIO[0m
[0;32mI (46) boot.esp32: SPI Flash Size : 2MB[0m
[0;32mI (51) boot: Enabling RNG early entropy source...[0m
[0;32mI (56) boot: Partition Table:[0m
[0;32mI (60) boot: ## Label            Usage          Type ST Offset   Length[0m
[0;32mI (67) boot:  0 nvs              WiFi data        01 02 00009000 00006000[0m
[0;32mI (74) boot:  1 phy_init         RF data          01 01 0000f000 00001000[0m
[0;32mI (82) boot:  2 factory          factory app      00 00 00010000 00100000[0m
[0;32mI (89) boot: End of partition table[0m
[0;32mI (94) esp_image: segment 0: paddr=00010020 vaddr=3f400020 size=256fch (153340) map[0m
[0;32mI (155) esp_image: segment 1: paddr=00035724 vaddr=3ffbdb60 size=04954h ( 18772) load[0m
[0;32mI (162) esp_image: segment 2: paddr=0003a080 vaddr=40080000 size=05f98h ( 24472) load[0m
[0;32mI (172) esp_image: segment 3: paddr=00040020 vaddr=400d0020 size=8c188h (573832) map[0m
[0;32mI (368) esp_image: segment 4: paddr=000cc1b0 vaddr=40085f98 size=1311ch ( 78108) load[0m
[0;32mI (412) boot: Loaded app from partition at offset 0x10000[0m
[0;32mI (412) boot: Disabling RNG early entropy source...[0m
[0;32mI (423) cpu_start: Multicore app[0m
[0;32mI (432) cpu_start: Pro cpu start user code[0m
[0;32mI (432) cpu_start: cpu freq: 160000000 Hz[0m
[0;32mI (432) cpu_start: Application information:[0m
[0;32mI (435) cpu_start: Project name:     ils3000-arduino[0m
[0;32mI (441) cpu_start: App version:      7108813-dirty[0m
[0;32mI (447) cpu_start: Compile time:     Apr  8 2024 18:18:01[0m
[0;32mI (453) cpu_start: ELF file SHA256:  98965d957...[0m
[0;32mI (458) cpu_start: ESP-IDF:          v5.2[0m
[0;32mI (463) cpu_start: Min chip rev:     v0.0[0m
[0;32mI (467) cpu_start: Max chip rev:     v3.99 [0m
[0;32mI (472) cpu_start: Chip rev:         v1.0[0m
[0;32mI (477) heap_init: Initializing. RAM available for dynamic allocation:[0m
[0;32mI (484) heap_init: At 3FFAFF10 len 000000F0 (0 KiB): DRAM[0m
[0;32mI (490) heap_init: At 3FFB6388 len 00001C78 (7 KiB): DRAM[0m
[0;32mI (496) heap_init: At 3FFB9A20 len 00004108 (16 KiB): DRAM[0m
[0;32mI (502) heap_init: At 3FFC3E88 len 0001C178 (112 KiB): DRAM[0m
[0;32mI (509) heap_init: At 3FFE0440 len 00003AE0 (14 KiB): D/IRAM[0m
[0;32mI (515) heap_init: At 3FFE4350 len 0001BCB0 (111 KiB): D/IRAM[0m
[0;32mI (521) heap_init: At 400990B4 len 00006F4C (27 KiB): IRAM[0m
[0;32mI (529) spi_flash: detected chip: generic[0m
[0;32mI (532) spi_flash: flash io: dio[0m
[0;33mW (536) spi_flash: Detected size(4096k) larger than the size in the binary image header(2048k). Using the size in the binary image header.[0m
[0;32mI (550) coexist: coex firmware version: 77cd7f8[0m
[0;32mI (555) main_task: Started on CPU0[0m
[0;32mI (565) main_task: Calling app_main()[0m
[0;32mI (565) ils3000-arduino.main: **** ILS3000 ARDUINO CONTROLLER (0.1-beta)****[0m
[0;32mI (565) ils3000-arduino.main: Following GPIO ports will be used:[0m
[0;32mI (575) ils3000-arduino.main: GPIO_PORT_CHARGE_RELAY: 5[0m
[0;32mI (575) ils3000-arduino.main: GPIO_PORT_VENTILATOR_RELAY: 6[0m
[0;32mI (585) ils3000-arduino.main: GPIO_PORT_THERMOSTAT: 7[0m
[0;32mI (635) BTDM_INIT: BT controller compile version [a38dc5c][0m
[0;32mI (635) BTDM_INIT: Bluetooth MAC: b4:e6:2d:fa:bd:0f[0m
ESP_ERROR_CHECK failed: esp_err_t 0x103 (ESP_ERR_INVALID_STATE) at 0x400d7466
file: "./main/ils3000_main.c" line 85
func: setup_bluetooth
expression: esp_bt_controller_mem_release(ESP_BT_MODE_CLASSIC_BT)

abort() was called at PC 0x400915bf on core 0


Backtrace: 0x40081806:0x3ffbbaf0 0x400915c9:0x3ffbbb10 0x40097181:0x3ffbbb30 0x400915bf:0x3ffbbba0 0x400d7466:0x3ffbbbd0 0x400d7585:0x3ffbbc30 0x4015a237:0x3ffbbc50 0x40092071:0x3ffbbc80




ELF file SHA256: 98965d957

Rebooting...
ets Jun  8 2016 00:22:57

rst:0xc (SW_CPU_RESET),boot:0x13 (SPI_FAST_FLASH_BOOT)
configsip: 0, SPIWP:0xee
clk_drv:0x00,q_drv:0x00,d_drv:0x00,cs0_drv:0x00,hd_drv:0x00,wp_drv:0x00
mode:DIO, clock div:2
load:0x3fff0030,len:7172
load:0x40078000,len:15532
load:0x40080400,len:4
load:0x40080404,len:3904
entry 0x40080640
[0;32mI (29) boot: ESP-IDF v5.2 2nd stage bootloader[0m
[0;32mI (29) boot: compile time Apr  8 2024 18:18:03[0m
[0;32mI (29) boot: Multicore bootloader[0m
[0;32mI (33) boot: chip revision: v1.0[0m
[0;32mI (37) boot.esp32: SPI Speed      : 40MHz[0m
[0;32mI (42) boot.esp32: SPI Mode       : DIO[0m
[0;32mI (46) boot.esp32: SPI Flash Size : 2MB[0m
[0;32mI (51) boot: Enabling RNG early entropy source...[0m
[0;32mI (56) boot: Partition Table:[0m
[0;32mI (60) boot: ## Label            Usage          Type ST Offset   Length[0m
[0;32mI (67) boot:  0 nvs              WiFi data        01 02 00009000 00006000[0m
[0;32mI (74) boot:  1 phy_init         RF data          01 01 0000f000 00001000[0m
